
   WARN  Metadata found in doc-comment for method Tests\Feature\ConversationApiTest::it_can_create_a_conversation(). Metadata in doc-comments is deprecated and will no longer be supported in PHPUnit 12. Update your test code to use attributes instead.

   WARN  Metadata found in doc-comment for method Tests\Feature\ConversationApiTest::it_can_list_conversations(). Metadata in doc-comments is deprecated and will no longer be supported in PHPUnit 12. Update your test code to use attributes instead.

   WARN  Metadata found in doc-comment for method Tests\Feature\ConversationApiTest::it_can_show_a_conversation(). Metadata in doc-comments is deprecated and will no longer be supported in PHPUnit 12. Update your test code to use attributes instead.

   WARN  Metadata found in doc-comment for method Tests\Feature\ConversationApiTest::it_can_update_a_conversation(). Metadata in doc-comments is deprecated and will no longer be supported in PHPUnit 12. Update your test code to use attributes instead.

   WARN  Metadata found in doc-comment for method Tests\Feature\ConversationApiTest::it_can_end_a_conversation(). Metadata in doc-comments is deprecated and will no longer be supported in PHPUnit 12. Update your test code to use attributes instead.

   WARN  Metadata found in doc-comment for method Tests\Feature\ConversationApiTest::it_can_add_message_to_conversation(). Metadata in doc-comments is deprecated and will no longer be supported in PHPUnit 12. Update your test code to use attributes instead.

   WARN  Metadata found in doc-comment for method Tests\Feature\ConversationApiTest::it_can_list_conversation_messages(). Metadata in doc-comments is deprecated and will no longer be supported in PHPUnit 12. Update your test code to use attributes instead.

   WARN  Metadata found in doc-comment for method Tests\Feature\ConversationApiTest::it_enforces_tenant_isolation(). Metadata in doc-comments is deprecated and will no longer be supported in PHPUnit 12. Update your test code to use attributes instead.

   WARN  Metadata found in doc-comment for method Tests\Feature\CustomerApiTest::it_can_list_customers(). Metadata in doc-comments is deprecated and will no longer be supported in PHPUnit 12. Update your test code to use attributes instead.

   WARN  Metadata found in doc-comment for method Tests\Feature\CustomerApiTest::it_can_create_a_customer(). Metadata in doc-comments is deprecated and will no longer be supported in PHPUnit 12. Update your test code to use attributes instead.

   WARN  Metadata found in doc-comment for method Tests\Feature\CustomerApiTest::it_validates_required_fields_when_creating_customer(). Metadata in doc-comments is deprecated and will no longer be supported in PHPUnit 12. Update your test code to use attributes instead.

   WARN  Metadata found in doc-comment for method Tests\Feature\CustomerApiTest::it_can_show_a_customer(). Metadata in doc-comments is deprecated and will no longer be supported in PHPUnit 12. Update your test code to use attributes instead.

   WARN  Metadata found in doc-comment for method Tests\Feature\CustomerApiTest::it_can_show_customer_by_slug(). Metadata in doc-comments is deprecated and will no longer be supported in PHPUnit 12. Update your test code to use attributes instead.

   WARN  Metadata found in doc-comment for method Tests\Feature\CustomerApiTest::it_can_update_a_customer(). Metadata in doc-comments is deprecated and will no longer be supported in PHPUnit 12. Update your test code to use attributes instead.

   WARN  Metadata found in doc-comment for method Tests\Feature\CustomerApiTest::it_can_update_business_context(). Metadata in doc-comments is deprecated and will no longer be supported in PHPUnit 12. Update your test code to use attributes instead.

   WARN  Metadata found in doc-comment for method Tests\Feature\CustomerApiTest::it_can_get_ai_context(). Metadata in doc-comments is deprecated and will no longer be supported in PHPUnit 12. Update your test code to use attributes instead.

   WARN  Metadata found in doc-comment for method Tests\Feature\CustomerApiTest::it_can_delete_a_customer(). Metadata in doc-comments is deprecated and will no longer be supported in PHPUnit 12. Update your test code to use attributes instead.

   WARN  Metadata found in doc-comment for method Tests\Feature\CustomerApiTest::it_enforces_tenant_isolation(). Metadata in doc-comments is deprecated and will no longer be supported in PHPUnit 12. Update your test code to use attributes instead.

   PASS  Tests\Unit\ExampleTest
  ✓ that true is true                                                    0.01s  

   FAIL  Tests\Unit\Services\OpenAIServiceTest
  ⨯ can generate embedding
  ⨯ handles api error

   FAIL  Tests\Feature\AIControllerTest
  ⨯ can get ai chat response
  ⨯ can get ai context
  ⨯ can list ai models
  ⨯ chat requires message

   FAIL  Tests\Feature\AdApiTest
  ⨯ can list ads
  ⨯ can generate ad from campaign
  ⨯ can generate ad from content
  ⨯ can list ad templates
  ⨯ can create ad template
  ⨯ can show ad
  ⨯ can update ad

   FAIL  Tests\Feature\ArticleApiTest
  ⨯ can list articles
  ⨯ can create article
  ⨯ can show article
  ⨯ can update article
  ⨯ can delete article
  ⨯ can update article status to published

   FAIL  Tests\Feature\CampaignApiTest
  ⨯ can list campaigns
  ⨯ can show campaign by slug
  ⨯ returns 404 for nonexistent campaign

   FAIL  Tests\Feature\CampaignGenerationApiTest
  ⨯ can generate campaign
  ⨯ can list campaign templates
  ⨯ can get campaign suggestions

   FAIL  Tests\Feature\ContactApiTest
  ⨯ can contact customer
  ⨯ can schedule contact
  ⨯ can get customer contact preferences
  ⨯ can update customer contact preferences

   FAIL  Tests\Feature\ContactSalesTest
  ⨯ contact sales submission success
  ⨯ contact sales validation required fields
  ⨯ contact sales validation invalid email
  ⨯ contact sales validation message too long
  ⨯ contact sales with optional fields
  ⨯ contact sales with campaign context
  ⨯ contact sales with tenant id

   FAIL  Tests\Feature\ContentGenerationApiTest
  ⨯ can list generated content
  ⨯ can generate content
  ⨯ can generate content from campaign
  ⨯ can list content templates
  ⨯ can create content template
  ⨯ can show generated content
  ⨯ can update content status

   FAIL  Tests\Feature\ConversationApiTest
  ⨯ it can create a conversation
  ⨯ it can list conversations
  ⨯ it can show a conversation
  ⨯ it can update a conversation
  ⨯ it can end a conversation
  ⨯ it can add message to conversation
  ⨯ it can list conversation messages
  ⨯ it enforces tenant isolation

   FAIL  Tests\Feature\CrmAdvancedAnalyticsApiTest
  ⨯ can get customer engagement score
  ⨯ can get campaign roi
  ⨯ can get predictive score

   FAIL  Tests\Feature\CrmAnalyticsApiTest
  ⨯ can get interest analytics
  ⨯ can get purchase analytics
  ⨯ can get learning analytics
  ⨯ can get campaign performance

   FAIL  Tests\Feature\CrmDashboardApiTest
  ⨯ can get dashboard analytics

   FAIL  Tests\Feature\CustomerApiTest
  ⨯ it can list customers
  ⨯ it can create a customer
  ⨯ it validates required fields when creating customer
  ⨯ it can show a customer
  ⨯ it can show customer by slug
  ⨯ it can update a customer
  ⨯ it can update business context
  ⨯ it can get ai context
  ⨯ it can delete a customer
  ⨯ it enforces tenant isolation

   FAIL  Tests\Feature\EmailCampaignApiTest
  ⨯ can list email campaigns
  ⨯ can create email campaign
  ⨯ can list email templates
  ⨯ can create email template

   FAIL  Tests\Feature\ExampleTest
  ⨯ the application returns a successful response

   FAIL  Tests\Feature\KnowledgeApiTest
  ⨯ can list knowledge items
  ⨯ can create knowledge item
  ⨯ can show knowledge item
  ⨯ can update knowledge item
  ⨯ can delete knowledge item
  ⨯ can vote on knowledge item
  ⨯ can list faq categories
  ⨯ can create faq category

   FAIL  Tests\Feature\OrderApiTest
  ⨯ can list orders
  ⨯ can show order
  ⨯ can create checkout session
  ⨯ checkout requires valid customer
  ⨯ checkout requires items

   FAIL  Tests\Feature\OutboundCampaignApiTest
  ⨯ can list outbound campaigns
  ⨯ can create outbound campaign
  ⨯ can show outbound campaign
  ⨯ can update outbound campaign
  ⨯ can get campaign recipients
  ⨯ can start campaign
  ⨯ can get campaign analytics

   FAIL  Tests\Feature\PersonalityApiTest
  ⨯ can list personalities
  ⨯ can create personality
  ⨯ can show personality
  ⨯ can assign personality to customer
  ⨯ can get customer personality
  ⨯ can generate personality response

   FAIL  Tests\Feature\PhoneCampaignApiTest
  ⨯ can list phone campaigns
  ⨯ can create phone campaign
  ⨯ can list phone scripts
  ⨯ can create phone script
  ⨯ can update call status

   FAIL  Tests\Feature\PresentationApiTest
  ⨯ can list presentation templates
  ⨯ can show presentation template
  ⨯ can create presentation from template
  ⨯ can show generated presentation
  ⨯ can generate audio for presentation

   FAIL  Tests\Feature\PublishingApiTest
  ⨯ can get publishing dashboard
  ⨯ can get publishing calendar
  ⨯ can get publishing analytics
  ⨯ can publish content

   FAIL  Tests\Feature\SMSCampaignApiTest
  ⨯ can list sms campaigns
  ⨯ can create sms campaign
  ⨯ can list sms templates
  ⨯ can create sms template
  ⨯ can update sms status

   FAIL  Tests\Feature\SearchApiTest
  ⨯ can search knowledge base
  ⨯ can perform hybrid search
  ⨯ search requires query
  ⨯ can perform fulltext search
  ⨯ can get embedding status

   FAIL  Tests\Feature\ServiceApiTest
  ⨯ can list services
  ⨯ can show service
  ⨯ can filter services by category
  ⨯ can filter services by type
  ⨯ can filter active services

   FAIL  Tests\Feature\ServiceCategoryApiTest
  ⨯ can list service categories
  ⨯ can show service category
  ⨯ can list services in category
  ⨯ can create service category
  ⨯ can update service category
  ⨯ can delete service category

   FAIL  Tests\Feature\StripeWebhookTest
  ⨯ can handle payment intent succeeded webhook
  ⨯ can handle invoice payment succeeded webhook
  ⨯ can handle customer subscription created webhook
  ⨯ can handle customer subscription deleted webhook
  ⨯ ignores unknown webhook types

   FAIL  Tests\Feature\SurveyApiTest
  ⨯ can list survey sections
  ⨯ can create survey section
  ⨯ can update survey section
  ⨯ can delete survey section
  ⨯ can list questions for section
  ⨯ can create survey question
  ⨯ can update survey question
  ⨯ can delete survey question

   FAIL  Tests\Feature\TTSApiTest
  ⨯ can generate audio from text
  ⨯ can get generation status
  ⨯ requires text for generation
  ⨯ can list available voices

   FAIL  Tests\Feature\TrainingApiTest
  ⨯ can list training courses
  ⨯ can show training course
  ⨯ can enroll in training course
  ⨯ can get user enrollments
  ────────────────────────────────────────────────────────────────────────────  
   FAILED  Tests\Unit\Services\OpenAIServiceTest > can gener…  QueryException   
  SQLSTATE[HY000]: General error: 1 near "(": syntax error (Connection: sqlite, SQL: create table "knowledge_base" ("id" varchar not null, "tenant_id" varchar not null, "title" text not null, "content" text not null, "category" text, "subcategory" text, "industry_codes" text, "embedding_status" varchar not null default 'pending', "embedding" text, "is_public" tinyint(1) not null default '1', "allowed_agents" text, "source" varchar, "source_url" text, "validation_status" varchar not null default 'unverified', "validated_at" datetime, "validated_by" varchar, "usage_count" integer not null default '0', "helpful_count" integer not null default '0', "not_helpful_count" integer not null default '0', "tags" text, "metadata" text, "created_by" varchar, "created_at" datetime not null default NOW(), "updated_at" datetime not null default NOW(), primary key ("id")))

  at vendor/laravel/framework/src/Illuminate/Database/Connection.php:826
    822▕                     $this->getName(), $query, $this->prepareBindings($bindings), $e
    823▕                 );
    824▕             }
    825▕ 
  ➜ 826▕             throw new QueryException(
    827▕                 $this->getName(), $query, $this->prepareBindings($bindings), $e
    828▕             );
    829▕         }
    830▕     }

      [2m+10 vendor frames [22m
  11  database/migrations/2024_12_01_000002_create_knowledge_base_table.php:16
      [2m+37 vendor frames [22m
  49  tests/Unit/Services/OpenAIServiceTest.php:16

  ────────────────────────────────────────────────────────────────────────────  
   FAILED  Tests\Unit\Services\OpenAIServiceTest > handles a…  QueryException   
  SQLSTATE[HY000]: General error: 1 near "(": syntax error (Connection: sqlite, SQL: create table "knowledge_base" ("id" varchar not null, "tenant_id" varchar not null, "title" text not null, "content" text not null, "category" text, "subcategory" text, "industry_codes" text, "embedding_status" varchar not null default 'pending', "embedding" text, "is_public" tinyint(1) not null default '1', "allowed_agents" text, "source" varchar, "source_url" text, "validation_status" varchar not null default 'unverified', "validated_at" datetime, "validated_by" varchar, "usage_count" integer not null default '0', "helpful_count" integer not null default '0', "not_helpful_count" integer not null default '0', "tags" text, "metadata" text, "created_by" varchar, "created_at" datetime not null default NOW(), "updated_at" datetime not null default NOW(), primary key ("id")))

  at vendor/laravel/framework/src/Illuminate/Database/Connection.php:826
    822▕                     $this->getName(), $query, $this->prepareBindings($bindings), $e
    823▕                 );
    824▕             }
    825▕ 
  ➜ 826▕             throw new QueryException(
    827▕                 $this->getName(), $query, $this->prepareBindings($bindings), $e
    828▕             );
    829▕         }
    830▕     }

      [2m+10 vendor frames [22m
  11  database/migrations/2024_12_01_000002_create_knowledge_base_table.php:16
      [2m+37 vendor frames [22m
  49  tests/Unit/Services/OpenAIServiceTest.php:16

  ────────────────────────────────────────────────────────────────────────────  
   FAILED  Tests\Feature\AIControllerTest > can get ai chat…   QueryException   
  SQLSTATE[HY000]: General error: 1 near "(": syntax error (Connection: sqlite, SQL: create table "knowledge_base" ("id" varchar not null, "tenant_id" varchar not null, "title" text not null, "content" text not null, "category" text, "subcategory" text, "industry_codes" text, "embedding_status" varchar not null default 'pending', "embedding" text, "is_public" tinyint(1) not null default '1', "allowed_agents" text, "source" varchar, "source_url" text, "validation_status" varchar not null default 'unverified', "validated_at" datetime, "validated_by" varchar, "usage_count" integer not null default '0', "helpful_count" integer not null default '0', "not_helpful_count" integer not null default '0', "tags" text, "metadata" text, "created_by" varchar, "created_at" datetime not null default NOW(), "updated_at" datetime not null default NOW(), primary key ("id")))

  at vendor/laravel/framework/src/Illuminate/Database/Connection.php:826
    822▕                     $this->getName(), $query, $this->prepareBindings($bindings), $e
    823▕                 );
    824▕             }
    825▕ 
  ➜ 826▕             throw new QueryException(
    827▕                 $this->getName(), $query, $this->prepareBindings($bindings), $e
    828▕             );
    829▕         }
    830▕     }

      [2m+10 vendor frames [22m
  11  database/migrations/2024_12_01_000002_create_knowledge_base_table.php:16

  ────────────────────────────────────────────────────────────────────────────  
   FAILED  Tests\Feature\AIControllerTest > can get ai conte…  QueryException   
  SQLSTATE[HY000]: General error: 1 near "(": syntax error (Connection: sqlite, SQL: create table "knowledge_base" ("id" varchar not null, "tenant_id" varchar not null, "title" text not null, "content" text not null, "category" text, "subcategory" text, "industry_codes" text, "embedding_status" varchar not null default 'pending', "embedding" text, "is_public" tinyint(1) not null default '1', "allowed_agents" text, "source" varchar, "source_url" text, "validation_status" varchar not null default 'unverified', "validated_at" datetime, "validated_by" varchar, "usage_count" integer not null default '0', "helpful_count" integer not null default '0', "not_helpful_count" integer not null default '0', "tags" text, "metadata" text, "created_by" varchar, "created_at" datetime not null default NOW(), "updated_at" datetime not null default NOW(), primary key ("id")))

  at vendor/laravel/framework/src/Illuminate/Database/Connection.php:826
    822▕                     $this->getName(), $query, $this->prepareBindings($bindings), $e
    823▕                 );
    824▕             }
    825▕ 
  ➜ 826▕             throw new QueryException(
    827▕                 $this->getName(), $query, $this->prepareBindings($bindings), $e
    828▕             );
    829▕         }
    830▕     }

      [2m+10 vendor frames [22m
  11  database/migrations/2024_12_01_000002_create_knowledge_base_table.php:16

  ────────────────────────────────────────────────────────────────────────────  
   FAILED  Tests\Feature\AIControllerTest > can list ai mode…  QueryException   
  SQLSTATE[HY000]: General error: 1 near "(": syntax error (Connection: sqlite, SQL: create table "knowledge_base" ("id" varchar not null, "tenant_id" varchar not null, "title" text not null, "content" text not null, "category" text, "subcategory" text, "industry_codes" text, "embedding_status" varchar not null default 'pending', "embedding" text, "is_public" tinyint(1) not null default '1', "allowed_agents" text, "source" varchar, "source_url" text, "validation_status" varchar not null default 'unverified', "validated_at" datetime, "validated_by" varchar, "usage_count" integer not null default '0', "helpful_count" integer not null default '0', "not_helpful_count" integer not null default '0', "tags" text, "metadata" text, "created_by" varchar, "created_at" datetime not null default NOW(), "updated_at" datetime not null default NOW(), primary key ("id")))

  at vendor/laravel/framework/src/Illuminate/Database/Connection.php:826
    822▕                     $this->getName(), $query, $this->prepareBindings($bindings), $e
    823▕                 );
    824▕             }
    825▕ 
  ➜ 826▕             throw new QueryException(
    827▕                 $this->getName(), $query, $this->prepareBindings($bindings), $e
    828▕             );
    829▕         }
    830▕     }

      [2m+10 vendor frames [22m
  11  database/migrations/2024_12_01_000002_create_knowledge_base_table.php:16

  ────────────────────────────────────────────────────────────────────────────  
   FAILED  Tests\Feature\AIControllerTest > chat requires me…  QueryException   
  SQLSTATE[HY000]: General error: 1 near "(": syntax error (Connection: sqlite, SQL: create table "knowledge_base" ("id" varchar not null, "tenant_id" varchar not null, "title" text not null, "content" text not null, "category" text, "subcategory" text, "industry_codes" text, "embedding_status" varchar not null default 'pending', "embedding" text, "is_public" tinyint(1) not null default '1', "allowed_agents" text, "source" varchar, "source_url" text, "validation_status" varchar not null default 'unverified', "validated_at" datetime, "validated_by" varchar, "usage_count" integer not null default '0', "helpful_count" integer not null default '0', "not_helpful_count" integer not null default '0', "tags" text, "metadata" text, "created_by" varchar, "created_at" datetime not null default NOW(), "updated_at" datetime not null default NOW(), primary key ("id")))

  at vendor/laravel/framework/src/Illuminate/Database/Connection.php:826
    822▕                     $this->getName(), $query, $this->prepareBindings($bindings), $e
    823▕                 );
    824▕             }
    825▕ 
  ➜ 826▕             throw new QueryException(
    827▕                 $this->getName(), $query, $this->prepareBindings($bindings), $e
    828▕             );
    829▕         }
    830▕     }

      [2m+10 vendor frames [22m
  11  database/migrations/2024_12_01_000002_create_knowledge_base_table.php:16

  ────────────────────────────────────────────────────────────────────────────  
   FAILED  Tests\Feature\AdApiTest > can list ads              QueryException   
  SQLSTATE[HY000]: General error: 1 near "(": syntax error (Connection: sqlite, SQL: create table "knowledge_base" ("id" varchar not null, "tenant_id" varchar not null, "title" text not null, "content" text not null, "category" text, "subcategory" text, "industry_codes" text, "embedding_status" varchar not null default 'pending', "embedding" text, "is_public" tinyint(1) not null default '1', "allowed_agents" text, "source" varchar, "source_url" text, "validation_status" varchar not null default 'unverified', "validated_at" datetime, "validated_by" varchar, "usage_count" integer not null default '0', "helpful_count" integer not null default '0', "not_helpful_count" integer not null default '0', "tags" text, "metadata" text, "created_by" varchar, "created_at" datetime not null default NOW(), "updated_at" datetime not null default NOW(), primary key ("id")))

  at vendor/laravel/framework/src/Illuminate/Database/Connection.php:826
    822▕                     $this->getName(), $query, $this->prepareBindings($bindings), $e
    823▕                 );
    824▕             }
    825▕ 
  ➜ 826▕             throw new QueryException(
    827▕                 $this->getName(), $query, $this->prepareBindings($bindings), $e
    828▕             );
    829▕         }
    830▕     }

      [2m+10 vendor frames [22m
  11  database/migrations/2024_12_01_000002_create_knowledge_base_table.php:16

  ────────────────────────────────────────────────────────────────────────────  
   FAILED  Tests\Feature\AdApiTest > can generate ad from ca…  QueryException   
  SQLSTATE[HY000]: General error: 1 near "(": syntax error (Connection: sqlite, SQL: create table "knowledge_base" ("id" varchar not null, "tenant_id" varchar not null, "title" text not null, "content" text not null, "category" text, "subcategory" text, "industry_codes" text, "embedding_status" varchar not null default 'pending', "embedding" text, "is_public" tinyint(1) not null default '1', "allowed_agents" text, "source" varchar, "source_url" text, "validation_status" varchar not null default 'unverified', "validated_at" datetime, "validated_by" varchar, "usage_count" integer not null default '0', "helpful_count" integer not null default '0', "not_helpful_count" integer not null default '0', "tags" text, "metadata" text, "created_by" varchar, "created_at" datetime not null default NOW(), "updated_at" datetime not null default NOW(), primary key ("id")))

  at vendor/laravel/framework/src/Illuminate/Database/Connection.php:826
    822▕                     $this->getName(), $query, $this->prepareBindings($bindings), $e
    823▕                 );
    824▕             }
    825▕ 
  ➜ 826▕             throw new QueryException(
    827▕                 $this->getName(), $query, $this->prepareBindings($bindings), $e
    828▕             );
    829▕         }
    830▕     }

      [2m+10 vendor frames [22m
  11  database/migrations/2024_12_01_000002_create_knowledge_base_table.php:16

  ────────────────────────────────────────────────────────────────────────────  
   FAILED  Tests\Feature\AdApiTest > can generate ad from co…  QueryException   
  SQLSTATE[HY000]: General error: 1 near "(": syntax error (Connection: sqlite, SQL: create table "knowledge_base" ("id" varchar not null, "tenant_id" varchar not null, "title" text not null, "content" text not null, "category" text, "subcategory" text, "industry_codes" text, "embedding_status" varchar not null default 'pending', "embedding" text, "is_public" tinyint(1) not null default '1', "allowed_agents" text, "source" varchar, "source_url" text, "validation_status" varchar not null default 'unverified', "validated_at" datetime, "validated_by" varchar, "usage_count" integer not null default '0', "helpful_count" integer not null default '0', "not_helpful_count" integer not null default '0', "tags" text, "metadata" text, "created_by" varchar, "created_at" datetime not null default NOW(), "updated_at" datetime not null default NOW(), primary key ("id")))

  at vendor/laravel/framework/src/Illuminate/Database/Connection.php:826
    822▕                     $this->getName(), $query, $this->prepareBindings($bindings), $e
    823▕                 );
    824▕             }
    825▕ 
  ➜ 826▕             throw new QueryException(
    827▕                 $this->getName(), $query, $this->prepareBindings($bindings), $e
    828▕             );
    829▕         }
    830▕     }

      [2m+10 vendor frames [22m
  11  database/migrations/2024_12_01_000002_create_knowledge_base_table.php:16

  ────────────────────────────────────────────────────────────────────────────  
   FAILED  Tests\Feature\AdApiTest > can list ad templates     QueryException   
  SQLSTATE[HY000]: General error: 1 near "(": syntax error (Connection: sqlite, SQL: create table "knowledge_base" ("id" varchar not null, "tenant_id" varchar not null, "title" text not null, "content" text not null, "category" text, "subcategory" text, "industry_codes" text, "embedding_status" varchar not null default 'pending', "embedding" text, "is_public" tinyint(1) not null default '1', "allowed_agents" text, "source" varchar, "source_url" text, "validation_status" varchar not null default 'unverified', "validated_at" datetime, "validated_by" varchar, "usage_count" integer not null default '0', "helpful_count" integer not null default '0', "not_helpful_count" integer not null default '0', "tags" text, "metadata" text, "created_by" varchar, "created_at" datetime not null default NOW(), "updated_at" datetime not null default NOW(), primary key ("id")))

  at vendor/laravel/framework/src/Illuminate/Database/Connection.php:826
    822▕                     $this->getName(), $query, $this->prepareBindings($bindings), $e
    823▕                 );
    824▕             }
    825▕ 
  ➜ 826▕             throw new QueryException(
    827▕                 $this->getName(), $query, $this->prepareBindings($bindings), $e
    828▕             );
    829▕         }
    830▕     }

      [2m+10 vendor frames [22m
  11  database/migrations/2024_12_01_000002_create_knowledge_base_table.php:16

  ────────────────────────────────────────────────────────────────────────────  
   FAILED  Tests\Feature\AdApiTest > can create ad template    QueryException   
  SQLSTATE[HY000]: General error: 1 near "(": syntax error (Connection: sqlite, SQL: create table "knowledge_base" ("id" varchar not null, "tenant_id" varchar not null, "title" text not null, "content" text not null, "category" text, "subcategory" text, "industry_codes" text, "embedding_status" varchar not null default 'pending', "embedding" text, "is_public" tinyint(1) not null default '1', "allowed_agents" text, "source" varchar, "source_url" text, "validation_status" varchar not null default 'unverified', "validated_at" datetime, "validated_by" varchar, "usage_count" integer not null default '0', "helpful_count" integer not null default '0', "not_helpful_count" integer not null default '0', "tags" text, "metadata" text, "created_by" varchar, "created_at" datetime not null default NOW(), "updated_at" datetime not null default NOW(), primary key ("id")))

  at vendor/laravel/framework/src/Illuminate/Database/Connection.php:826
    822▕                     $this->getName(), $query, $this->prepareBindings($bindings), $e
    823▕                 );
    824▕             }
    825▕ 
  ➜ 826▕             throw new QueryException(
    827▕                 $this->getName(), $query, $this->prepareBindings($bindings), $e
    828▕             );
    829▕         }
    830▕     }

      [2m+10 vendor frames [22m
  11  database/migrations/2024_12_01_000002_create_knowledge_base_table.php:16

  ────────────────────────────────────────────────────────────────────────────  
   FAILED  Tests\Feature\AdApiTest > can show ad               QueryException   
  SQLSTATE[HY000]: General error: 1 near "(": syntax error (Connection: sqlite, SQL: create table "knowledge_base" ("id" varchar not null, "tenant_id" varchar not null, "title" text not null, "content" text not null, "category" text, "subcategory" text, "industry_codes" text, "embedding_status" varchar not null default 'pending', "embedding" text, "is_public" tinyint(1) not null default '1', "allowed_agents" text, "source" varchar, "source_url" text, "validation_status" varchar not null default 'unverified', "validated_at" datetime, "validated_by" varchar, "usage_count" integer not null default '0', "helpful_count" integer not null default '0', "not_helpful_count" integer not null default '0', "tags" text, "metadata" text, "created_by" varchar, "created_at" datetime not null default NOW(), "updated_at" datetime not null default NOW(), primary key ("id")))

  at vendor/laravel/framework/src/Illuminate/Database/Connection.php:826
    822▕                     $this->getName(), $query, $this->prepareBindings($bindings), $e
    823▕                 );
    824▕             }
    825▕ 
  ➜ 826▕             throw new QueryException(
    827▕                 $this->getName(), $query, $this->prepareBindings($bindings), $e
    828▕             );
    829▕         }
    830▕     }

      [2m+10 vendor frames [22m
  11  database/migrations/2024_12_01_000002_create_knowledge_base_table.php:16

  ────────────────────────────────────────────────────────────────────────────  
   FAILED  Tests\Feature\AdApiTest > can update ad             QueryException   
  SQLSTATE[HY000]: General error: 1 near "(": syntax error (Connection: sqlite, SQL: create table "knowledge_base" ("id" varchar not null, "tenant_id" varchar not null, "title" text not null, "content" text not null, "category" text, "subcategory" text, "industry_codes" text, "embedding_status" varchar not null default 'pending', "embedding" text, "is_public" tinyint(1) not null default '1', "allowed_agents" text, "source" varchar, "source_url" text, "validation_status" varchar not null default 'unverified', "validated_at" datetime, "validated_by" varchar, "usage_count" integer not null default '0', "helpful_count" integer not null default '0', "not_helpful_count" integer not null default '0', "tags" text, "metadata" text, "created_by" varchar, "created_at" datetime not null default NOW(), "updated_at" datetime not null default NOW(), primary key ("id")))

  at vendor/laravel/framework/src/Illuminate/Database/Connection.php:826
    822▕                     $this->getName(), $query, $this->prepareBindings($bindings), $e
    823▕                 );
    824▕             }
    825▕ 
  ➜ 826▕             throw new QueryException(
    827▕                 $this->getName(), $query, $this->prepareBindings($bindings), $e
    828▕             );
    829▕         }
    830▕     }

      [2m+10 vendor frames [22m
  11  database/migrations/2024_12_01_000002_create_knowledge_base_table.php:16

  ────────────────────────────────────────────────────────────────────────────  
   FAILED  Tests\Feature\ArticleApiTest > can list articles    QueryException   
  SQLSTATE[HY000]: General error: 1 near "(": syntax error (Connection: sqlite, SQL: create table "knowledge_base" ("id" varchar not null, "tenant_id" varchar not null, "title" text not null, "content" text not null, "category" text, "subcategory" text, "industry_codes" text, "embedding_status" varchar not null default 'pending', "embedding" text, "is_public" tinyint(1) not null default '1', "allowed_agents" text, "source" varchar, "source_url" text, "validation_status" varchar not null default 'unverified', "validated_at" datetime, "validated_by" varchar, "usage_count" integer not null default '0', "helpful_count" integer not null default '0', "not_helpful_count" integer not null default '0', "tags" text, "metadata" text, "created_by" varchar, "created_at" datetime not null default NOW(), "updated_at" datetime not null default NOW(), primary key ("id")))

  at vendor/laravel/framework/src/Illuminate/Database/Connection.php:826
    822▕                     $this->getName(), $query, $this->prepareBindings($bindings), $e
    823▕                 );
    824▕             }
    825▕ 
  ➜ 826▕             throw new QueryException(
    827▕                 $this->getName(), $query, $this->prepareBindings($bindings), $e
    828▕             );
    829▕         }
    830▕     }

      [2m+10 vendor frames [22m
  11  database/migrations/2024_12_01_000002_create_knowledge_base_table.php:16

  ────────────────────────────────────────────────────────────────────────────  
   FAILED  Tests\Feature\ArticleApiTest > can create article   QueryException   
  SQLSTATE[HY000]: General error: 1 near "(": syntax error (Connection: sqlite, SQL: create table "knowledge_base" ("id" varchar not null, "tenant_id" varchar not null, "title" text not null, "content" text not null, "category" text, "subcategory" text, "industry_codes" text, "embedding_status" varchar not null default 'pending', "embedding" text, "is_public" tinyint(1) not null default '1', "allowed_agents" text, "source" varchar, "source_url" text, "validation_status" varchar not null default 'unverified', "validated_at" datetime, "validated_by" varchar, "usage_count" integer not null default '0', "helpful_count" integer not null default '0', "not_helpful_count" integer not null default '0', "tags" text, "metadata" text, "created_by" varchar, "created_at" datetime not null default NOW(), "updated_at" datetime not null default NOW(), primary key ("id")))

  at vendor/laravel/framework/src/Illuminate/Database/Connection.php:826
    822▕                     $this->getName(), $query, $this->prepareBindings($bindings), $e
    823▕                 );
    824▕             }
    825▕ 
  ➜ 826▕             throw new QueryException(
    827▕                 $this->getName(), $query, $this->prepareBindings($bindings), $e
    828▕             );
    829▕         }
    830▕     }

      [2m+10 vendor frames [22m
  11  database/migrations/2024_12_01_000002_create_knowledge_base_table.php:16

  ────────────────────────────────────────────────────────────────────────────  
   FAILED  Tests\Feature\ArticleApiTest > can show article     QueryException   
  SQLSTATE[HY000]: General error: 1 near "(": syntax error (Connection: sqlite, SQL: create table "knowledge_base" ("id" varchar not null, "tenant_id" varchar not null, "title" text not null, "content" text not null, "category" text, "subcategory" text, "industry_codes" text, "embedding_status" varchar not null default 'pending', "embedding" text, "is_public" tinyint(1) not null default '1', "allowed_agents" text, "source" varchar, "source_url" text, "validation_status" varchar not null default 'unverified', "validated_at" datetime, "validated_by" varchar, "usage_count" integer not null default '0', "helpful_count" integer not null default '0', "not_helpful_count" integer not null default '0', "tags" text, "metadata" text, "created_by" varchar, "created_at" datetime not null default NOW(), "updated_at" datetime not null default NOW(), primary key ("id")))

  at vendor/laravel/framework/src/Illuminate/Database/Connection.php:826
    822▕                     $this->getName(), $query, $this->prepareBindings($bindings), $e
    823▕                 );
    824▕             }
    825▕ 
  ➜ 826▕             throw new QueryException(
    827▕                 $this->getName(), $query, $this->prepareBindings($bindings), $e
    828▕             );
    829▕         }
    830▕     }

      [2m+10 vendor frames [22m
  11  database/migrations/2024_12_01_000002_create_knowledge_base_table.php:16

  ────────────────────────────────────────────────────────────────────────────  
   FAILED  Tests\Feature\ArticleApiTest > can update article   QueryException   
  SQLSTATE[HY000]: General error: 1 near "(": syntax error (Connection: sqlite, SQL: create table "knowledge_base" ("id" varchar not null, "tenant_id" varchar not null, "title" text not null, "content" text not null, "category" text, "subcategory" text, "industry_codes" text, "embedding_status" varchar not null default 'pending', "embedding" text, "is_public" tinyint(1) not null default '1', "allowed_agents" text, "source" varchar, "source_url" text, "validation_status" varchar not null default 'unverified', "validated_at" datetime, "validated_by" varchar, "usage_count" integer not null default '0', "helpful_count" integer not null default '0', "not_helpful_count" integer not null default '0', "tags" text, "metadata" text, "created_by" varchar, "created_at" datetime not null default NOW(), "updated_at" datetime not null default NOW(), primary key ("id")))

  at vendor/laravel/framework/src/Illuminate/Database/Connection.php:826
    822▕                     $this->getName(), $query, $this->prepareBindings($bindings), $e
    823▕                 );
    824▕             }
    825▕ 
  ➜ 826▕             throw new QueryException(
    827▕                 $this->getName(), $query, $this->prepareBindings($bindings), $e
    828▕             );
    829▕         }
    830▕     }

      [2m+10 vendor frames [22m
  11  database/migrations/2024_12_01_000002_create_knowledge_base_table.php:16

  ────────────────────────────────────────────────────────────────────────────  
   FAILED  Tests\Feature\ArticleApiTest > can delete article   QueryException   
  SQLSTATE[HY000]: General error: 1 near "(": syntax error (Connection: sqlite, SQL: create table "knowledge_base" ("id" varchar not null, "tenant_id" varchar not null, "title" text not null, "content" text not null, "category" text, "subcategory" text, "industry_codes" text, "embedding_status" varchar not null default 'pending', "embedding" text, "is_public" tinyint(1) not null default '1', "allowed_agents" text, "source" varchar, "source_url" text, "validation_status" varchar not null default 'unverified', "validated_at" datetime, "validated_by" varchar, "usage_count" integer not null default '0', "helpful_count" integer not null default '0', "not_helpful_count" integer not null default '0', "tags" text, "metadata" text, "created_by" varchar, "created_at" datetime not null default NOW(), "updated_at" datetime not null default NOW(), primary key ("id")))

  at vendor/laravel/framework/src/Illuminate/Database/Connection.php:826
    822▕                     $this->getName(), $query, $this->prepareBindings($bindings), $e
    823▕                 );
    824▕             }
    825▕ 
  ➜ 826▕             throw new QueryException(
    827▕                 $this->getName(), $query, $this->prepareBindings($bindings), $e
    828▕             );
    829▕         }
    830▕     }

      [2m+10 vendor frames [22m
  11  database/migrations/2024_12_01_000002_create_knowledge_base_table.php:16

  ────────────────────────────────────────────────────────────────────────────  
   FAILED  Tests\Feature\ArticleApiTest > can update article…  QueryException   
  SQLSTATE[HY000]: General error: 1 near "(": syntax error (Connection: sqlite, SQL: create table "knowledge_base" ("id" varchar not null, "tenant_id" varchar not null, "title" text not null, "content" text not null, "category" text, "subcategory" text, "industry_codes" text, "embedding_status" varchar not null default 'pending', "embedding" text, "is_public" tinyint(1) not null default '1', "allowed_agents" text, "source" varchar, "source_url" text, "validation_status" varchar not null default 'unverified', "validated_at" datetime, "validated_by" varchar, "usage_count" integer not null default '0', "helpful_count" integer not null default '0', "not_helpful_count" integer not null default '0', "tags" text, "metadata" text, "created_by" varchar, "created_at" datetime not null default NOW(), "updated_at" datetime not null default NOW(), primary key ("id")))

  at vendor/laravel/framework/src/Illuminate/Database/Connection.php:826
    822▕                     $this->getName(), $query, $this->prepareBindings($bindings), $e
    823▕                 );
    824▕             }
    825▕ 
  ➜ 826▕             throw new QueryException(
    827▕                 $this->getName(), $query, $this->prepareBindings($bindings), $e
    828▕             );
    829▕         }
    830▕     }

      [2m+10 vendor frames [22m
  11  database/migrations/2024_12_01_000002_create_knowledge_base_table.php:16

  ────────────────────────────────────────────────────────────────────────────  
   FAILED  Tests\Feature\CampaignApiTest > can list campaign…  QueryException   
  SQLSTATE[HY000]: General error: 1 near "(": syntax error (Connection: sqlite, SQL: create table "knowledge_base" ("id" varchar not null, "tenant_id" varchar not null, "title" text not null, "content" text not null, "category" text, "subcategory" text, "industry_codes" text, "embedding_status" varchar not null default 'pending', "embedding" text, "is_public" tinyint(1) not null default '1', "allowed_agents" text, "source" varchar, "source_url" text, "validation_status" varchar not null default 'unverified', "validated_at" datetime, "validated_by" varchar, "usage_count" integer not null default '0', "helpful_count" integer not null default '0', "not_helpful_count" integer not null default '0', "tags" text, "metadata" text, "created_by" varchar, "created_at" datetime not null default NOW(), "updated_at" datetime not null default NOW(), primary key ("id")))

  at vendor/laravel/framework/src/Illuminate/Database/Connection.php:826
    822▕                     $this->getName(), $query, $this->prepareBindings($bindings), $e
    823▕                 );
    824▕             }
    825▕ 
  ➜ 826▕             throw new QueryException(
    827▕                 $this->getName(), $query, $this->prepareBindings($bindings), $e
    828▕             );
    829▕         }
    830▕     }

      [2m+10 vendor frames [22m
  11  database/migrations/2024_12_01_000002_create_knowledge_base_table.php:16

  ────────────────────────────────────────────────────────────────────────────  
   FAILED  Tests\Feature\CampaignApiTest > can show campaign…  QueryException   
  SQLSTATE[HY000]: General error: 1 near "(": syntax error (Connection: sqlite, SQL: create table "knowledge_base" ("id" varchar not null, "tenant_id" varchar not null, "title" text not null, "content" text not null, "category" text, "subcategory" text, "industry_codes" text, "embedding_status" varchar not null default 'pending', "embedding" text, "is_public" tinyint(1) not null default '1', "allowed_agents" text, "source" varchar, "source_url" text, "validation_status" varchar not null default 'unverified', "validated_at" datetime, "validated_by" varchar, "usage_count" integer not null default '0', "helpful_count" integer not null default '0', "not_helpful_count" integer not null default '0', "tags" text, "metadata" text, "created_by" varchar, "created_at" datetime not null default NOW(), "updated_at" datetime not null default NOW(), primary key ("id")))

  at vendor/laravel/framework/src/Illuminate/Database/Connection.php:826
    822▕                     $this->getName(), $query, $this->prepareBindings($bindings), $e
    823▕                 );
    824▕             }
    825▕ 
  ➜ 826▕             throw new QueryException(
    827▕                 $this->getName(), $query, $this->prepareBindings($bindings), $e
    828▕             );
    829▕         }
    830▕     }

      [2m+10 vendor frames [22m
  11  database/migrations/2024_12_01_000002_create_knowledge_base_table.php:16

  ────────────────────────────────────────────────────────────────────────────  
   FAILED  Tests\Feature\CampaignApiTest > returns 404 for n…  QueryException   
  SQLSTATE[HY000]: General error: 1 near "(": syntax error (Connection: sqlite, SQL: create table "knowledge_base" ("id" varchar not null, "tenant_id" varchar not null, "title" text not null, "content" text not null, "category" text, "subcategory" text, "industry_codes" text, "embedding_status" varchar not null default 'pending', "embedding" text, "is_public" tinyint(1) not null default '1', "allowed_agents" text, "source" varchar, "source_url" text, "validation_status" varchar not null default 'unverified', "validated_at" datetime, "validated_by" varchar, "usage_count" integer not null default '0', "helpful_count" integer not null default '0', "not_helpful_count" integer not null default '0', "tags" text, "metadata" text, "created_by" varchar, "created_at" datetime not null default NOW(), "updated_at" datetime not null default NOW(), primary key ("id")))

  at vendor/laravel/framework/src/Illuminate/Database/Connection.php:826
    822▕                     $this->getName(), $query, $this->prepareBindings($bindings), $e
    823▕                 );
    824▕             }
    825▕ 
  ➜ 826▕             throw new QueryException(
    827▕                 $this->getName(), $query, $this->prepareBindings($bindings), $e
    828▕             );
    829▕         }
    830▕     }

      [2m+10 vendor frames [22m
  11  database/migrations/2024_12_01_000002_create_knowledge_base_table.php:16

  ────────────────────────────────────────────────────────────────────────────  
   FAILED  Tests\Feature\CampaignGenerationApiTest > can gen…  QueryException   
  SQLSTATE[HY000]: General error: 1 near "(": syntax error (Connection: sqlite, SQL: create table "knowledge_base" ("id" varchar not null, "tenant_id" varchar not null, "title" text not null, "content" text not null, "category" text, "subcategory" text, "industry_codes" text, "embedding_status" varchar not null default 'pending', "embedding" text, "is_public" tinyint(1) not null default '1', "allowed_agents" text, "source" varchar, "source_url" text, "validation_status" varchar not null default 'unverified', "validated_at" datetime, "validated_by" varchar, "usage_count" integer not null default '0', "helpful_count" integer not null default '0', "not_helpful_count" integer not null default '0', "tags" text, "metadata" text, "created_by" varchar, "created_at" datetime not null default NOW(), "updated_at" datetime not null default NOW(), primary key ("id")))

  at vendor/laravel/framework/src/Illuminate/Database/Connection.php:826
    822▕                     $this->getName(), $query, $this->prepareBindings($bindings), $e
    823▕                 );
    824▕             }
    825▕ 
  ➜ 826▕             throw new QueryException(
    827▕                 $this->getName(), $query, $this->prepareBindings($bindings), $e
    828▕             );
    829▕         }
    830▕     }

      [2m+10 vendor frames [22m
  11  database/migrations/2024_12_01_000002_create_knowledge_base_table.php:16

  ────────────────────────────────────────────────────────────────────────────  
   FAILED  Tests\Feature\CampaignGenerationApiTest > can lis…  QueryException   
  SQLSTATE[HY000]: General error: 1 near "(": syntax error (Connection: sqlite, SQL: create table "knowledge_base" ("id" varchar not null, "tenant_id" varchar not null, "title" text not null, "content" text not null, "category" text, "subcategory" text, "industry_codes" text, "embedding_status" varchar not null default 'pending', "embedding" text, "is_public" tinyint(1) not null default '1', "allowed_agents" text, "source" varchar, "source_url" text, "validation_status" varchar not null default 'unverified', "validated_at" datetime, "validated_by" varchar, "usage_count" integer not null default '0', "helpful_count" integer not null default '0', "not_helpful_count" integer not null default '0', "tags" text, "metadata" text, "created_by" varchar, "created_at" datetime not null default NOW(), "updated_at" datetime not null default NOW(), primary key ("id")))

  at vendor/laravel/framework/src/Illuminate/Database/Connection.php:826
    822▕                     $this->getName(), $query, $this->prepareBindings($bindings), $e
    823▕                 );
    824▕             }
    825▕ 
  ➜ 826▕             throw new QueryException(
    827▕                 $this->getName(), $query, $this->prepareBindings($bindings), $e
    828▕             );
    829▕         }
    830▕     }

      [2m+10 vendor frames [22m
  11  database/migrations/2024_12_01_000002_create_knowledge_base_table.php:16

  ────────────────────────────────────────────────────────────────────────────  
   FAILED  Tests\Feature\CampaignGenerationApiTest > can get…  QueryException   
  SQLSTATE[HY000]: General error: 1 near "(": syntax error (Connection: sqlite, SQL: create table "knowledge_base" ("id" varchar not null, "tenant_id" varchar not null, "title" text not null, "content" text not null, "category" text, "subcategory" text, "industry_codes" text, "embedding_status" varchar not null default 'pending', "embedding" text, "is_public" tinyint(1) not null default '1', "allowed_agents" text, "source" varchar, "source_url" text, "validation_status" varchar not null default 'unverified', "validated_at" datetime, "validated_by" varchar, "usage_count" integer not null default '0', "helpful_count" integer not null default '0', "not_helpful_count" integer not null default '0', "tags" text, "metadata" text, "created_by" varchar, "created_at" datetime not null default NOW(), "updated_at" datetime not null default NOW(), primary key ("id")))

  at vendor/laravel/framework/src/Illuminate/Database/Connection.php:826
    822▕                     $this->getName(), $query, $this->prepareBindings($bindings), $e
    823▕                 );
    824▕             }
    825▕ 
  ➜ 826▕             throw new QueryException(
    827▕                 $this->getName(), $query, $this->prepareBindings($bindings), $e
    828▕             );
    829▕         }
    830▕     }

      [2m+10 vendor frames [22m
  11  database/migrations/2024_12_01_000002_create_knowledge_base_table.php:16

  ────────────────────────────────────────────────────────────────────────────  
   FAILED  Tests\Feature\ContactApiTest > can contact custom…  QueryException   
  SQLSTATE[HY000]: General error: 1 near "(": syntax error (Connection: sqlite, SQL: create table "knowledge_base" ("id" varchar not null, "tenant_id" varchar not null, "title" text not null, "content" text not null, "category" text, "subcategory" text, "industry_codes" text, "embedding_status" varchar not null default 'pending', "embedding" text, "is_public" tinyint(1) not null default '1', "allowed_agents" text, "source" varchar, "source_url" text, "validation_status" varchar not null default 'unverified', "validated_at" datetime, "validated_by" varchar, "usage_count" integer not null default '0', "helpful_count" integer not null default '0', "not_helpful_count" integer not null default '0', "tags" text, "metadata" text, "created_by" varchar, "created_at" datetime not null default NOW(), "updated_at" datetime not null default NOW(), primary key ("id")))

  at vendor/laravel/framework/src/Illuminate/Database/Connection.php:826
    822▕                     $this->getName(), $query, $this->prepareBindings($bindings), $e
    823▕                 );
    824▕             }
    825▕ 
  ➜ 826▕             throw new QueryException(
    827▕                 $this->getName(), $query, $this->prepareBindings($bindings), $e
    828▕             );
    829▕         }
    830▕     }

      [2m+10 vendor frames [22m
  11  database/migrations/2024_12_01_000002_create_knowledge_base_table.php:16

  ────────────────────────────────────────────────────────────────────────────  
   FAILED  Tests\Feature\ContactApiTest > can schedule conta…  QueryException   
  SQLSTATE[HY000]: General error: 1 near "(": syntax error (Connection: sqlite, SQL: create table "knowledge_base" ("id" varchar not null, "tenant_id" varchar not null, "title" text not null, "content" text not null, "category" text, "subcategory" text, "industry_codes" text, "embedding_status" varchar not null default 'pending', "embedding" text, "is_public" tinyint(1) not null default '1', "allowed_agents" text, "source" varchar, "source_url" text, "validation_status" varchar not null default 'unverified', "validated_at" datetime, "validated_by" varchar, "usage_count" integer not null default '0', "helpful_count" integer not null default '0', "not_helpful_count" integer not null default '0', "tags" text, "metadata" text, "created_by" varchar, "created_at" datetime not null default NOW(), "updated_at" datetime not null default NOW(), primary key ("id")))

  at vendor/laravel/framework/src/Illuminate/Database/Connection.php:826
    822▕                     $this->getName(), $query, $this->prepareBindings($bindings), $e
    823▕                 );
    824▕             }
    825▕ 
  ➜ 826▕             throw new QueryException(
    827▕                 $this->getName(), $query, $this->prepareBindings($bindings), $e
    828▕             );
    829▕         }
    830▕     }

      [2m+10 vendor frames [22m
  11  database/migrations/2024_12_01_000002_create_knowledge_base_table.php:16

  ────────────────────────────────────────────────────────────────────────────  
   FAILED  Tests\Feature\ContactApiTest > can get customer c…  QueryException   
  SQLSTATE[HY000]: General error: 1 near "(": syntax error (Connection: sqlite, SQL: create table "knowledge_base" ("id" varchar not null, "tenant_id" varchar not null, "title" text not null, "content" text not null, "category" text, "subcategory" text, "industry_codes" text, "embedding_status" varchar not null default 'pending', "embedding" text, "is_public" tinyint(1) not null default '1', "allowed_agents" text, "source" varchar, "source_url" text, "validation_status" varchar not null default 'unverified', "validated_at" datetime, "validated_by" varchar, "usage_count" integer not null default '0', "helpful_count" integer not null default '0', "not_helpful_count" integer not null default '0', "tags" text, "metadata" text, "created_by" varchar, "created_at" datetime not null default NOW(), "updated_at" datetime not null default NOW(), primary key ("id")))

  at vendor/laravel/framework/src/Illuminate/Database/Connection.php:826
    822▕                     $this->getName(), $query, $this->prepareBindings($bindings), $e
    823▕                 );
    824▕             }
    825▕ 
  ➜ 826▕             throw new QueryException(
    827▕                 $this->getName(), $query, $this->prepareBindings($bindings), $e
    828▕             );
    829▕         }
    830▕     }

      [2m+10 vendor frames [22m
  11  database/migrations/2024_12_01_000002_create_knowledge_base_table.php:16

  ────────────────────────────────────────────────────────────────────────────  
   FAILED  Tests\Feature\ContactApiTest > can update custome…  QueryException   
  SQLSTATE[HY000]: General error: 1 near "(": syntax error (Connection: sqlite, SQL: create table "knowledge_base" ("id" varchar not null, "tenant_id" varchar not null, "title" text not null, "content" text not null, "category" text, "subcategory" text, "industry_codes" text, "embedding_status" varchar not null default 'pending', "embedding" text, "is_public" tinyint(1) not null default '1', "allowed_agents" text, "source" varchar, "source_url" text, "validation_status" varchar not null default 'unverified', "validated_at" datetime, "validated_by" varchar, "usage_count" integer not null default '0', "helpful_count" integer not null default '0', "not_helpful_count" integer not null default '0', "tags" text, "metadata" text, "created_by" varchar, "created_at" datetime not null default NOW(), "updated_at" datetime not null default NOW(), primary key ("id")))

  at vendor/laravel/framework/src/Illuminate/Database/Connection.php:826
    822▕                     $this->getName(), $query, $this->prepareBindings($bindings), $e
    823▕                 );
    824▕             }
    825▕ 
  ➜ 826▕             throw new QueryException(
    827▕                 $this->getName(), $query, $this->prepareBindings($bindings), $e
    828▕             );
    829▕         }
    830▕     }

      [2m+10 vendor frames [22m
  11  database/migrations/2024_12_01_000002_create_knowledge_base_table.php:16

  ────────────────────────────────────────────────────────────────────────────  
   FAILED  Tests\Feature\ContactSalesTest > contact sales su…  QueryException   
  SQLSTATE[HY000]: General error: 1 near "(": syntax error (Connection: sqlite, SQL: create table "knowledge_base" ("id" varchar not null, "tenant_id" varchar not null, "title" text not null, "content" text not null, "category" text, "subcategory" text, "industry_codes" text, "embedding_status" varchar not null default 'pending', "embedding" text, "is_public" tinyint(1) not null default '1', "allowed_agents" text, "source" varchar, "source_url" text, "validation_status" varchar not null default 'unverified', "validated_at" datetime, "validated_by" varchar, "usage_count" integer not null default '0', "helpful_count" integer not null default '0', "not_helpful_count" integer not null default '0', "tags" text, "metadata" text, "created_by" varchar, "created_at" datetime not null default NOW(), "updated_at" datetime not null default NOW(), primary key ("id")))

  at vendor/laravel/framework/src/Illuminate/Database/Connection.php:826
    822▕                     $this->getName(), $query, $this->prepareBindings($bindings), $e
    823▕                 );
    824▕             }
    825▕ 
  ➜ 826▕             throw new QueryException(
    827▕                 $this->getName(), $query, $this->prepareBindings($bindings), $e
    828▕             );
    829▕         }
    830▕     }

      [2m+10 vendor frames [22m
  11  database/migrations/2024_12_01_000002_create_knowledge_base_table.php:16

  ────────────────────────────────────────────────────────────────────────────  
   FAILED  Tests\Feature\ContactSalesTest > contact sales va…  QueryException   
  SQLSTATE[HY000]: General error: 1 near "(": syntax error (Connection: sqlite, SQL: create table "knowledge_base" ("id" varchar not null, "tenant_id" varchar not null, "title" text not null, "content" text not null, "category" text, "subcategory" text, "industry_codes" text, "embedding_status" varchar not null default 'pending', "embedding" text, "is_public" tinyint(1) not null default '1', "allowed_agents" text, "source" varchar, "source_url" text, "validation_status" varchar not null default 'unverified', "validated_at" datetime, "validated_by" varchar, "usage_count" integer not null default '0', "helpful_count" integer not null default '0', "not_helpful_count" integer not null default '0', "tags" text, "metadata" text, "created_by" varchar, "created_at" datetime not null default NOW(), "updated_at" datetime not null default NOW(), primary key ("id")))

  at vendor/laravel/framework/src/Illuminate/Database/Connection.php:826
    822▕                     $this->getName(), $query, $this->prepareBindings($bindings), $e
    823▕                 );
    824▕             }
    825▕ 
  ➜ 826▕             throw new QueryException(
    827▕                 $this->getName(), $query, $this->prepareBindings($bindings), $e
    828▕             );
    829▕         }
    830▕     }

      [2m+10 vendor frames [22m
  11  database/migrations/2024_12_01_000002_create_knowledge_base_table.php:16

  ────────────────────────────────────────────────────────────────────────────  
   FAILED  Tests\Feature\ContactSalesTest > contact sales va…  QueryException   
  SQLSTATE[HY000]: General error: 1 near "(": syntax error (Connection: sqlite, SQL: create table "knowledge_base" ("id" varchar not null, "tenant_id" varchar not null, "title" text not null, "content" text not null, "category" text, "subcategory" text, "industry_codes" text, "embedding_status" varchar not null default 'pending', "embedding" text, "is_public" tinyint(1) not null default '1', "allowed_agents" text, "source" varchar, "source_url" text, "validation_status" varchar not null default 'unverified', "validated_at" datetime, "validated_by" varchar, "usage_count" integer not null default '0', "helpful_count" integer not null default '0', "not_helpful_count" integer not null default '0', "tags" text, "metadata" text, "created_by" varchar, "created_at" datetime not null default NOW(), "updated_at" datetime not null default NOW(), primary key ("id")))

  at vendor/laravel/framework/src/Illuminate/Database/Connection.php:826
    822▕                     $this->getName(), $query, $this->prepareBindings($bindings), $e
    823▕                 );
    824▕             }
    825▕ 
  ➜ 826▕             throw new QueryException(
    827▕                 $this->getName(), $query, $this->prepareBindings($bindings), $e
    828▕             );
    829▕         }
    830▕     }

      [2m+10 vendor frames [22m
  11  database/migrations/2024_12_01_000002_create_knowledge_base_table.php:16

  ────────────────────────────────────────────────────────────────────────────  
   FAILED  Tests\Feature\ContactSalesTest > contact sales va…  QueryException   
  SQLSTATE[HY000]: General error: 1 near "(": syntax error (Connection: sqlite, SQL: create table "knowledge_base" ("id" varchar not null, "tenant_id" varchar not null, "title" text not null, "content" text not null, "category" text, "subcategory" text, "industry_codes" text, "embedding_status" varchar not null default 'pending', "embedding" text, "is_public" tinyint(1) not null default '1', "allowed_agents" text, "source" varchar, "source_url" text, "validation_status" varchar not null default 'unverified', "validated_at" datetime, "validated_by" varchar, "usage_count" integer not null default '0', "helpful_count" integer not null default '0', "not_helpful_count" integer not null default '0', "tags" text, "metadata" text, "created_by" varchar, "created_at" datetime not null default NOW(), "updated_at" datetime not null default NOW(), primary key ("id")))

  at vendor/laravel/framework/src/Illuminate/Database/Connection.php:826
    822▕                     $this->getName(), $query, $this->prepareBindings($bindings), $e
    823▕                 );
    824▕             }
    825▕ 
  ➜ 826▕             throw new QueryException(
    827▕                 $this->getName(), $query, $this->prepareBindings($bindings), $e
    828▕             );
    829▕         }
    830▕     }

      [2m+10 vendor frames [22m
  11  database/migrations/2024_12_01_000002_create_knowledge_base_table.php:16

  ────────────────────────────────────────────────────────────────────────────  
   FAILED  Tests\Feature\ContactSalesTest > contact sales wi…  QueryException   
  SQLSTATE[HY000]: General error: 1 near "(": syntax error (Connection: sqlite, SQL: create table "knowledge_base" ("id" varchar not null, "tenant_id" varchar not null, "title" text not null, "content" text not null, "category" text, "subcategory" text, "industry_codes" text, "embedding_status" varchar not null default 'pending', "embedding" text, "is_public" tinyint(1) not null default '1', "allowed_agents" text, "source" varchar, "source_url" text, "validation_status" varchar not null default 'unverified', "validated_at" datetime, "validated_by" varchar, "usage_count" integer not null default '0', "helpful_count" integer not null default '0', "not_helpful_count" integer not null default '0', "tags" text, "metadata" text, "created_by" varchar, "created_at" datetime not null default NOW(), "updated_at" datetime not null default NOW(), primary key ("id")))

  at vendor/laravel/framework/src/Illuminate/Database/Connection.php:826
    822▕                     $this->getName(), $query, $this->prepareBindings($bindings), $e
    823▕                 );
    824▕             }
    825▕ 
  ➜ 826▕             throw new QueryException(
    827▕                 $this->getName(), $query, $this->prepareBindings($bindings), $e
    828▕             );
    829▕         }
    830▕     }

      [2m+10 vendor frames [22m
  11  database/migrations/2024_12_01_000002_create_knowledge_base_table.php:16

  ────────────────────────────────────────────────────────────────────────────  
   FAILED  Tests\Feature\ContactSalesTest > contact sales wi…  QueryException   
  SQLSTATE[HY000]: General error: 1 near "(": syntax error (Connection: sqlite, SQL: create table "knowledge_base" ("id" varchar not null, "tenant_id" varchar not null, "title" text not null, "content" text not null, "category" text, "subcategory" text, "industry_codes" text, "embedding_status" varchar not null default 'pending', "embedding" text, "is_public" tinyint(1) not null default '1', "allowed_agents" text, "source" varchar, "source_url" text, "validation_status" varchar not null default 'unverified', "validated_at" datetime, "validated_by" varchar, "usage_count" integer not null default '0', "helpful_count" integer not null default '0', "not_helpful_count" integer not null default '0', "tags" text, "metadata" text, "created_by" varchar, "created_at" datetime not null default NOW(), "updated_at" datetime not null default NOW(), primary key ("id")))

  at vendor/laravel/framework/src/Illuminate/Database/Connection.php:826
    822▕                     $this->getName(), $query, $this->prepareBindings($bindings), $e
    823▕                 );
    824▕             }
    825▕ 
  ➜ 826▕             throw new QueryException(
    827▕                 $this->getName(), $query, $this->prepareBindings($bindings), $e
    828▕             );
    829▕         }
    830▕     }

      [2m+10 vendor frames [22m
  11  database/migrations/2024_12_01_000002_create_knowledge_base_table.php:16

  ────────────────────────────────────────────────────────────────────────────  
   FAILED  Tests\Feature\ContactSalesTest > contact sales wi…  QueryException   
  SQLSTATE[HY000]: General error: 1 near "(": syntax error (Connection: sqlite, SQL: create table "knowledge_base" ("id" varchar not null, "tenant_id" varchar not null, "title" text not null, "content" text not null, "category" text, "subcategory" text, "industry_codes" text, "embedding_status" varchar not null default 'pending', "embedding" text, "is_public" tinyint(1) not null default '1', "allowed_agents" text, "source" varchar, "source_url" text, "validation_status" varchar not null default 'unverified', "validated_at" datetime, "validated_by" varchar, "usage_count" integer not null default '0', "helpful_count" integer not null default '0', "not_helpful_count" integer not null default '0', "tags" text, "metadata" text, "created_by" varchar, "created_at" datetime not null default NOW(), "updated_at" datetime not null default NOW(), primary key ("id")))

  at vendor/laravel/framework/src/Illuminate/Database/Connection.php:826
    822▕                     $this->getName(), $query, $this->prepareBindings($bindings), $e
    823▕                 );
    824▕             }
    825▕ 
  ➜ 826▕             throw new QueryException(
    827▕                 $this->getName(), $query, $this->prepareBindings($bindings), $e
    828▕             );
    829▕         }
    830▕     }

      [2m+10 vendor frames [22m
  11  database/migrations/2024_12_01_000002_create_knowledge_base_table.php:16

  ────────────────────────────────────────────────────────────────────────────  
   FAILED  Tests\Feature\ContentGenerationApiTest > can list…  QueryException   
  SQLSTATE[HY000]: General error: 1 near "(": syntax error (Connection: sqlite, SQL: create table "knowledge_base" ("id" varchar not null, "tenant_id" varchar not null, "title" text not null, "content" text not null, "category" text, "subcategory" text, "industry_codes" text, "embedding_status" varchar not null default 'pending', "embedding" text, "is_public" tinyint(1) not null default '1', "allowed_agents" text, "source" varchar, "source_url" text, "validation_status" varchar not null default 'unverified', "validated_at" datetime, "validated_by" varchar, "usage_count" integer not null default '0', "helpful_count" integer not null default '0', "not_helpful_count" integer not null default '0', "tags" text, "metadata" text, "created_by" varchar, "created_at" datetime not null default NOW(), "updated_at" datetime not null default NOW(), primary key ("id")))

  at vendor/laravel/framework/src/Illuminate/Database/Connection.php:826
    822▕                     $this->getName(), $query, $this->prepareBindings($bindings), $e
    823▕                 );
    824▕             }
    825▕ 
  ➜ 826▕             throw new QueryException(
    827▕                 $this->getName(), $query, $this->prepareBindings($bindings), $e
    828▕             );
    829▕         }
    830▕     }

      [2m+10 vendor frames [22m
  11  database/migrations/2024_12_01_000002_create_knowledge_base_table.php:16

  ────────────────────────────────────────────────────────────────────────────  
   FAILED  Tests\Feature\ContentGenerationApiTest > can gene…  QueryException   
  SQLSTATE[HY000]: General error: 1 near "(": syntax error (Connection: sqlite, SQL: create table "knowledge_base" ("id" varchar not null, "tenant_id" varchar not null, "title" text not null, "content" text not null, "category" text, "subcategory" text, "industry_codes" text, "embedding_status" varchar not null default 'pending', "embedding" text, "is_public" tinyint(1) not null default '1', "allowed_agents" text, "source" varchar, "source_url" text, "validation_status" varchar not null default 'unverified', "validated_at" datetime, "validated_by" varchar, "usage_count" integer not null default '0', "helpful_count" integer not null default '0', "not_helpful_count" integer not null default '0', "tags" text, "metadata" text, "created_by" varchar, "created_at" datetime not null default NOW(), "updated_at" datetime not null default NOW(), primary key ("id")))

  at vendor/laravel/framework/src/Illuminate/Database/Connection.php:826
    822▕                     $this->getName(), $query, $this->prepareBindings($bindings), $e
    823▕                 );
    824▕             }
    825▕ 
  ➜ 826▕             throw new QueryException(
    827▕                 $this->getName(), $query, $this->prepareBindings($bindings), $e
    828▕             );
    829▕         }
    830▕     }

      [2m+10 vendor frames [22m
  11  database/migrations/2024_12_01_000002_create_knowledge_base_table.php:16

  ────────────────────────────────────────────────────────────────────────────  
   FAILED  Tests\Feature\ContentGenerationApiTest > can gene…  QueryException   
  SQLSTATE[HY000]: General error: 1 near "(": syntax error (Connection: sqlite, SQL: create table "knowledge_base" ("id" varchar not null, "tenant_id" varchar not null, "title" text not null, "content" text not null, "category" text, "subcategory" text, "industry_codes" text, "embedding_status" varchar not null default 'pending', "embedding" text, "is_public" tinyint(1) not null default '1', "allowed_agents" text, "source" varchar, "source_url" text, "validation_status" varchar not null default 'unverified', "validated_at" datetime, "validated_by" varchar, "usage_count" integer not null default '0', "helpful_count" integer not null default '0', "not_helpful_count" integer not null default '0', "tags" text, "metadata" text, "created_by" varchar, "created_at" datetime not null default NOW(), "updated_at" datetime not null default NOW(), primary key ("id")))

  at vendor/laravel/framework/src/Illuminate/Database/Connection.php:826
    822▕                     $this->getName(), $query, $this->prepareBindings($bindings), $e
    823▕                 );
    824▕             }
    825▕ 
  ➜ 826▕             throw new QueryException(
    827▕                 $this->getName(), $query, $this->prepareBindings($bindings), $e
    828▕             );
    829▕         }
    830▕     }

      [2m+10 vendor frames [22m
  11  database/migrations/2024_12_01_000002_create_knowledge_base_table.php:16

  ────────────────────────────────────────────────────────────────────────────  
   FAILED  Tests\Feature\ContentGenerationApiTest > can list…  QueryException   
  SQLSTATE[HY000]: General error: 1 near "(": syntax error (Connection: sqlite, SQL: create table "knowledge_base" ("id" varchar not null, "tenant_id" varchar not null, "title" text not null, "content" text not null, "category" text, "subcategory" text, "industry_codes" text, "embedding_status" varchar not null default 'pending', "embedding" text, "is_public" tinyint(1) not null default '1', "allowed_agents" text, "source" varchar, "source_url" text, "validation_status" varchar not null default 'unverified', "validated_at" datetime, "validated_by" varchar, "usage_count" integer not null default '0', "helpful_count" integer not null default '0', "not_helpful_count" integer not null default '0', "tags" text, "metadata" text, "created_by" varchar, "created_at" datetime not null default NOW(), "updated_at" datetime not null default NOW(), primary key ("id")))

  at vendor/laravel/framework/src/Illuminate/Database/Connection.php:826
    822▕                     $this->getName(), $query, $this->prepareBindings($bindings), $e
    823▕                 );
    824▕             }
    825▕ 
  ➜ 826▕             throw new QueryException(
    827▕                 $this->getName(), $query, $this->prepareBindings($bindings), $e
    828▕             );
    829▕         }
    830▕     }

      [2m+10 vendor frames [22m
  11  database/migrations/2024_12_01_000002_create_knowledge_base_table.php:16

  ────────────────────────────────────────────────────────────────────────────  
   FAILED  Tests\Feature\ContentGenerationApiTest > can crea…  QueryException   
  SQLSTATE[HY000]: General error: 1 near "(": syntax error (Connection: sqlite, SQL: create table "knowledge_base" ("id" varchar not null, "tenant_id" varchar not null, "title" text not null, "content" text not null, "category" text, "subcategory" text, "industry_codes" text, "embedding_status" varchar not null default 'pending', "embedding" text, "is_public" tinyint(1) not null default '1', "allowed_agents" text, "source" varchar, "source_url" text, "validation_status" varchar not null default 'unverified', "validated_at" datetime, "validated_by" varchar, "usage_count" integer not null default '0', "helpful_count" integer not null default '0', "not_helpful_count" integer not null default '0', "tags" text, "metadata" text, "created_by" varchar, "created_at" datetime not null default NOW(), "updated_at" datetime not null default NOW(), primary key ("id")))

  at vendor/laravel/framework/src/Illuminate/Database/Connection.php:826
    822▕                     $this->getName(), $query, $this->prepareBindings($bindings), $e
    823▕                 );
    824▕             }
    825▕ 
  ➜ 826▕             throw new QueryException(
    827▕                 $this->getName(), $query, $this->prepareBindings($bindings), $e
    828▕             );
    829▕         }
    830▕     }

      [2m+10 vendor frames [22m
  11  database/migrations/2024_12_01_000002_create_knowledge_base_table.php:16

  ────────────────────────────────────────────────────────────────────────────  
   FAILED  Tests\Feature\ContentGenerationApiTest > can show…  QueryException   
  SQLSTATE[HY000]: General error: 1 near "(": syntax error (Connection: sqlite, SQL: create table "knowledge_base" ("id" varchar not null, "tenant_id" varchar not null, "title" text not null, "content" text not null, "category" text, "subcategory" text, "industry_codes" text, "embedding_status" varchar not null default 'pending', "embedding" text, "is_public" tinyint(1) not null default '1', "allowed_agents" text, "source" varchar, "source_url" text, "validation_status" varchar not null default 'unverified', "validated_at" datetime, "validated_by" varchar, "usage_count" integer not null default '0', "helpful_count" integer not null default '0', "not_helpful_count" integer not null default '0', "tags" text, "metadata" text, "created_by" varchar, "created_at" datetime not null default NOW(), "updated_at" datetime not null default NOW(), primary key ("id")))

  at vendor/laravel/framework/src/Illuminate/Database/Connection.php:826
    822▕                     $this->getName(), $query, $this->prepareBindings($bindings), $e
    823▕                 );
    824▕             }
    825▕ 
  ➜ 826▕             throw new QueryException(
    827▕                 $this->getName(), $query, $this->prepareBindings($bindings), $e
    828▕             );
    829▕         }
    830▕     }

      [2m+10 vendor frames [22m
  11  database/migrations/2024_12_01_000002_create_knowledge_base_table.php:16

  ────────────────────────────────────────────────────────────────────────────  
   FAILED  Tests\Feature\ContentGenerationApiTest > can upda…  QueryException   
  SQLSTATE[HY000]: General error: 1 near "(": syntax error (Connection: sqlite, SQL: create table "knowledge_base" ("id" varchar not null, "tenant_id" varchar not null, "title" text not null, "content" text not null, "category" text, "subcategory" text, "industry_codes" text, "embedding_status" varchar not null default 'pending', "embedding" text, "is_public" tinyint(1) not null default '1', "allowed_agents" text, "source" varchar, "source_url" text, "validation_status" varchar not null default 'unverified', "validated_at" datetime, "validated_by" varchar, "usage_count" integer not null default '0', "helpful_count" integer not null default '0', "not_helpful_count" integer not null default '0', "tags" text, "metadata" text, "created_by" varchar, "created_at" datetime not null default NOW(), "updated_at" datetime not null default NOW(), primary key ("id")))

  at vendor/laravel/framework/src/Illuminate/Database/Connection.php:826
    822▕                     $this->getName(), $query, $this->prepareBindings($bindings), $e
    823▕                 );
    824▕             }
    825▕ 
  ➜ 826▕             throw new QueryException(
    827▕                 $this->getName(), $query, $this->prepareBindings($bindings), $e
    828▕             );
    829▕         }
    830▕     }

      [2m+10 vendor frames [22m
  11  database/migrations/2024_12_01_000002_create_knowledge_base_table.php:16

  ────────────────────────────────────────────────────────────────────────────  
   FAILED  Tests\Feature\ConversationApiTest > it can create…  QueryException   
  SQLSTATE[HY000]: General error: 1 near "(": syntax error (Connection: sqlite, SQL: create table "knowledge_base" ("id" varchar not null, "tenant_id" varchar not null, "title" text not null, "content" text not null, "category" text, "subcategory" text, "industry_codes" text, "embedding_status" varchar not null default 'pending', "embedding" text, "is_public" tinyint(1) not null default '1', "allowed_agents" text, "source" varchar, "source_url" text, "validation_status" varchar not null default 'unverified', "validated_at" datetime, "validated_by" varchar, "usage_count" integer not null default '0', "helpful_count" integer not null default '0', "not_helpful_count" integer not null default '0', "tags" text, "metadata" text, "created_by" varchar, "created_at" datetime not null default NOW(), "updated_at" datetime not null default NOW(), primary key ("id")))

  at vendor/laravel/framework/src/Illuminate/Database/Connection.php:826
    822▕                     $this->getName(), $query, $this->prepareBindings($bindings), $e
    823▕                 );
    824▕             }
    825▕ 
  ➜ 826▕             throw new QueryException(
    827▕                 $this->getName(), $query, $this->prepareBindings($bindings), $e
    828▕             );
    829▕         }
    830▕     }

      [2m+10 vendor frames [22m
  11  database/migrations/2024_12_01_000002_create_knowledge_base_table.php:16
      [2m+37 vendor frames [22m
  49  tests/Feature/ConversationApiTest.php:21

  ────────────────────────────────────────────────────────────────────────────  
   FAILED  Tests\Feature\ConversationApiTest > it can list c…  QueryException   
  SQLSTATE[HY000]: General error: 1 near "(": syntax error (Connection: sqlite, SQL: create table "knowledge_base" ("id" varchar not null, "tenant_id" varchar not null, "title" text not null, "content" text not null, "category" text, "subcategory" text, "industry_codes" text, "embedding_status" varchar not null default 'pending', "embedding" text, "is_public" tinyint(1) not null default '1', "allowed_agents" text, "source" varchar, "source_url" text, "validation_status" varchar not null default 'unverified', "validated_at" datetime, "validated_by" varchar, "usage_count" integer not null default '0', "helpful_count" integer not null default '0', "not_helpful_count" integer not null default '0', "tags" text, "metadata" text, "created_by" varchar, "created_at" datetime not null default NOW(), "updated_at" datetime not null default NOW(), primary key ("id")))

  at vendor/laravel/framework/src/Illuminate/Database/Connection.php:826
    822▕                     $this->getName(), $query, $this->prepareBindings($bindings), $e
    823▕                 );
    824▕             }
    825▕ 
  ➜ 826▕             throw new QueryException(
    827▕                 $this->getName(), $query, $this->prepareBindings($bindings), $e
    828▕             );
    829▕         }
    830▕     }

      [2m+10 vendor frames [22m
  11  database/migrations/2024_12_01_000002_create_knowledge_base_table.php:16
      [2m+37 vendor frames [22m
  49  tests/Feature/ConversationApiTest.php:21

  ────────────────────────────────────────────────────────────────────────────  
   FAILED  Tests\Feature\ConversationApiTest > it can show a…  QueryException   
  SQLSTATE[HY000]: General error: 1 near "(": syntax error (Connection: sqlite, SQL: create table "knowledge_base" ("id" varchar not null, "tenant_id" varchar not null, "title" text not null, "content" text not null, "category" text, "subcategory" text, "industry_codes" text, "embedding_status" varchar not null default 'pending', "embedding" text, "is_public" tinyint(1) not null default '1', "allowed_agents" text, "source" varchar, "source_url" text, "validation_status" varchar not null default 'unverified', "validated_at" datetime, "validated_by" varchar, "usage_count" integer not null default '0', "helpful_count" integer not null default '0', "not_helpful_count" integer not null default '0', "tags" text, "metadata" text, "created_by" varchar, "created_at" datetime not null default NOW(), "updated_at" datetime not null default NOW(), primary key ("id")))

  at vendor/laravel/framework/src/Illuminate/Database/Connection.php:826
    822▕                     $this->getName(), $query, $this->prepareBindings($bindings), $e
    823▕                 );
    824▕             }
    825▕ 
  ➜ 826▕             throw new QueryException(
    827▕                 $this->getName(), $query, $this->prepareBindings($bindings), $e
    828▕             );
    829▕         }
    830▕     }

      [2m+10 vendor frames [22m
  11  database/migrations/2024_12_01_000002_create_knowledge_base_table.php:16
      [2m+37 vendor frames [22m
  49  tests/Feature/ConversationApiTest.php:21

  ────────────────────────────────────────────────────────────────────────────  
   FAILED  Tests\Feature\ConversationApiTest > it can update…  QueryException   
  SQLSTATE[HY000]: General error: 1 near "(": syntax error (Connection: sqlite, SQL: create table "knowledge_base" ("id" varchar not null, "tenant_id" varchar not null, "title" text not null, "content" text not null, "category" text, "subcategory" text, "industry_codes" text, "embedding_status" varchar not null default 'pending', "embedding" text, "is_public" tinyint(1) not null default '1', "allowed_agents" text, "source" varchar, "source_url" text, "validation_status" varchar not null default 'unverified', "validated_at" datetime, "validated_by" varchar, "usage_count" integer not null default '0', "helpful_count" integer not null default '0', "not_helpful_count" integer not null default '0', "tags" text, "metadata" text, "created_by" varchar, "created_at" datetime not null default NOW(), "updated_at" datetime not null default NOW(), primary key ("id")))

  at vendor/laravel/framework/src/Illuminate/Database/Connection.php:826
    822▕                     $this->getName(), $query, $this->prepareBindings($bindings), $e
    823▕                 );
    824▕             }
    825▕ 
  ➜ 826▕             throw new QueryException(
    827▕                 $this->getName(), $query, $this->prepareBindings($bindings), $e
    828▕             );
    829▕         }
    830▕     }

      [2m+10 vendor frames [22m
  11  database/migrations/2024_12_01_000002_create_knowledge_base_table.php:16
      [2m+37 vendor frames [22m
  49  tests/Feature/ConversationApiTest.php:21

  ────────────────────────────────────────────────────────────────────────────  
   FAILED  Tests\Feature\ConversationApiTest > it can end a…   QueryException   
  SQLSTATE[HY000]: General error: 1 near "(": syntax error (Connection: sqlite, SQL: create table "knowledge_base" ("id" varchar not null, "tenant_id" varchar not null, "title" text not null, "content" text not null, "category" text, "subcategory" text, "industry_codes" text, "embedding_status" varchar not null default 'pending', "embedding" text, "is_public" tinyint(1) not null default '1', "allowed_agents" text, "source" varchar, "source_url" text, "validation_status" varchar not null default 'unverified', "validated_at" datetime, "validated_by" varchar, "usage_count" integer not null default '0', "helpful_count" integer not null default '0', "not_helpful_count" integer not null default '0', "tags" text, "metadata" text, "created_by" varchar, "created_at" datetime not null default NOW(), "updated_at" datetime not null default NOW(), primary key ("id")))

  at vendor/laravel/framework/src/Illuminate/Database/Connection.php:826
    822▕                     $this->getName(), $query, $this->prepareBindings($bindings), $e
    823▕                 );
    824▕             }
    825▕ 
  ➜ 826▕             throw new QueryException(
    827▕                 $this->getName(), $query, $this->prepareBindings($bindings), $e
    828▕             );
    829▕         }
    830▕     }

      [2m+10 vendor frames [22m
  11  database/migrations/2024_12_01_000002_create_knowledge_base_table.php:16
      [2m+37 vendor frames [22m
  49  tests/Feature/ConversationApiTest.php:21

  ────────────────────────────────────────────────────────────────────────────  
   FAILED  Tests\Feature\ConversationApiTest > it can add me…  QueryException   
  SQLSTATE[HY000]: General error: 1 near "(": syntax error (Connection: sqlite, SQL: create table "knowledge_base" ("id" varchar not null, "tenant_id" varchar not null, "title" text not null, "content" text not null, "category" text, "subcategory" text, "industry_codes" text, "embedding_status" varchar not null default 'pending', "embedding" text, "is_public" tinyint(1) not null default '1', "allowed_agents" text, "source" varchar, "source_url" text, "validation_status" varchar not null default 'unverified', "validated_at" datetime, "validated_by" varchar, "usage_count" integer not null default '0', "helpful_count" integer not null default '0', "not_helpful_count" integer not null default '0', "tags" text, "metadata" text, "created_by" varchar, "created_at" datetime not null default NOW(), "updated_at" datetime not null default NOW(), primary key ("id")))

  at vendor/laravel/framework/src/Illuminate/Database/Connection.php:826
    822▕                     $this->getName(), $query, $this->prepareBindings($bindings), $e
    823▕                 );
    824▕             }
    825▕ 
  ➜ 826▕             throw new QueryException(
    827▕                 $this->getName(), $query, $this->prepareBindings($bindings), $e
    828▕             );
    829▕         }
    830▕     }

      [2m+10 vendor frames [22m
  11  database/migrations/2024_12_01_000002_create_knowledge_base_table.php:16
      [2m+37 vendor frames [22m
  49  tests/Feature/ConversationApiTest.php:21

  ────────────────────────────────────────────────────────────────────────────  
   FAILED  Tests\Feature\ConversationApiTest > it can list c…  QueryException   
  SQLSTATE[HY000]: General error: 1 near "(": syntax error (Connection: sqlite, SQL: create table "knowledge_base" ("id" varchar not null, "tenant_id" varchar not null, "title" text not null, "content" text not null, "category" text, "subcategory" text, "industry_codes" text, "embedding_status" varchar not null default 'pending', "embedding" text, "is_public" tinyint(1) not null default '1', "allowed_agents" text, "source" varchar, "source_url" text, "validation_status" varchar not null default 'unverified', "validated_at" datetime, "validated_by" varchar, "usage_count" integer not null default '0', "helpful_count" integer not null default '0', "not_helpful_count" integer not null default '0', "tags" text, "metadata" text, "created_by" varchar, "created_at" datetime not null default NOW(), "updated_at" datetime not null default NOW(), primary key ("id")))

  at vendor/laravel/framework/src/Illuminate/Database/Connection.php:826
    822▕                     $this->getName(), $query, $this->prepareBindings($bindings), $e
    823▕                 );
    824▕             }
    825▕ 
  ➜ 826▕             throw new QueryException(
    827▕                 $this->getName(), $query, $this->prepareBindings($bindings), $e
    828▕             );
    829▕         }
    830▕     }

      [2m+10 vendor frames [22m
  11  database/migrations/2024_12_01_000002_create_knowledge_base_table.php:16
      [2m+37 vendor frames [22m
  49  tests/Feature/ConversationApiTest.php:21

  ────────────────────────────────────────────────────────────────────────────  
   FAILED  Tests\Feature\ConversationApiTest > it enforces t…  QueryException   
  SQLSTATE[HY000]: General error: 1 near "(": syntax error (Connection: sqlite, SQL: create table "knowledge_base" ("id" varchar not null, "tenant_id" varchar not null, "title" text not null, "content" text not null, "category" text, "subcategory" text, "industry_codes" text, "embedding_status" varchar not null default 'pending', "embedding" text, "is_public" tinyint(1) not null default '1', "allowed_agents" text, "source" varchar, "source_url" text, "validation_status" varchar not null default 'unverified', "validated_at" datetime, "validated_by" varchar, "usage_count" integer not null default '0', "helpful_count" integer not null default '0', "not_helpful_count" integer not null default '0', "tags" text, "metadata" text, "created_by" varchar, "created_at" datetime not null default NOW(), "updated_at" datetime not null default NOW(), primary key ("id")))

  at vendor/laravel/framework/src/Illuminate/Database/Connection.php:826
    822▕                     $this->getName(), $query, $this->prepareBindings($bindings), $e
    823▕                 );
    824▕             }
    825▕ 
  ➜ 826▕             throw new QueryException(
    827▕                 $this->getName(), $query, $this->prepareBindings($bindings), $e
    828▕             );
    829▕         }
    830▕     }

      [2m+10 vendor frames [22m
  11  database/migrations/2024_12_01_000002_create_knowledge_base_table.php:16
      [2m+37 vendor frames [22m
  49  tests/Feature/ConversationApiTest.php:21

  ────────────────────────────────────────────────────────────────────────────  
   FAILED  Tests\Feature\CrmAdvancedAnalyticsApiTest > can g…  QueryException   
  SQLSTATE[HY000]: General error: 1 near "(": syntax error (Connection: sqlite, SQL: create table "knowledge_base" ("id" varchar not null, "tenant_id" varchar not null, "title" text not null, "content" text not null, "category" text, "subcategory" text, "industry_codes" text, "embedding_status" varchar not null default 'pending', "embedding" text, "is_public" tinyint(1) not null default '1', "allowed_agents" text, "source" varchar, "source_url" text, "validation_status" varchar not null default 'unverified', "validated_at" datetime, "validated_by" varchar, "usage_count" integer not null default '0', "helpful_count" integer not null default '0', "not_helpful_count" integer not null default '0', "tags" text, "metadata" text, "created_by" varchar, "created_at" datetime not null default NOW(), "updated_at" datetime not null default NOW(), primary key ("id")))

  at vendor/laravel/framework/src/Illuminate/Database/Connection.php:826
    822▕                     $this->getName(), $query, $this->prepareBindings($bindings), $e
    823▕                 );
    824▕             }
    825▕ 
  ➜ 826▕             throw new QueryException(
    827▕                 $this->getName(), $query, $this->prepareBindings($bindings), $e
    828▕             );
    829▕         }
    830▕     }

      [2m+10 vendor frames [22m
  11  database/migrations/2024_12_01_000002_create_knowledge_base_table.php:16

  ────────────────────────────────────────────────────────────────────────────  
   FAILED  Tests\Feature\CrmAdvancedAnalyticsApiTest > can g…  QueryException   
  SQLSTATE[HY000]: General error: 1 near "(": syntax error (Connection: sqlite, SQL: create table "knowledge_base" ("id" varchar not null, "tenant_id" varchar not null, "title" text not null, "content" text not null, "category" text, "subcategory" text, "industry_codes" text, "embedding_status" varchar not null default 'pending', "embedding" text, "is_public" tinyint(1) not null default '1', "allowed_agents" text, "source" varchar, "source_url" text, "validation_status" varchar not null default 'unverified', "validated_at" datetime, "validated_by" varchar, "usage_count" integer not null default '0', "helpful_count" integer not null default '0', "not_helpful_count" integer not null default '0', "tags" text, "metadata" text, "created_by" varchar, "created_at" datetime not null default NOW(), "updated_at" datetime not null default NOW(), primary key ("id")))

  at vendor/laravel/framework/src/Illuminate/Database/Connection.php:826
    822▕                     $this->getName(), $query, $this->prepareBindings($bindings), $e
    823▕                 );
    824▕             }
    825▕ 
  ➜ 826▕             throw new QueryException(
    827▕                 $this->getName(), $query, $this->prepareBindings($bindings), $e
    828▕             );
    829▕         }
    830▕     }

      [2m+10 vendor frames [22m
  11  database/migrations/2024_12_01_000002_create_knowledge_base_table.php:16

  ────────────────────────────────────────────────────────────────────────────  
   FAILED  Tests\Feature\CrmAdvancedAnalyticsApiTest > can g…  QueryException   
  SQLSTATE[HY000]: General error: 1 near "(": syntax error (Connection: sqlite, SQL: create table "knowledge_base" ("id" varchar not null, "tenant_id" varchar not null, "title" text not null, "content" text not null, "category" text, "subcategory" text, "industry_codes" text, "embedding_status" varchar not null default 'pending', "embedding" text, "is_public" tinyint(1) not null default '1', "allowed_agents" text, "source" varchar, "source_url" text, "validation_status" varchar not null default 'unverified', "validated_at" datetime, "validated_by" varchar, "usage_count" integer not null default '0', "helpful_count" integer not null default '0', "not_helpful_count" integer not null default '0', "tags" text, "metadata" text, "created_by" varchar, "created_at" datetime not null default NOW(), "updated_at" datetime not null default NOW(), primary key ("id")))

  at vendor/laravel/framework/src/Illuminate/Database/Connection.php:826
    822▕                     $this->getName(), $query, $this->prepareBindings($bindings), $e
    823▕                 );
    824▕             }
    825▕ 
  ➜ 826▕             throw new QueryException(
    827▕                 $this->getName(), $query, $this->prepareBindings($bindings), $e
    828▕             );
    829▕         }
    830▕     }

      [2m+10 vendor frames [22m
  11  database/migrations/2024_12_01_000002_create_knowledge_base_table.php:16

  ────────────────────────────────────────────────────────────────────────────  
   FAILED  Tests\Feature\CrmAnalyticsApiTest > can get inter…  QueryException   
  SQLSTATE[HY000]: General error: 1 near "(": syntax error (Connection: sqlite, SQL: create table "knowledge_base" ("id" varchar not null, "tenant_id" varchar not null, "title" text not null, "content" text not null, "category" text, "subcategory" text, "industry_codes" text, "embedding_status" varchar not null default 'pending', "embedding" text, "is_public" tinyint(1) not null default '1', "allowed_agents" text, "source" varchar, "source_url" text, "validation_status" varchar not null default 'unverified', "validated_at" datetime, "validated_by" varchar, "usage_count" integer not null default '0', "helpful_count" integer not null default '0', "not_helpful_count" integer not null default '0', "tags" text, "metadata" text, "created_by" varchar, "created_at" datetime not null default NOW(), "updated_at" datetime not null default NOW(), primary key ("id")))

  at vendor/laravel/framework/src/Illuminate/Database/Connection.php:826
    822▕                     $this->getName(), $query, $this->prepareBindings($bindings), $e
    823▕                 );
    824▕             }
    825▕ 
  ➜ 826▕             throw new QueryException(
    827▕                 $this->getName(), $query, $this->prepareBindings($bindings), $e
    828▕             );
    829▕         }
    830▕     }

      [2m+10 vendor frames [22m
  11  database/migrations/2024_12_01_000002_create_knowledge_base_table.php:16

  ────────────────────────────────────────────────────────────────────────────  
   FAILED  Tests\Feature\CrmAnalyticsApiTest > can get purch…  QueryException   
  SQLSTATE[HY000]: General error: 1 near "(": syntax error (Connection: sqlite, SQL: create table "knowledge_base" ("id" varchar not null, "tenant_id" varchar not null, "title" text not null, "content" text not null, "category" text, "subcategory" text, "industry_codes" text, "embedding_status" varchar not null default 'pending', "embedding" text, "is_public" tinyint(1) not null default '1', "allowed_agents" text, "source" varchar, "source_url" text, "validation_status" varchar not null default 'unverified', "validated_at" datetime, "validated_by" varchar, "usage_count" integer not null default '0', "helpful_count" integer not null default '0', "not_helpful_count" integer not null default '0', "tags" text, "metadata" text, "created_by" varchar, "created_at" datetime not null default NOW(), "updated_at" datetime not null default NOW(), primary key ("id")))

  at vendor/laravel/framework/src/Illuminate/Database/Connection.php:826
    822▕                     $this->getName(), $query, $this->prepareBindings($bindings), $e
    823▕                 );
    824▕             }
    825▕ 
  ➜ 826▕             throw new QueryException(
    827▕                 $this->getName(), $query, $this->prepareBindings($bindings), $e
    828▕             );
    829▕         }
    830▕     }

      [2m+10 vendor frames [22m
  11  database/migrations/2024_12_01_000002_create_knowledge_base_table.php:16

  ────────────────────────────────────────────────────────────────────────────  
   FAILED  Tests\Feature\CrmAnalyticsApiTest > can get learn…  QueryException   
  SQLSTATE[HY000]: General error: 1 near "(": syntax error (Connection: sqlite, SQL: create table "knowledge_base" ("id" varchar not null, "tenant_id" varchar not null, "title" text not null, "content" text not null, "category" text, "subcategory" text, "industry_codes" text, "embedding_status" varchar not null default 'pending', "embedding" text, "is_public" tinyint(1) not null default '1', "allowed_agents" text, "source" varchar, "source_url" text, "validation_status" varchar not null default 'unverified', "validated_at" datetime, "validated_by" varchar, "usage_count" integer not null default '0', "helpful_count" integer not null default '0', "not_helpful_count" integer not null default '0', "tags" text, "metadata" text, "created_by" varchar, "created_at" datetime not null default NOW(), "updated_at" datetime not null default NOW(), primary key ("id")))

  at vendor/laravel/framework/src/Illuminate/Database/Connection.php:826
    822▕                     $this->getName(), $query, $this->prepareBindings($bindings), $e
    823▕                 );
    824▕             }
    825▕ 
  ➜ 826▕             throw new QueryException(
    827▕                 $this->getName(), $query, $this->prepareBindings($bindings), $e
    828▕             );
    829▕         }
    830▕     }

      [2m+10 vendor frames [22m
  11  database/migrations/2024_12_01_000002_create_knowledge_base_table.php:16

  ────────────────────────────────────────────────────────────────────────────  
   FAILED  Tests\Feature\CrmAnalyticsApiTest > can get campa…  QueryException   
  SQLSTATE[HY000]: General error: 1 near "(": syntax error (Connection: sqlite, SQL: create table "knowledge_base" ("id" varchar not null, "tenant_id" varchar not null, "title" text not null, "content" text not null, "category" text, "subcategory" text, "industry_codes" text, "embedding_status" varchar not null default 'pending', "embedding" text, "is_public" tinyint(1) not null default '1', "allowed_agents" text, "source" varchar, "source_url" text, "validation_status" varchar not null default 'unverified', "validated_at" datetime, "validated_by" varchar, "usage_count" integer not null default '0', "helpful_count" integer not null default '0', "not_helpful_count" integer not null default '0', "tags" text, "metadata" text, "created_by" varchar, "created_at" datetime not null default NOW(), "updated_at" datetime not null default NOW(), primary key ("id")))

  at vendor/laravel/framework/src/Illuminate/Database/Connection.php:826
    822▕                     $this->getName(), $query, $this->prepareBindings($bindings), $e
    823▕                 );
    824▕             }
    825▕ 
  ➜ 826▕             throw new QueryException(
    827▕                 $this->getName(), $query, $this->prepareBindings($bindings), $e
    828▕             );
    829▕         }
    830▕     }

      [2m+10 vendor frames [22m
  11  database/migrations/2024_12_01_000002_create_knowledge_base_table.php:16

  ────────────────────────────────────────────────────────────────────────────  
   FAILED  Tests\Feature\CrmDashboardApiTest > can get dashb…  QueryException   
  SQLSTATE[HY000]: General error: 1 near "(": syntax error (Connection: sqlite, SQL: create table "knowledge_base" ("id" varchar not null, "tenant_id" varchar not null, "title" text not null, "content" text not null, "category" text, "subcategory" text, "industry_codes" text, "embedding_status" varchar not null default 'pending', "embedding" text, "is_public" tinyint(1) not null default '1', "allowed_agents" text, "source" varchar, "source_url" text, "validation_status" varchar not null default 'unverified', "validated_at" datetime, "validated_by" varchar, "usage_count" integer not null default '0', "helpful_count" integer not null default '0', "not_helpful_count" integer not null default '0', "tags" text, "metadata" text, "created_by" varchar, "created_at" datetime not null default NOW(), "updated_at" datetime not null default NOW(), primary key ("id")))

  at vendor/laravel/framework/src/Illuminate/Database/Connection.php:826
    822▕                     $this->getName(), $query, $this->prepareBindings($bindings), $e
    823▕                 );
    824▕             }
    825▕ 
  ➜ 826▕             throw new QueryException(
    827▕                 $this->getName(), $query, $this->prepareBindings($bindings), $e
    828▕             );
    829▕         }
    830▕     }

      [2m+10 vendor frames [22m
  11  database/migrations/2024_12_01_000002_create_knowledge_base_table.php:16

  ────────────────────────────────────────────────────────────────────────────  
   FAILED  Tests\Feature\CustomerApiTest > it can list custo…  QueryException   
  SQLSTATE[HY000]: General error: 1 near "(": syntax error (Connection: sqlite, SQL: create table "knowledge_base" ("id" varchar not null, "tenant_id" varchar not null, "title" text not null, "content" text not null, "category" text, "subcategory" text, "industry_codes" text, "embedding_status" varchar not null default 'pending', "embedding" text, "is_public" tinyint(1) not null default '1', "allowed_agents" text, "source" varchar, "source_url" text, "validation_status" varchar not null default 'unverified', "validated_at" datetime, "validated_by" varchar, "usage_count" integer not null default '0', "helpful_count" integer not null default '0', "not_helpful_count" integer not null default '0', "tags" text, "metadata" text, "created_by" varchar, "created_at" datetime not null default NOW(), "updated_at" datetime not null default NOW(), primary key ("id")))

  at vendor/laravel/framework/src/Illuminate/Database/Connection.php:826
    822▕                     $this->getName(), $query, $this->prepareBindings($bindings), $e
    823▕                 );
    824▕             }
    825▕ 
  ➜ 826▕             throw new QueryException(
    827▕                 $this->getName(), $query, $this->prepareBindings($bindings), $e
    828▕             );
    829▕         }
    830▕     }

      [2m+10 vendor frames [22m
  11  database/migrations/2024_12_01_000002_create_knowledge_base_table.php:16
      [2m+37 vendor frames [22m
  49  tests/Feature/CustomerApiTest.php:18

  ────────────────────────────────────────────────────────────────────────────  
   FAILED  Tests\Feature\CustomerApiTest > it can create a c…  QueryException   
  SQLSTATE[HY000]: General error: 1 near "(": syntax error (Connection: sqlite, SQL: create table "knowledge_base" ("id" varchar not null, "tenant_id" varchar not null, "title" text not null, "content" text not null, "category" text, "subcategory" text, "industry_codes" text, "embedding_status" varchar not null default 'pending', "embedding" text, "is_public" tinyint(1) not null default '1', "allowed_agents" text, "source" varchar, "source_url" text, "validation_status" varchar not null default 'unverified', "validated_at" datetime, "validated_by" varchar, "usage_count" integer not null default '0', "helpful_count" integer not null default '0', "not_helpful_count" integer not null default '0', "tags" text, "metadata" text, "created_by" varchar, "created_at" datetime not null default NOW(), "updated_at" datetime not null default NOW(), primary key ("id")))

  at vendor/laravel/framework/src/Illuminate/Database/Connection.php:826
    822▕                     $this->getName(), $query, $this->prepareBindings($bindings), $e
    823▕                 );
    824▕             }
    825▕ 
  ➜ 826▕             throw new QueryException(
    827▕                 $this->getName(), $query, $this->prepareBindings($bindings), $e
    828▕             );
    829▕         }
    830▕     }

      [2m+10 vendor frames [22m
  11  database/migrations/2024_12_01_000002_create_knowledge_base_table.php:16
      [2m+37 vendor frames [22m
  49  tests/Feature/CustomerApiTest.php:18

  ────────────────────────────────────────────────────────────────────────────  
   FAILED  Tests\Feature\CustomerApiTest > it validates requ…  QueryException   
  SQLSTATE[HY000]: General error: 1 near "(": syntax error (Connection: sqlite, SQL: create table "knowledge_base" ("id" varchar not null, "tenant_id" varchar not null, "title" text not null, "content" text not null, "category" text, "subcategory" text, "industry_codes" text, "embedding_status" varchar not null default 'pending', "embedding" text, "is_public" tinyint(1) not null default '1', "allowed_agents" text, "source" varchar, "source_url" text, "validation_status" varchar not null default 'unverified', "validated_at" datetime, "validated_by" varchar, "usage_count" integer not null default '0', "helpful_count" integer not null default '0', "not_helpful_count" integer not null default '0', "tags" text, "metadata" text, "created_by" varchar, "created_at" datetime not null default NOW(), "updated_at" datetime not null default NOW(), primary key ("id")))

  at vendor/laravel/framework/src/Illuminate/Database/Connection.php:826
    822▕                     $this->getName(), $query, $this->prepareBindings($bindings), $e
    823▕                 );
    824▕             }
    825▕ 
  ➜ 826▕             throw new QueryException(
    827▕                 $this->getName(), $query, $this->prepareBindings($bindings), $e
    828▕             );
    829▕         }
    830▕     }

      [2m+10 vendor frames [22m
  11  database/migrations/2024_12_01_000002_create_knowledge_base_table.php:16
      [2m+37 vendor frames [22m
  49  tests/Feature/CustomerApiTest.php:18

  ────────────────────────────────────────────────────────────────────────────  
   FAILED  Tests\Feature\CustomerApiTest > it can show a cus…  QueryException   
  SQLSTATE[HY000]: General error: 1 near "(": syntax error (Connection: sqlite, SQL: create table "knowledge_base" ("id" varchar not null, "tenant_id" varchar not null, "title" text not null, "content" text not null, "category" text, "subcategory" text, "industry_codes" text, "embedding_status" varchar not null default 'pending', "embedding" text, "is_public" tinyint(1) not null default '1', "allowed_agents" text, "source" varchar, "source_url" text, "validation_status" varchar not null default 'unverified', "validated_at" datetime, "validated_by" varchar, "usage_count" integer not null default '0', "helpful_count" integer not null default '0', "not_helpful_count" integer not null default '0', "tags" text, "metadata" text, "created_by" varchar, "created_at" datetime not null default NOW(), "updated_at" datetime not null default NOW(), primary key ("id")))

  at vendor/laravel/framework/src/Illuminate/Database/Connection.php:826
    822▕                     $this->getName(), $query, $this->prepareBindings($bindings), $e
    823▕                 );
    824▕             }
    825▕ 
  ➜ 826▕             throw new QueryException(
    827▕                 $this->getName(), $query, $this->prepareBindings($bindings), $e
    828▕             );
    829▕         }
    830▕     }

      [2m+10 vendor frames [22m
  11  database/migrations/2024_12_01_000002_create_knowledge_base_table.php:16
      [2m+37 vendor frames [22m
  49  tests/Feature/CustomerApiTest.php:18

  ────────────────────────────────────────────────────────────────────────────  
   FAILED  Tests\Feature\CustomerApiTest > it can show custo…  QueryException   
  SQLSTATE[HY000]: General error: 1 near "(": syntax error (Connection: sqlite, SQL: create table "knowledge_base" ("id" varchar not null, "tenant_id" varchar not null, "title" text not null, "content" text not null, "category" text, "subcategory" text, "industry_codes" text, "embedding_status" varchar not null default 'pending', "embedding" text, "is_public" tinyint(1) not null default '1', "allowed_agents" text, "source" varchar, "source_url" text, "validation_status" varchar not null default 'unverified', "validated_at" datetime, "validated_by" varchar, "usage_count" integer not null default '0', "helpful_count" integer not null default '0', "not_helpful_count" integer not null default '0', "tags" text, "metadata" text, "created_by" varchar, "created_at" datetime not null default NOW(), "updated_at" datetime not null default NOW(), primary key ("id")))

  at vendor/laravel/framework/src/Illuminate/Database/Connection.php:826
    822▕                     $this->getName(), $query, $this->prepareBindings($bindings), $e
    823▕                 );
    824▕             }
    825▕ 
  ➜ 826▕             throw new QueryException(
    827▕                 $this->getName(), $query, $this->prepareBindings($bindings), $e
    828▕             );
    829▕         }
    830▕     }

      [2m+10 vendor frames [22m
  11  database/migrations/2024_12_01_000002_create_knowledge_base_table.php:16
      [2m+37 vendor frames [22m
  49  tests/Feature/CustomerApiTest.php:18

  ────────────────────────────────────────────────────────────────────────────  
   FAILED  Tests\Feature\CustomerApiTest > it can update a c…  QueryException   
  SQLSTATE[HY000]: General error: 1 near "(": syntax error (Connection: sqlite, SQL: create table "knowledge_base" ("id" varchar not null, "tenant_id" varchar not null, "title" text not null, "content" text not null, "category" text, "subcategory" text, "industry_codes" text, "embedding_status" varchar not null default 'pending', "embedding" text, "is_public" tinyint(1) not null default '1', "allowed_agents" text, "source" varchar, "source_url" text, "validation_status" varchar not null default 'unverified', "validated_at" datetime, "validated_by" varchar, "usage_count" integer not null default '0', "helpful_count" integer not null default '0', "not_helpful_count" integer not null default '0', "tags" text, "metadata" text, "created_by" varchar, "created_at" datetime not null default NOW(), "updated_at" datetime not null default NOW(), primary key ("id")))

  at vendor/laravel/framework/src/Illuminate/Database/Connection.php:826
    822▕                     $this->getName(), $query, $this->prepareBindings($bindings), $e
    823▕                 );
    824▕             }
    825▕ 
  ➜ 826▕             throw new QueryException(
    827▕                 $this->getName(), $query, $this->prepareBindings($bindings), $e
    828▕             );
    829▕         }
    830▕     }

      [2m+10 vendor frames [22m
  11  database/migrations/2024_12_01_000002_create_knowledge_base_table.php:16
      [2m+37 vendor frames [22m
  49  tests/Feature/CustomerApiTest.php:18

  ────────────────────────────────────────────────────────────────────────────  
   FAILED  Tests\Feature\CustomerApiTest > it can update bus…  QueryException   
  SQLSTATE[HY000]: General error: 1 near "(": syntax error (Connection: sqlite, SQL: create table "knowledge_base" ("id" varchar not null, "tenant_id" varchar not null, "title" text not null, "content" text not null, "category" text, "subcategory" text, "industry_codes" text, "embedding_status" varchar not null default 'pending', "embedding" text, "is_public" tinyint(1) not null default '1', "allowed_agents" text, "source" varchar, "source_url" text, "validation_status" varchar not null default 'unverified', "validated_at" datetime, "validated_by" varchar, "usage_count" integer not null default '0', "helpful_count" integer not null default '0', "not_helpful_count" integer not null default '0', "tags" text, "metadata" text, "created_by" varchar, "created_at" datetime not null default NOW(), "updated_at" datetime not null default NOW(), primary key ("id")))

  at vendor/laravel/framework/src/Illuminate/Database/Connection.php:826
    822▕                     $this->getName(), $query, $this->prepareBindings($bindings), $e
    823▕                 );
    824▕             }
    825▕ 
  ➜ 826▕             throw new QueryException(
    827▕                 $this->getName(), $query, $this->prepareBindings($bindings), $e
    828▕             );
    829▕         }
    830▕     }

      [2m+10 vendor frames [22m
  11  database/migrations/2024_12_01_000002_create_knowledge_base_table.php:16
      [2m+37 vendor frames [22m
  49  tests/Feature/CustomerApiTest.php:18

  ────────────────────────────────────────────────────────────────────────────  
   FAILED  Tests\Feature\CustomerApiTest > it can get ai con…  QueryException   
  SQLSTATE[HY000]: General error: 1 near "(": syntax error (Connection: sqlite, SQL: create table "knowledge_base" ("id" varchar not null, "tenant_id" varchar not null, "title" text not null, "content" text not null, "category" text, "subcategory" text, "industry_codes" text, "embedding_status" varchar not null default 'pending', "embedding" text, "is_public" tinyint(1) not null default '1', "allowed_agents" text, "source" varchar, "source_url" text, "validation_status" varchar not null default 'unverified', "validated_at" datetime, "validated_by" varchar, "usage_count" integer not null default '0', "helpful_count" integer not null default '0', "not_helpful_count" integer not null default '0', "tags" text, "metadata" text, "created_by" varchar, "created_at" datetime not null default NOW(), "updated_at" datetime not null default NOW(), primary key ("id")))

  at vendor/laravel/framework/src/Illuminate/Database/Connection.php:826
    822▕                     $this->getName(), $query, $this->prepareBindings($bindings), $e
    823▕                 );
    824▕             }
    825▕ 
  ➜ 826▕             throw new QueryException(
    827▕                 $this->getName(), $query, $this->prepareBindings($bindings), $e
    828▕             );
    829▕         }
    830▕     }

      [2m+10 vendor frames [22m
  11  database/migrations/2024_12_01_000002_create_knowledge_base_table.php:16
      [2m+37 vendor frames [22m
  49  tests/Feature/CustomerApiTest.php:18

  ────────────────────────────────────────────────────────────────────────────  
   FAILED  Tests\Feature\CustomerApiTest > it can delete a c…  QueryException   
  SQLSTATE[HY000]: General error: 1 near "(": syntax error (Connection: sqlite, SQL: create table "knowledge_base" ("id" varchar not null, "tenant_id" varchar not null, "title" text not null, "content" text not null, "category" text, "subcategory" text, "industry_codes" text, "embedding_status" varchar not null default 'pending', "embedding" text, "is_public" tinyint(1) not null default '1', "allowed_agents" text, "source" varchar, "source_url" text, "validation_status" varchar not null default 'unverified', "validated_at" datetime, "validated_by" varchar, "usage_count" integer not null default '0', "helpful_count" integer not null default '0', "not_helpful_count" integer not null default '0', "tags" text, "metadata" text, "created_by" varchar, "created_at" datetime not null default NOW(), "updated_at" datetime not null default NOW(), primary key ("id")))

  at vendor/laravel/framework/src/Illuminate/Database/Connection.php:826
    822▕                     $this->getName(), $query, $this->prepareBindings($bindings), $e
    823▕                 );
    824▕             }
    825▕ 
  ➜ 826▕             throw new QueryException(
    827▕                 $this->getName(), $query, $this->prepareBindings($bindings), $e
    828▕             );
    829▕         }
    830▕     }

      [2m+10 vendor frames [22m
  11  database/migrations/2024_12_01_000002_create_knowledge_base_table.php:16
      [2m+37 vendor frames [22m
  49  tests/Feature/CustomerApiTest.php:18

  ────────────────────────────────────────────────────────────────────────────  
   FAILED  Tests\Feature\CustomerApiTest > it enforces tenan…  QueryException   
  SQLSTATE[HY000]: General error: 1 near "(": syntax error (Connection: sqlite, SQL: create table "knowledge_base" ("id" varchar not null, "tenant_id" varchar not null, "title" text not null, "content" text not null, "category" text, "subcategory" text, "industry_codes" text, "embedding_status" varchar not null default 'pending', "embedding" text, "is_public" tinyint(1) not null default '1', "allowed_agents" text, "source" varchar, "source_url" text, "validation_status" varchar not null default 'unverified', "validated_at" datetime, "validated_by" varchar, "usage_count" integer not null default '0', "helpful_count" integer not null default '0', "not_helpful_count" integer not null default '0', "tags" text, "metadata" text, "created_by" varchar, "created_at" datetime not null default NOW(), "updated_at" datetime not null default NOW(), primary key ("id")))

  at vendor/laravel/framework/src/Illuminate/Database/Connection.php:826
    822▕                     $this->getName(), $query, $this->prepareBindings($bindings), $e
    823▕                 );
    824▕             }
    825▕ 
  ➜ 826▕             throw new QueryException(
    827▕                 $this->getName(), $query, $this->prepareBindings($bindings), $e
    828▕             );
    829▕         }
    830▕     }

      [2m+10 vendor frames [22m
  11  database/migrations/2024_12_01_000002_create_knowledge_base_table.php:16
      [2m+37 vendor frames [22m
  49  tests/Feature/CustomerApiTest.php:18

  ────────────────────────────────────────────────────────────────────────────  
   FAILED  Tests\Feature\EmailCampaignApiTest > can list ema…  QueryException   
  SQLSTATE[HY000]: General error: 1 near "(": syntax error (Connection: sqlite, SQL: create table "knowledge_base" ("id" varchar not null, "tenant_id" varchar not null, "title" text not null, "content" text not null, "category" text, "subcategory" text, "industry_codes" text, "embedding_status" varchar not null default 'pending', "embedding" text, "is_public" tinyint(1) not null default '1', "allowed_agents" text, "source" varchar, "source_url" text, "validation_status" varchar not null default 'unverified', "validated_at" datetime, "validated_by" varchar, "usage_count" integer not null default '0', "helpful_count" integer not null default '0', "not_helpful_count" integer not null default '0', "tags" text, "metadata" text, "created_by" varchar, "created_at" datetime not null default NOW(), "updated_at" datetime not null default NOW(), primary key ("id")))

  at vendor/laravel/framework/src/Illuminate/Database/Connection.php:826
    822▕                     $this->getName(), $query, $this->prepareBindings($bindings), $e
    823▕                 );
    824▕             }
    825▕ 
  ➜ 826▕             throw new QueryException(
    827▕                 $this->getName(), $query, $this->prepareBindings($bindings), $e
    828▕             );
    829▕         }
    830▕     }

      [2m+10 vendor frames [22m
  11  database/migrations/2024_12_01_000002_create_knowledge_base_table.php:16

  ────────────────────────────────────────────────────────────────────────────  
   FAILED  Tests\Feature\EmailCampaignApiTest > can create e…  QueryException   
  SQLSTATE[HY000]: General error: 1 near "(": syntax error (Connection: sqlite, SQL: create table "knowledge_base" ("id" varchar not null, "tenant_id" varchar not null, "title" text not null, "content" text not null, "category" text, "subcategory" text, "industry_codes" text, "embedding_status" varchar not null default 'pending', "embedding" text, "is_public" tinyint(1) not null default '1', "allowed_agents" text, "source" varchar, "source_url" text, "validation_status" varchar not null default 'unverified', "validated_at" datetime, "validated_by" varchar, "usage_count" integer not null default '0', "helpful_count" integer not null default '0', "not_helpful_count" integer not null default '0', "tags" text, "metadata" text, "created_by" varchar, "created_at" datetime not null default NOW(), "updated_at" datetime not null default NOW(), primary key ("id")))

  at vendor/laravel/framework/src/Illuminate/Database/Connection.php:826
    822▕                     $this->getName(), $query, $this->prepareBindings($bindings), $e
    823▕                 );
    824▕             }
    825▕ 
  ➜ 826▕             throw new QueryException(
    827▕                 $this->getName(), $query, $this->prepareBindings($bindings), $e
    828▕             );
    829▕         }
    830▕     }

      [2m+10 vendor frames [22m
  11  database/migrations/2024_12_01_000002_create_knowledge_base_table.php:16

  ────────────────────────────────────────────────────────────────────────────  
   FAILED  Tests\Feature\EmailCampaignApiTest > can list ema…  QueryException   
  SQLSTATE[HY000]: General error: 1 near "(": syntax error (Connection: sqlite, SQL: create table "knowledge_base" ("id" varchar not null, "tenant_id" varchar not null, "title" text not null, "content" text not null, "category" text, "subcategory" text, "industry_codes" text, "embedding_status" varchar not null default 'pending', "embedding" text, "is_public" tinyint(1) not null default '1', "allowed_agents" text, "source" varchar, "source_url" text, "validation_status" varchar not null default 'unverified', "validated_at" datetime, "validated_by" varchar, "usage_count" integer not null default '0', "helpful_count" integer not null default '0', "not_helpful_count" integer not null default '0', "tags" text, "metadata" text, "created_by" varchar, "created_at" datetime not null default NOW(), "updated_at" datetime not null default NOW(), primary key ("id")))

  at vendor/laravel/framework/src/Illuminate/Database/Connection.php:826
    822▕                     $this->getName(), $query, $this->prepareBindings($bindings), $e
    823▕                 );
    824▕             }
    825▕ 
  ➜ 826▕             throw new QueryException(
    827▕                 $this->getName(), $query, $this->prepareBindings($bindings), $e
    828▕             );
    829▕         }
    830▕     }

      [2m+10 vendor frames [22m
  11  database/migrations/2024_12_01_000002_create_knowledge_base_table.php:16

  ────────────────────────────────────────────────────────────────────────────  
   FAILED  Tests\Feature\EmailCampaignApiTest > can create e…  QueryException   
  SQLSTATE[HY000]: General error: 1 near "(": syntax error (Connection: sqlite, SQL: create table "knowledge_base" ("id" varchar not null, "tenant_id" varchar not null, "title" text not null, "content" text not null, "category" text, "subcategory" text, "industry_codes" text, "embedding_status" varchar not null default 'pending', "embedding" text, "is_public" tinyint(1) not null default '1', "allowed_agents" text, "source" varchar, "source_url" text, "validation_status" varchar not null default 'unverified', "validated_at" datetime, "validated_by" varchar, "usage_count" integer not null default '0', "helpful_count" integer not null default '0', "not_helpful_count" integer not null default '0', "tags" text, "metadata" text, "created_by" varchar, "created_at" datetime not null default NOW(), "updated_at" datetime not null default NOW(), primary key ("id")))

  at vendor/laravel/framework/src/Illuminate/Database/Connection.php:826
    822▕                     $this->getName(), $query, $this->prepareBindings($bindings), $e
    823▕                 );
    824▕             }
    825▕ 
  ➜ 826▕             throw new QueryException(
    827▕                 $this->getName(), $query, $this->prepareBindings($bindings), $e
    828▕             );
    829▕         }
    830▕     }

      [2m+10 vendor frames [22m
  11  database/migrations/2024_12_01_000002_create_knowledge_base_table.php:16

  ────────────────────────────────────────────────────────────────────────────  
   FAILED  Tests\Feature\ExampleTest > the application retur…  QueryException   
  SQLSTATE[HY000]: General error: 1 near "(": syntax error (Connection: sqlite, SQL: create table "knowledge_base" ("id" varchar not null, "tenant_id" varchar not null, "title" text not null, "content" text not null, "category" text, "subcategory" text, "industry_codes" text, "embedding_status" varchar not null default 'pending', "embedding" text, "is_public" tinyint(1) not null default '1', "allowed_agents" text, "source" varchar, "source_url" text, "validation_status" varchar not null default 'unverified', "validated_at" datetime, "validated_by" varchar, "usage_count" integer not null default '0', "helpful_count" integer not null default '0', "not_helpful_count" integer not null default '0', "tags" text, "metadata" text, "created_by" varchar, "created_at" datetime not null default NOW(), "updated_at" datetime not null default NOW(), primary key ("id")))

  at vendor/laravel/framework/src/Illuminate/Database/Connection.php:826
    822▕                     $this->getName(), $query, $this->prepareBindings($bindings), $e
    823▕                 );
    824▕             }
    825▕ 
  ➜ 826▕             throw new QueryException(
    827▕                 $this->getName(), $query, $this->prepareBindings($bindings), $e
    828▕             );
    829▕         }
    830▕     }

      [2m+10 vendor frames [22m
  11  database/migrations/2024_12_01_000002_create_knowledge_base_table.php:16

  ────────────────────────────────────────────────────────────────────────────  
   FAILED  Tests\Feature\KnowledgeApiTest > can list knowled…  QueryException   
  SQLSTATE[HY000]: General error: 1 near "(": syntax error (Connection: sqlite, SQL: create table "knowledge_base" ("id" varchar not null, "tenant_id" varchar not null, "title" text not null, "content" text not null, "category" text, "subcategory" text, "industry_codes" text, "embedding_status" varchar not null default 'pending', "embedding" text, "is_public" tinyint(1) not null default '1', "allowed_agents" text, "source" varchar, "source_url" text, "validation_status" varchar not null default 'unverified', "validated_at" datetime, "validated_by" varchar, "usage_count" integer not null default '0', "helpful_count" integer not null default '0', "not_helpful_count" integer not null default '0', "tags" text, "metadata" text, "created_by" varchar, "created_at" datetime not null default NOW(), "updated_at" datetime not null default NOW(), primary key ("id")))

  at vendor/laravel/framework/src/Illuminate/Database/Connection.php:826
    822▕                     $this->getName(), $query, $this->prepareBindings($bindings), $e
    823▕                 );
    824▕             }
    825▕ 
  ➜ 826▕             throw new QueryException(
    827▕                 $this->getName(), $query, $this->prepareBindings($bindings), $e
    828▕             );
    829▕         }
    830▕     }

      [2m+10 vendor frames [22m
  11  database/migrations/2024_12_01_000002_create_knowledge_base_table.php:16
      [2m+37 vendor frames [22m
  49  tests/Feature/KnowledgeApiTest.php:16

  ────────────────────────────────────────────────────────────────────────────  
   FAILED  Tests\Feature\KnowledgeApiTest > can create knowl…  QueryException   
  SQLSTATE[HY000]: General error: 1 near "(": syntax error (Connection: sqlite, SQL: create table "knowledge_base" ("id" varchar not null, "tenant_id" varchar not null, "title" text not null, "content" text not null, "category" text, "subcategory" text, "industry_codes" text, "embedding_status" varchar not null default 'pending', "embedding" text, "is_public" tinyint(1) not null default '1', "allowed_agents" text, "source" varchar, "source_url" text, "validation_status" varchar not null default 'unverified', "validated_at" datetime, "validated_by" varchar, "usage_count" integer not null default '0', "helpful_count" integer not null default '0', "not_helpful_count" integer not null default '0', "tags" text, "metadata" text, "created_by" varchar, "created_at" datetime not null default NOW(), "updated_at" datetime not null default NOW(), primary key ("id")))

  at vendor/laravel/framework/src/Illuminate/Database/Connection.php:826
    822▕                     $this->getName(), $query, $this->prepareBindings($bindings), $e
    823▕                 );
    824▕             }
    825▕ 
  ➜ 826▕             throw new QueryException(
    827▕                 $this->getName(), $query, $this->prepareBindings($bindings), $e
    828▕             );
    829▕         }
    830▕     }

      [2m+10 vendor frames [22m
  11  database/migrations/2024_12_01_000002_create_knowledge_base_table.php:16
      [2m+37 vendor frames [22m
  49  tests/Feature/KnowledgeApiTest.php:16

  ────────────────────────────────────────────────────────────────────────────  
   FAILED  Tests\Feature\KnowledgeApiTest > can show knowled…  QueryException   
  SQLSTATE[HY000]: General error: 1 near "(": syntax error (Connection: sqlite, SQL: create table "knowledge_base" ("id" varchar not null, "tenant_id" varchar not null, "title" text not null, "content" text not null, "category" text, "subcategory" text, "industry_codes" text, "embedding_status" varchar not null default 'pending', "embedding" text, "is_public" tinyint(1) not null default '1', "allowed_agents" text, "source" varchar, "source_url" text, "validation_status" varchar not null default 'unverified', "validated_at" datetime, "validated_by" varchar, "usage_count" integer not null default '0', "helpful_count" integer not null default '0', "not_helpful_count" integer not null default '0', "tags" text, "metadata" text, "created_by" varchar, "created_at" datetime not null default NOW(), "updated_at" datetime not null default NOW(), primary key ("id")))

  at vendor/laravel/framework/src/Illuminate/Database/Connection.php:826
    822▕                     $this->getName(), $query, $this->prepareBindings($bindings), $e
    823▕                 );
    824▕             }
    825▕ 
  ➜ 826▕             throw new QueryException(
    827▕                 $this->getName(), $query, $this->prepareBindings($bindings), $e
    828▕             );
    829▕         }
    830▕     }

      [2m+10 vendor frames [22m
  11  database/migrations/2024_12_01_000002_create_knowledge_base_table.php:16
      [2m+37 vendor frames [22m
  49  tests/Feature/KnowledgeApiTest.php:16

  ────────────────────────────────────────────────────────────────────────────  
   FAILED  Tests\Feature\KnowledgeApiTest > can update knowl…  QueryException   
  SQLSTATE[HY000]: General error: 1 near "(": syntax error (Connection: sqlite, SQL: create table "knowledge_base" ("id" varchar not null, "tenant_id" varchar not null, "title" text not null, "content" text not null, "category" text, "subcategory" text, "industry_codes" text, "embedding_status" varchar not null default 'pending', "embedding" text, "is_public" tinyint(1) not null default '1', "allowed_agents" text, "source" varchar, "source_url" text, "validation_status" varchar not null default 'unverified', "validated_at" datetime, "validated_by" varchar, "usage_count" integer not null default '0', "helpful_count" integer not null default '0', "not_helpful_count" integer not null default '0', "tags" text, "metadata" text, "created_by" varchar, "created_at" datetime not null default NOW(), "updated_at" datetime not null default NOW(), primary key ("id")))

  at vendor/laravel/framework/src/Illuminate/Database/Connection.php:826
    822▕                     $this->getName(), $query, $this->prepareBindings($bindings), $e
    823▕                 );
    824▕             }
    825▕ 
  ➜ 826▕             throw new QueryException(
    827▕                 $this->getName(), $query, $this->prepareBindings($bindings), $e
    828▕             );
    829▕         }
    830▕     }

      [2m+10 vendor frames [22m
  11  database/migrations/2024_12_01_000002_create_knowledge_base_table.php:16
      [2m+37 vendor frames [22m
  49  tests/Feature/KnowledgeApiTest.php:16

  ────────────────────────────────────────────────────────────────────────────  
   FAILED  Tests\Feature\KnowledgeApiTest > can delete knowl…  QueryException   
  SQLSTATE[HY000]: General error: 1 near "(": syntax error (Connection: sqlite, SQL: create table "knowledge_base" ("id" varchar not null, "tenant_id" varchar not null, "title" text not null, "content" text not null, "category" text, "subcategory" text, "industry_codes" text, "embedding_status" varchar not null default 'pending', "embedding" text, "is_public" tinyint(1) not null default '1', "allowed_agents" text, "source" varchar, "source_url" text, "validation_status" varchar not null default 'unverified', "validated_at" datetime, "validated_by" varchar, "usage_count" integer not null default '0', "helpful_count" integer not null default '0', "not_helpful_count" integer not null default '0', "tags" text, "metadata" text, "created_by" varchar, "created_at" datetime not null default NOW(), "updated_at" datetime not null default NOW(), primary key ("id")))

  at vendor/laravel/framework/src/Illuminate/Database/Connection.php:826
    822▕                     $this->getName(), $query, $this->prepareBindings($bindings), $e
    823▕                 );
    824▕             }
    825▕ 
  ➜ 826▕             throw new QueryException(
    827▕                 $this->getName(), $query, $this->prepareBindings($bindings), $e
    828▕             );
    829▕         }
    830▕     }

      [2m+10 vendor frames [22m
  11  database/migrations/2024_12_01_000002_create_knowledge_base_table.php:16
      [2m+37 vendor frames [22m
  49  tests/Feature/KnowledgeApiTest.php:16

  ────────────────────────────────────────────────────────────────────────────  
   FAILED  Tests\Feature\KnowledgeApiTest > can vote on know…  QueryException   
  SQLSTATE[HY000]: General error: 1 near "(": syntax error (Connection: sqlite, SQL: create table "knowledge_base" ("id" varchar not null, "tenant_id" varchar not null, "title" text not null, "content" text not null, "category" text, "subcategory" text, "industry_codes" text, "embedding_status" varchar not null default 'pending', "embedding" text, "is_public" tinyint(1) not null default '1', "allowed_agents" text, "source" varchar, "source_url" text, "validation_status" varchar not null default 'unverified', "validated_at" datetime, "validated_by" varchar, "usage_count" integer not null default '0', "helpful_count" integer not null default '0', "not_helpful_count" integer not null default '0', "tags" text, "metadata" text, "created_by" varchar, "created_at" datetime not null default NOW(), "updated_at" datetime not null default NOW(), primary key ("id")))

  at vendor/laravel/framework/src/Illuminate/Database/Connection.php:826
    822▕                     $this->getName(), $query, $this->prepareBindings($bindings), $e
    823▕                 );
    824▕             }
    825▕ 
  ➜ 826▕             throw new QueryException(
    827▕                 $this->getName(), $query, $this->prepareBindings($bindings), $e
    828▕             );
    829▕         }
    830▕     }

      [2m+10 vendor frames [22m
  11  database/migrations/2024_12_01_000002_create_knowledge_base_table.php:16
      [2m+37 vendor frames [22m
  49  tests/Feature/KnowledgeApiTest.php:16

  ────────────────────────────────────────────────────────────────────────────  
   FAILED  Tests\Feature\KnowledgeApiTest > can list faq cat…  QueryException   
  SQLSTATE[HY000]: General error: 1 near "(": syntax error (Connection: sqlite, SQL: create table "knowledge_base" ("id" varchar not null, "tenant_id" varchar not null, "title" text not null, "content" text not null, "category" text, "subcategory" text, "industry_codes" text, "embedding_status" varchar not null default 'pending', "embedding" text, "is_public" tinyint(1) not null default '1', "allowed_agents" text, "source" varchar, "source_url" text, "validation_status" varchar not null default 'unverified', "validated_at" datetime, "validated_by" varchar, "usage_count" integer not null default '0', "helpful_count" integer not null default '0', "not_helpful_count" integer not null default '0', "tags" text, "metadata" text, "created_by" varchar, "created_at" datetime not null default NOW(), "updated_at" datetime not null default NOW(), primary key ("id")))

  at vendor/laravel/framework/src/Illuminate/Database/Connection.php:826
    822▕                     $this->getName(), $query, $this->prepareBindings($bindings), $e
    823▕                 );
    824▕             }
    825▕ 
  ➜ 826▕             throw new QueryException(
    827▕                 $this->getName(), $query, $this->prepareBindings($bindings), $e
    828▕             );
    829▕         }
    830▕     }

      [2m+10 vendor frames [22m
  11  database/migrations/2024_12_01_000002_create_knowledge_base_table.php:16
      [2m+37 vendor frames [22m
  49  tests/Feature/KnowledgeApiTest.php:16

  ────────────────────────────────────────────────────────────────────────────  
   FAILED  Tests\Feature\KnowledgeApiTest > can create faq c…  QueryException   
  SQLSTATE[HY000]: General error: 1 near "(": syntax error (Connection: sqlite, SQL: create table "knowledge_base" ("id" varchar not null, "tenant_id" varchar not null, "title" text not null, "content" text not null, "category" text, "subcategory" text, "industry_codes" text, "embedding_status" varchar not null default 'pending', "embedding" text, "is_public" tinyint(1) not null default '1', "allowed_agents" text, "source" varchar, "source_url" text, "validation_status" varchar not null default 'unverified', "validated_at" datetime, "validated_by" varchar, "usage_count" integer not null default '0', "helpful_count" integer not null default '0', "not_helpful_count" integer not null default '0', "tags" text, "metadata" text, "created_by" varchar, "created_at" datetime not null default NOW(), "updated_at" datetime not null default NOW(), primary key ("id")))

  at vendor/laravel/framework/src/Illuminate/Database/Connection.php:826
    822▕                     $this->getName(), $query, $this->prepareBindings($bindings), $e
    823▕                 );
    824▕             }
    825▕ 
  ➜ 826▕             throw new QueryException(
    827▕                 $this->getName(), $query, $this->prepareBindings($bindings), $e
    828▕             );
    829▕         }
    830▕     }

      [2m+10 vendor frames [22m
  11  database/migrations/2024_12_01_000002_create_knowledge_base_table.php:16
      [2m+37 vendor frames [22m
  49  tests/Feature/KnowledgeApiTest.php:16

  ────────────────────────────────────────────────────────────────────────────  
   FAILED  Tests\Feature\OrderApiTest > can list orders        QueryException   
  SQLSTATE[HY000]: General error: 1 near "(": syntax error (Connection: sqlite, SQL: create table "knowledge_base" ("id" varchar not null, "tenant_id" varchar not null, "title" text not null, "content" text not null, "category" text, "subcategory" text, "industry_codes" text, "embedding_status" varchar not null default 'pending', "embedding" text, "is_public" tinyint(1) not null default '1', "allowed_agents" text, "source" varchar, "source_url" text, "validation_status" varchar not null default 'unverified', "validated_at" datetime, "validated_by" varchar, "usage_count" integer not null default '0', "helpful_count" integer not null default '0', "not_helpful_count" integer not null default '0', "tags" text, "metadata" text, "created_by" varchar, "created_at" datetime not null default NOW(), "updated_at" datetime not null default NOW(), primary key ("id")))

  at vendor/laravel/framework/src/Illuminate/Database/Connection.php:826
    822▕                     $this->getName(), $query, $this->prepareBindings($bindings), $e
    823▕                 );
    824▕             }
    825▕ 
  ➜ 826▕             throw new QueryException(
    827▕                 $this->getName(), $query, $this->prepareBindings($bindings), $e
    828▕             );
    829▕         }
    830▕     }

      [2m+10 vendor frames [22m
  11  database/migrations/2024_12_01_000002_create_knowledge_base_table.php:16

  ────────────────────────────────────────────────────────────────────────────  
   FAILED  Tests\Feature\OrderApiTest > can show order         QueryException   
  SQLSTATE[HY000]: General error: 1 near "(": syntax error (Connection: sqlite, SQL: create table "knowledge_base" ("id" varchar not null, "tenant_id" varchar not null, "title" text not null, "content" text not null, "category" text, "subcategory" text, "industry_codes" text, "embedding_status" varchar not null default 'pending', "embedding" text, "is_public" tinyint(1) not null default '1', "allowed_agents" text, "source" varchar, "source_url" text, "validation_status" varchar not null default 'unverified', "validated_at" datetime, "validated_by" varchar, "usage_count" integer not null default '0', "helpful_count" integer not null default '0', "not_helpful_count" integer not null default '0', "tags" text, "metadata" text, "created_by" varchar, "created_at" datetime not null default NOW(), "updated_at" datetime not null default NOW(), primary key ("id")))

  at vendor/laravel/framework/src/Illuminate/Database/Connection.php:826
    822▕                     $this->getName(), $query, $this->prepareBindings($bindings), $e
    823▕                 );
    824▕             }
    825▕ 
  ➜ 826▕             throw new QueryException(
    827▕                 $this->getName(), $query, $this->prepareBindings($bindings), $e
    828▕             );
    829▕         }
    830▕     }

      [2m+10 vendor frames [22m
  11  database/migrations/2024_12_01_000002_create_knowledge_base_table.php:16

  ────────────────────────────────────────────────────────────────────────────  
   FAILED  Tests\Feature\OrderApiTest > can create checkout…   QueryException   
  SQLSTATE[HY000]: General error: 1 near "(": syntax error (Connection: sqlite, SQL: create table "knowledge_base" ("id" varchar not null, "tenant_id" varchar not null, "title" text not null, "content" text not null, "category" text, "subcategory" text, "industry_codes" text, "embedding_status" varchar not null default 'pending', "embedding" text, "is_public" tinyint(1) not null default '1', "allowed_agents" text, "source" varchar, "source_url" text, "validation_status" varchar not null default 'unverified', "validated_at" datetime, "validated_by" varchar, "usage_count" integer not null default '0', "helpful_count" integer not null default '0', "not_helpful_count" integer not null default '0', "tags" text, "metadata" text, "created_by" varchar, "created_at" datetime not null default NOW(), "updated_at" datetime not null default NOW(), primary key ("id")))

  at vendor/laravel/framework/src/Illuminate/Database/Connection.php:826
    822▕                     $this->getName(), $query, $this->prepareBindings($bindings), $e
    823▕                 );
    824▕             }
    825▕ 
  ➜ 826▕             throw new QueryException(
    827▕                 $this->getName(), $query, $this->prepareBindings($bindings), $e
    828▕             );
    829▕         }
    830▕     }

      [2m+10 vendor frames [22m
  11  database/migrations/2024_12_01_000002_create_knowledge_base_table.php:16

  ────────────────────────────────────────────────────────────────────────────  
   FAILED  Tests\Feature\OrderApiTest > checkout requires va…  QueryException   
  SQLSTATE[HY000]: General error: 1 near "(": syntax error (Connection: sqlite, SQL: create table "knowledge_base" ("id" varchar not null, "tenant_id" varchar not null, "title" text not null, "content" text not null, "category" text, "subcategory" text, "industry_codes" text, "embedding_status" varchar not null default 'pending', "embedding" text, "is_public" tinyint(1) not null default '1', "allowed_agents" text, "source" varchar, "source_url" text, "validation_status" varchar not null default 'unverified', "validated_at" datetime, "validated_by" varchar, "usage_count" integer not null default '0', "helpful_count" integer not null default '0', "not_helpful_count" integer not null default '0', "tags" text, "metadata" text, "created_by" varchar, "created_at" datetime not null default NOW(), "updated_at" datetime not null default NOW(), primary key ("id")))

  at vendor/laravel/framework/src/Illuminate/Database/Connection.php:826
    822▕                     $this->getName(), $query, $this->prepareBindings($bindings), $e
    823▕                 );
    824▕             }
    825▕ 
  ➜ 826▕             throw new QueryException(
    827▕                 $this->getName(), $query, $this->prepareBindings($bindings), $e
    828▕             );
    829▕         }
    830▕     }

      [2m+10 vendor frames [22m
  11  database/migrations/2024_12_01_000002_create_knowledge_base_table.php:16

  ────────────────────────────────────────────────────────────────────────────  
   FAILED  Tests\Feature\OrderApiTest > checkout requires it…  QueryException   
  SQLSTATE[HY000]: General error: 1 near "(": syntax error (Connection: sqlite, SQL: create table "knowledge_base" ("id" varchar not null, "tenant_id" varchar not null, "title" text not null, "content" text not null, "category" text, "subcategory" text, "industry_codes" text, "embedding_status" varchar not null default 'pending', "embedding" text, "is_public" tinyint(1) not null default '1', "allowed_agents" text, "source" varchar, "source_url" text, "validation_status" varchar not null default 'unverified', "validated_at" datetime, "validated_by" varchar, "usage_count" integer not null default '0', "helpful_count" integer not null default '0', "not_helpful_count" integer not null default '0', "tags" text, "metadata" text, "created_by" varchar, "created_at" datetime not null default NOW(), "updated_at" datetime not null default NOW(), primary key ("id")))

  at vendor/laravel/framework/src/Illuminate/Database/Connection.php:826
    822▕                     $this->getName(), $query, $this->prepareBindings($bindings), $e
    823▕                 );
    824▕             }
    825▕ 
  ➜ 826▕             throw new QueryException(
    827▕                 $this->getName(), $query, $this->prepareBindings($bindings), $e
    828▕             );
    829▕         }
    830▕     }

      [2m+10 vendor frames [22m
  11  database/migrations/2024_12_01_000002_create_knowledge_base_table.php:16

  ────────────────────────────────────────────────────────────────────────────  
   FAILED  Tests\Feature\OutboundCampaignApiTest > can list…   QueryException   
  SQLSTATE[HY000]: General error: 1 near "(": syntax error (Connection: sqlite, SQL: create table "knowledge_base" ("id" varchar not null, "tenant_id" varchar not null, "title" text not null, "content" text not null, "category" text, "subcategory" text, "industry_codes" text, "embedding_status" varchar not null default 'pending', "embedding" text, "is_public" tinyint(1) not null default '1', "allowed_agents" text, "source" varchar, "source_url" text, "validation_status" varchar not null default 'unverified', "validated_at" datetime, "validated_by" varchar, "usage_count" integer not null default '0', "helpful_count" integer not null default '0', "not_helpful_count" integer not null default '0', "tags" text, "metadata" text, "created_by" varchar, "created_at" datetime not null default NOW(), "updated_at" datetime not null default NOW(), primary key ("id")))

  at vendor/laravel/framework/src/Illuminate/Database/Connection.php:826
    822▕                     $this->getName(), $query, $this->prepareBindings($bindings), $e
    823▕                 );
    824▕             }
    825▕ 
  ➜ 826▕             throw new QueryException(
    827▕                 $this->getName(), $query, $this->prepareBindings($bindings), $e
    828▕             );
    829▕         }
    830▕     }

      [2m+10 vendor frames [22m
  11  database/migrations/2024_12_01_000002_create_knowledge_base_table.php:16

  ────────────────────────────────────────────────────────────────────────────  
   FAILED  Tests\Feature\OutboundCampaignApiTest > can creat…  QueryException   
  SQLSTATE[HY000]: General error: 1 near "(": syntax error (Connection: sqlite, SQL: create table "knowledge_base" ("id" varchar not null, "tenant_id" varchar not null, "title" text not null, "content" text not null, "category" text, "subcategory" text, "industry_codes" text, "embedding_status" varchar not null default 'pending', "embedding" text, "is_public" tinyint(1) not null default '1', "allowed_agents" text, "source" varchar, "source_url" text, "validation_status" varchar not null default 'unverified', "validated_at" datetime, "validated_by" varchar, "usage_count" integer not null default '0', "helpful_count" integer not null default '0', "not_helpful_count" integer not null default '0', "tags" text, "metadata" text, "created_by" varchar, "created_at" datetime not null default NOW(), "updated_at" datetime not null default NOW(), primary key ("id")))

  at vendor/laravel/framework/src/Illuminate/Database/Connection.php:826
    822▕                     $this->getName(), $query, $this->prepareBindings($bindings), $e
    823▕                 );
    824▕             }
    825▕ 
  ➜ 826▕             throw new QueryException(
    827▕                 $this->getName(), $query, $this->prepareBindings($bindings), $e
    828▕             );
    829▕         }
    830▕     }

      [2m+10 vendor frames [22m
  11  database/migrations/2024_12_01_000002_create_knowledge_base_table.php:16

  ────────────────────────────────────────────────────────────────────────────  
   FAILED  Tests\Feature\OutboundCampaignApiTest > can show…   QueryException   
  SQLSTATE[HY000]: General error: 1 near "(": syntax error (Connection: sqlite, SQL: create table "knowledge_base" ("id" varchar not null, "tenant_id" varchar not null, "title" text not null, "content" text not null, "category" text, "subcategory" text, "industry_codes" text, "embedding_status" varchar not null default 'pending', "embedding" text, "is_public" tinyint(1) not null default '1', "allowed_agents" text, "source" varchar, "source_url" text, "validation_status" varchar not null default 'unverified', "validated_at" datetime, "validated_by" varchar, "usage_count" integer not null default '0', "helpful_count" integer not null default '0', "not_helpful_count" integer not null default '0', "tags" text, "metadata" text, "created_by" varchar, "created_at" datetime not null default NOW(), "updated_at" datetime not null default NOW(), primary key ("id")))

  at vendor/laravel/framework/src/Illuminate/Database/Connection.php:826
    822▕                     $this->getName(), $query, $this->prepareBindings($bindings), $e
    823▕                 );
    824▕             }
    825▕ 
  ➜ 826▕             throw new QueryException(
    827▕                 $this->getName(), $query, $this->prepareBindings($bindings), $e
    828▕             );
    829▕         }
    830▕     }

      [2m+10 vendor frames [22m
  11  database/migrations/2024_12_01_000002_create_knowledge_base_table.php:16

  ────────────────────────────────────────────────────────────────────────────  
   FAILED  Tests\Feature\OutboundCampaignApiTest > can updat…  QueryException   
  SQLSTATE[HY000]: General error: 1 near "(": syntax error (Connection: sqlite, SQL: create table "knowledge_base" ("id" varchar not null, "tenant_id" varchar not null, "title" text not null, "content" text not null, "category" text, "subcategory" text, "industry_codes" text, "embedding_status" varchar not null default 'pending', "embedding" text, "is_public" tinyint(1) not null default '1', "allowed_agents" text, "source" varchar, "source_url" text, "validation_status" varchar not null default 'unverified', "validated_at" datetime, "validated_by" varchar, "usage_count" integer not null default '0', "helpful_count" integer not null default '0', "not_helpful_count" integer not null default '0', "tags" text, "metadata" text, "created_by" varchar, "created_at" datetime not null default NOW(), "updated_at" datetime not null default NOW(), primary key ("id")))

  at vendor/laravel/framework/src/Illuminate/Database/Connection.php:826
    822▕                     $this->getName(), $query, $this->prepareBindings($bindings), $e
    823▕                 );
    824▕             }
    825▕ 
  ➜ 826▕             throw new QueryException(
    827▕                 $this->getName(), $query, $this->prepareBindings($bindings), $e
    828▕             );
    829▕         }
    830▕     }

      [2m+10 vendor frames [22m
  11  database/migrations/2024_12_01_000002_create_knowledge_base_table.php:16

  ────────────────────────────────────────────────────────────────────────────  
   FAILED  Tests\Feature\OutboundCampaignApiTest > can get c…  QueryException   
  SQLSTATE[HY000]: General error: 1 near "(": syntax error (Connection: sqlite, SQL: create table "knowledge_base" ("id" varchar not null, "tenant_id" varchar not null, "title" text not null, "content" text not null, "category" text, "subcategory" text, "industry_codes" text, "embedding_status" varchar not null default 'pending', "embedding" text, "is_public" tinyint(1) not null default '1', "allowed_agents" text, "source" varchar, "source_url" text, "validation_status" varchar not null default 'unverified', "validated_at" datetime, "validated_by" varchar, "usage_count" integer not null default '0', "helpful_count" integer not null default '0', "not_helpful_count" integer not null default '0', "tags" text, "metadata" text, "created_by" varchar, "created_at" datetime not null default NOW(), "updated_at" datetime not null default NOW(), primary key ("id")))

  at vendor/laravel/framework/src/Illuminate/Database/Connection.php:826
    822▕                     $this->getName(), $query, $this->prepareBindings($bindings), $e
    823▕                 );
    824▕             }
    825▕ 
  ➜ 826▕             throw new QueryException(
    827▕                 $this->getName(), $query, $this->prepareBindings($bindings), $e
    828▕             );
    829▕         }
    830▕     }

      [2m+10 vendor frames [22m
  11  database/migrations/2024_12_01_000002_create_knowledge_base_table.php:16

  ────────────────────────────────────────────────────────────────────────────  
   FAILED  Tests\Feature\OutboundCampaignApiTest > can start…  QueryException   
  SQLSTATE[HY000]: General error: 1 near "(": syntax error (Connection: sqlite, SQL: create table "knowledge_base" ("id" varchar not null, "tenant_id" varchar not null, "title" text not null, "content" text not null, "category" text, "subcategory" text, "industry_codes" text, "embedding_status" varchar not null default 'pending', "embedding" text, "is_public" tinyint(1) not null default '1', "allowed_agents" text, "source" varchar, "source_url" text, "validation_status" varchar not null default 'unverified', "validated_at" datetime, "validated_by" varchar, "usage_count" integer not null default '0', "helpful_count" integer not null default '0', "not_helpful_count" integer not null default '0', "tags" text, "metadata" text, "created_by" varchar, "created_at" datetime not null default NOW(), "updated_at" datetime not null default NOW(), primary key ("id")))

  at vendor/laravel/framework/src/Illuminate/Database/Connection.php:826
    822▕                     $this->getName(), $query, $this->prepareBindings($bindings), $e
    823▕                 );
    824▕             }
    825▕ 
  ➜ 826▕             throw new QueryException(
    827▕                 $this->getName(), $query, $this->prepareBindings($bindings), $e
    828▕             );
    829▕         }
    830▕     }

      [2m+10 vendor frames [22m
  11  database/migrations/2024_12_01_000002_create_knowledge_base_table.php:16

  ────────────────────────────────────────────────────────────────────────────  
   FAILED  Tests\Feature\OutboundCampaignApiTest > can get c…  QueryException   
  SQLSTATE[HY000]: General error: 1 near "(": syntax error (Connection: sqlite, SQL: create table "knowledge_base" ("id" varchar not null, "tenant_id" varchar not null, "title" text not null, "content" text not null, "category" text, "subcategory" text, "industry_codes" text, "embedding_status" varchar not null default 'pending', "embedding" text, "is_public" tinyint(1) not null default '1', "allowed_agents" text, "source" varchar, "source_url" text, "validation_status" varchar not null default 'unverified', "validated_at" datetime, "validated_by" varchar, "usage_count" integer not null default '0', "helpful_count" integer not null default '0', "not_helpful_count" integer not null default '0', "tags" text, "metadata" text, "created_by" varchar, "created_at" datetime not null default NOW(), "updated_at" datetime not null default NOW(), primary key ("id")))

  at vendor/laravel/framework/src/Illuminate/Database/Connection.php:826
    822▕                     $this->getName(), $query, $this->prepareBindings($bindings), $e
    823▕                 );
    824▕             }
    825▕ 
  ➜ 826▕             throw new QueryException(
    827▕                 $this->getName(), $query, $this->prepareBindings($bindings), $e
    828▕             );
    829▕         }
    830▕     }

      [2m+10 vendor frames [22m
  11  database/migrations/2024_12_01_000002_create_knowledge_base_table.php:16

  ────────────────────────────────────────────────────────────────────────────  
   FAILED  Tests\Feature\PersonalityApiTest > can list perso…  QueryException   
  SQLSTATE[HY000]: General error: 1 near "(": syntax error (Connection: sqlite, SQL: create table "knowledge_base" ("id" varchar not null, "tenant_id" varchar not null, "title" text not null, "content" text not null, "category" text, "subcategory" text, "industry_codes" text, "embedding_status" varchar not null default 'pending', "embedding" text, "is_public" tinyint(1) not null default '1', "allowed_agents" text, "source" varchar, "source_url" text, "validation_status" varchar not null default 'unverified', "validated_at" datetime, "validated_by" varchar, "usage_count" integer not null default '0', "helpful_count" integer not null default '0', "not_helpful_count" integer not null default '0', "tags" text, "metadata" text, "created_by" varchar, "created_at" datetime not null default NOW(), "updated_at" datetime not null default NOW(), primary key ("id")))

  at vendor/laravel/framework/src/Illuminate/Database/Connection.php:826
    822▕                     $this->getName(), $query, $this->prepareBindings($bindings), $e
    823▕                 );
    824▕             }
    825▕ 
  ➜ 826▕             throw new QueryException(
    827▕                 $this->getName(), $query, $this->prepareBindings($bindings), $e
    828▕             );
    829▕         }
    830▕     }

      [2m+10 vendor frames [22m
  11  database/migrations/2024_12_01_000002_create_knowledge_base_table.php:16

  ────────────────────────────────────────────────────────────────────────────  
   FAILED  Tests\Feature\PersonalityApiTest > can create per…  QueryException   
  SQLSTATE[HY000]: General error: 1 near "(": syntax error (Connection: sqlite, SQL: create table "knowledge_base" ("id" varchar not null, "tenant_id" varchar not null, "title" text not null, "content" text not null, "category" text, "subcategory" text, "industry_codes" text, "embedding_status" varchar not null default 'pending', "embedding" text, "is_public" tinyint(1) not null default '1', "allowed_agents" text, "source" varchar, "source_url" text, "validation_status" varchar not null default 'unverified', "validated_at" datetime, "validated_by" varchar, "usage_count" integer not null default '0', "helpful_count" integer not null default '0', "not_helpful_count" integer not null default '0', "tags" text, "metadata" text, "created_by" varchar, "created_at" datetime not null default NOW(), "updated_at" datetime not null default NOW(), primary key ("id")))

  at vendor/laravel/framework/src/Illuminate/Database/Connection.php:826
    822▕                     $this->getName(), $query, $this->prepareBindings($bindings), $e
    823▕                 );
    824▕             }
    825▕ 
  ➜ 826▕             throw new QueryException(
    827▕                 $this->getName(), $query, $this->prepareBindings($bindings), $e
    828▕             );
    829▕         }
    830▕     }

      [2m+10 vendor frames [22m
  11  database/migrations/2024_12_01_000002_create_knowledge_base_table.php:16

  ────────────────────────────────────────────────────────────────────────────  
   FAILED  Tests\Feature\PersonalityApiTest > can show perso…  QueryException   
  SQLSTATE[HY000]: General error: 1 near "(": syntax error (Connection: sqlite, SQL: create table "knowledge_base" ("id" varchar not null, "tenant_id" varchar not null, "title" text not null, "content" text not null, "category" text, "subcategory" text, "industry_codes" text, "embedding_status" varchar not null default 'pending', "embedding" text, "is_public" tinyint(1) not null default '1', "allowed_agents" text, "source" varchar, "source_url" text, "validation_status" varchar not null default 'unverified', "validated_at" datetime, "validated_by" varchar, "usage_count" integer not null default '0', "helpful_count" integer not null default '0', "not_helpful_count" integer not null default '0', "tags" text, "metadata" text, "created_by" varchar, "created_at" datetime not null default NOW(), "updated_at" datetime not null default NOW(), primary key ("id")))

  at vendor/laravel/framework/src/Illuminate/Database/Connection.php:826
    822▕                     $this->getName(), $query, $this->prepareBindings($bindings), $e
    823▕                 );
    824▕             }
    825▕ 
  ➜ 826▕             throw new QueryException(
    827▕                 $this->getName(), $query, $this->prepareBindings($bindings), $e
    828▕             );
    829▕         }
    830▕     }

      [2m+10 vendor frames [22m
  11  database/migrations/2024_12_01_000002_create_knowledge_base_table.php:16

  ────────────────────────────────────────────────────────────────────────────  
   FAILED  Tests\Feature\PersonalityApiTest > can assign per…  QueryException   
  SQLSTATE[HY000]: General error: 1 near "(": syntax error (Connection: sqlite, SQL: create table "knowledge_base" ("id" varchar not null, "tenant_id" varchar not null, "title" text not null, "content" text not null, "category" text, "subcategory" text, "industry_codes" text, "embedding_status" varchar not null default 'pending', "embedding" text, "is_public" tinyint(1) not null default '1', "allowed_agents" text, "source" varchar, "source_url" text, "validation_status" varchar not null default 'unverified', "validated_at" datetime, "validated_by" varchar, "usage_count" integer not null default '0', "helpful_count" integer not null default '0', "not_helpful_count" integer not null default '0', "tags" text, "metadata" text, "created_by" varchar, "created_at" datetime not null default NOW(), "updated_at" datetime not null default NOW(), primary key ("id")))

  at vendor/laravel/framework/src/Illuminate/Database/Connection.php:826
    822▕                     $this->getName(), $query, $this->prepareBindings($bindings), $e
    823▕                 );
    824▕             }
    825▕ 
  ➜ 826▕             throw new QueryException(
    827▕                 $this->getName(), $query, $this->prepareBindings($bindings), $e
    828▕             );
    829▕         }
    830▕     }

      [2m+10 vendor frames [22m
  11  database/migrations/2024_12_01_000002_create_knowledge_base_table.php:16

  ────────────────────────────────────────────────────────────────────────────  
   FAILED  Tests\Feature\PersonalityApiTest > can get custom…  QueryException   
  SQLSTATE[HY000]: General error: 1 near "(": syntax error (Connection: sqlite, SQL: create table "knowledge_base" ("id" varchar not null, "tenant_id" varchar not null, "title" text not null, "content" text not null, "category" text, "subcategory" text, "industry_codes" text, "embedding_status" varchar not null default 'pending', "embedding" text, "is_public" tinyint(1) not null default '1', "allowed_agents" text, "source" varchar, "source_url" text, "validation_status" varchar not null default 'unverified', "validated_at" datetime, "validated_by" varchar, "usage_count" integer not null default '0', "helpful_count" integer not null default '0', "not_helpful_count" integer not null default '0', "tags" text, "metadata" text, "created_by" varchar, "created_at" datetime not null default NOW(), "updated_at" datetime not null default NOW(), primary key ("id")))

  at vendor/laravel/framework/src/Illuminate/Database/Connection.php:826
    822▕                     $this->getName(), $query, $this->prepareBindings($bindings), $e
    823▕                 );
    824▕             }
    825▕ 
  ➜ 826▕             throw new QueryException(
    827▕                 $this->getName(), $query, $this->prepareBindings($bindings), $e
    828▕             );
    829▕         }
    830▕     }

      [2m+10 vendor frames [22m
  11  database/migrations/2024_12_01_000002_create_knowledge_base_table.php:16

  ────────────────────────────────────────────────────────────────────────────  
   FAILED  Tests\Feature\PersonalityApiTest > can generate p…  QueryException   
  SQLSTATE[HY000]: General error: 1 near "(": syntax error (Connection: sqlite, SQL: create table "knowledge_base" ("id" varchar not null, "tenant_id" varchar not null, "title" text not null, "content" text not null, "category" text, "subcategory" text, "industry_codes" text, "embedding_status" varchar not null default 'pending', "embedding" text, "is_public" tinyint(1) not null default '1', "allowed_agents" text, "source" varchar, "source_url" text, "validation_status" varchar not null default 'unverified', "validated_at" datetime, "validated_by" varchar, "usage_count" integer not null default '0', "helpful_count" integer not null default '0', "not_helpful_count" integer not null default '0', "tags" text, "metadata" text, "created_by" varchar, "created_at" datetime not null default NOW(), "updated_at" datetime not null default NOW(), primary key ("id")))

  at vendor/laravel/framework/src/Illuminate/Database/Connection.php:826
    822▕                     $this->getName(), $query, $this->prepareBindings($bindings), $e
    823▕                 );
    824▕             }
    825▕ 
  ➜ 826▕             throw new QueryException(
    827▕                 $this->getName(), $query, $this->prepareBindings($bindings), $e
    828▕             );
    829▕         }
    830▕     }

      [2m+10 vendor frames [22m
  11  database/migrations/2024_12_01_000002_create_knowledge_base_table.php:16

  ────────────────────────────────────────────────────────────────────────────  
   FAILED  Tests\Feature\PhoneCampaignApiTest > can list pho…  QueryException   
  SQLSTATE[HY000]: General error: 1 near "(": syntax error (Connection: sqlite, SQL: create table "knowledge_base" ("id" varchar not null, "tenant_id" varchar not null, "title" text not null, "content" text not null, "category" text, "subcategory" text, "industry_codes" text, "embedding_status" varchar not null default 'pending', "embedding" text, "is_public" tinyint(1) not null default '1', "allowed_agents" text, "source" varchar, "source_url" text, "validation_status" varchar not null default 'unverified', "validated_at" datetime, "validated_by" varchar, "usage_count" integer not null default '0', "helpful_count" integer not null default '0', "not_helpful_count" integer not null default '0', "tags" text, "metadata" text, "created_by" varchar, "created_at" datetime not null default NOW(), "updated_at" datetime not null default NOW(), primary key ("id")))

  at vendor/laravel/framework/src/Illuminate/Database/Connection.php:826
    822▕                     $this->getName(), $query, $this->prepareBindings($bindings), $e
    823▕                 );
    824▕             }
    825▕ 
  ➜ 826▕             throw new QueryException(
    827▕                 $this->getName(), $query, $this->prepareBindings($bindings), $e
    828▕             );
    829▕         }
    830▕     }

      [2m+10 vendor frames [22m
  11  database/migrations/2024_12_01_000002_create_knowledge_base_table.php:16

  ────────────────────────────────────────────────────────────────────────────  
   FAILED  Tests\Feature\PhoneCampaignApiTest > can create p…  QueryException   
  SQLSTATE[HY000]: General error: 1 near "(": syntax error (Connection: sqlite, SQL: create table "knowledge_base" ("id" varchar not null, "tenant_id" varchar not null, "title" text not null, "content" text not null, "category" text, "subcategory" text, "industry_codes" text, "embedding_status" varchar not null default 'pending', "embedding" text, "is_public" tinyint(1) not null default '1', "allowed_agents" text, "source" varchar, "source_url" text, "validation_status" varchar not null default 'unverified', "validated_at" datetime, "validated_by" varchar, "usage_count" integer not null default '0', "helpful_count" integer not null default '0', "not_helpful_count" integer not null default '0', "tags" text, "metadata" text, "created_by" varchar, "created_at" datetime not null default NOW(), "updated_at" datetime not null default NOW(), primary key ("id")))

  at vendor/laravel/framework/src/Illuminate/Database/Connection.php:826
    822▕                     $this->getName(), $query, $this->prepareBindings($bindings), $e
    823▕                 );
    824▕             }
    825▕ 
  ➜ 826▕             throw new QueryException(
    827▕                 $this->getName(), $query, $this->prepareBindings($bindings), $e
    828▕             );
    829▕         }
    830▕     }

      [2m+10 vendor frames [22m
  11  database/migrations/2024_12_01_000002_create_knowledge_base_table.php:16

  ────────────────────────────────────────────────────────────────────────────  
   FAILED  Tests\Feature\PhoneCampaignApiTest > can list pho…  QueryException   
  SQLSTATE[HY000]: General error: 1 near "(": syntax error (Connection: sqlite, SQL: create table "knowledge_base" ("id" varchar not null, "tenant_id" varchar not null, "title" text not null, "content" text not null, "category" text, "subcategory" text, "industry_codes" text, "embedding_status" varchar not null default 'pending', "embedding" text, "is_public" tinyint(1) not null default '1', "allowed_agents" text, "source" varchar, "source_url" text, "validation_status" varchar not null default 'unverified', "validated_at" datetime, "validated_by" varchar, "usage_count" integer not null default '0', "helpful_count" integer not null default '0', "not_helpful_count" integer not null default '0', "tags" text, "metadata" text, "created_by" varchar, "created_at" datetime not null default NOW(), "updated_at" datetime not null default NOW(), primary key ("id")))

  at vendor/laravel/framework/src/Illuminate/Database/Connection.php:826
    822▕                     $this->getName(), $query, $this->prepareBindings($bindings), $e
    823▕                 );
    824▕             }
    825▕ 
  ➜ 826▕             throw new QueryException(
    827▕                 $this->getName(), $query, $this->prepareBindings($bindings), $e
    828▕             );
    829▕         }
    830▕     }

      [2m+10 vendor frames [22m
  11  database/migrations/2024_12_01_000002_create_knowledge_base_table.php:16

  ────────────────────────────────────────────────────────────────────────────  
   FAILED  Tests\Feature\PhoneCampaignApiTest > can create p…  QueryException   
  SQLSTATE[HY000]: General error: 1 near "(": syntax error (Connection: sqlite, SQL: create table "knowledge_base" ("id" varchar not null, "tenant_id" varchar not null, "title" text not null, "content" text not null, "category" text, "subcategory" text, "industry_codes" text, "embedding_status" varchar not null default 'pending', "embedding" text, "is_public" tinyint(1) not null default '1', "allowed_agents" text, "source" varchar, "source_url" text, "validation_status" varchar not null default 'unverified', "validated_at" datetime, "validated_by" varchar, "usage_count" integer not null default '0', "helpful_count" integer not null default '0', "not_helpful_count" integer not null default '0', "tags" text, "metadata" text, "created_by" varchar, "created_at" datetime not null default NOW(), "updated_at" datetime not null default NOW(), primary key ("id")))

  at vendor/laravel/framework/src/Illuminate/Database/Connection.php:826
    822▕                     $this->getName(), $query, $this->prepareBindings($bindings), $e
    823▕                 );
    824▕             }
    825▕ 
  ➜ 826▕             throw new QueryException(
    827▕                 $this->getName(), $query, $this->prepareBindings($bindings), $e
    828▕             );
    829▕         }
    830▕     }

      [2m+10 vendor frames [22m
  11  database/migrations/2024_12_01_000002_create_knowledge_base_table.php:16

  ────────────────────────────────────────────────────────────────────────────  
   FAILED  Tests\Feature\PhoneCampaignApiTest > can update c…  QueryException   
  SQLSTATE[HY000]: General error: 1 near "(": syntax error (Connection: sqlite, SQL: create table "knowledge_base" ("id" varchar not null, "tenant_id" varchar not null, "title" text not null, "content" text not null, "category" text, "subcategory" text, "industry_codes" text, "embedding_status" varchar not null default 'pending', "embedding" text, "is_public" tinyint(1) not null default '1', "allowed_agents" text, "source" varchar, "source_url" text, "validation_status" varchar not null default 'unverified', "validated_at" datetime, "validated_by" varchar, "usage_count" integer not null default '0', "helpful_count" integer not null default '0', "not_helpful_count" integer not null default '0', "tags" text, "metadata" text, "created_by" varchar, "created_at" datetime not null default NOW(), "updated_at" datetime not null default NOW(), primary key ("id")))

  at vendor/laravel/framework/src/Illuminate/Database/Connection.php:826
    822▕                     $this->getName(), $query, $this->prepareBindings($bindings), $e
    823▕                 );
    824▕             }
    825▕ 
  ➜ 826▕             throw new QueryException(
    827▕                 $this->getName(), $query, $this->prepareBindings($bindings), $e
    828▕             );
    829▕         }
    830▕     }

      [2m+10 vendor frames [22m
  11  database/migrations/2024_12_01_000002_create_knowledge_base_table.php:16

  ────────────────────────────────────────────────────────────────────────────  
   FAILED  Tests\Feature\PresentationApiTest > can list pres…  QueryException   
  SQLSTATE[HY000]: General error: 1 near "(": syntax error (Connection: sqlite, SQL: create table "knowledge_base" ("id" varchar not null, "tenant_id" varchar not null, "title" text not null, "content" text not null, "category" text, "subcategory" text, "industry_codes" text, "embedding_status" varchar not null default 'pending', "embedding" text, "is_public" tinyint(1) not null default '1', "allowed_agents" text, "source" varchar, "source_url" text, "validation_status" varchar not null default 'unverified', "validated_at" datetime, "validated_by" varchar, "usage_count" integer not null default '0', "helpful_count" integer not null default '0', "not_helpful_count" integer not null default '0', "tags" text, "metadata" text, "created_by" varchar, "created_at" datetime not null default NOW(), "updated_at" datetime not null default NOW(), primary key ("id")))

  at vendor/laravel/framework/src/Illuminate/Database/Connection.php:826
    822▕                     $this->getName(), $query, $this->prepareBindings($bindings), $e
    823▕                 );
    824▕             }
    825▕ 
  ➜ 826▕             throw new QueryException(
    827▕                 $this->getName(), $query, $this->prepareBindings($bindings), $e
    828▕             );
    829▕         }
    830▕     }

      [2m+10 vendor frames [22m
  11  database/migrations/2024_12_01_000002_create_knowledge_base_table.php:16

  ────────────────────────────────────────────────────────────────────────────  
   FAILED  Tests\Feature\PresentationApiTest > can show pres…  QueryException   
  SQLSTATE[HY000]: General error: 1 near "(": syntax error (Connection: sqlite, SQL: create table "knowledge_base" ("id" varchar not null, "tenant_id" varchar not null, "title" text not null, "content" text not null, "category" text, "subcategory" text, "industry_codes" text, "embedding_status" varchar not null default 'pending', "embedding" text, "is_public" tinyint(1) not null default '1', "allowed_agents" text, "source" varchar, "source_url" text, "validation_status" varchar not null default 'unverified', "validated_at" datetime, "validated_by" varchar, "usage_count" integer not null default '0', "helpful_count" integer not null default '0', "not_helpful_count" integer not null default '0', "tags" text, "metadata" text, "created_by" varchar, "created_at" datetime not null default NOW(), "updated_at" datetime not null default NOW(), primary key ("id")))

  at vendor/laravel/framework/src/Illuminate/Database/Connection.php:826
    822▕                     $this->getName(), $query, $this->prepareBindings($bindings), $e
    823▕                 );
    824▕             }
    825▕ 
  ➜ 826▕             throw new QueryException(
    827▕                 $this->getName(), $query, $this->prepareBindings($bindings), $e
    828▕             );
    829▕         }
    830▕     }

      [2m+10 vendor frames [22m
  11  database/migrations/2024_12_01_000002_create_knowledge_base_table.php:16

  ────────────────────────────────────────────────────────────────────────────  
   FAILED  Tests\Feature\PresentationApiTest > can create pr…  QueryException   
  SQLSTATE[HY000]: General error: 1 near "(": syntax error (Connection: sqlite, SQL: create table "knowledge_base" ("id" varchar not null, "tenant_id" varchar not null, "title" text not null, "content" text not null, "category" text, "subcategory" text, "industry_codes" text, "embedding_status" varchar not null default 'pending', "embedding" text, "is_public" tinyint(1) not null default '1', "allowed_agents" text, "source" varchar, "source_url" text, "validation_status" varchar not null default 'unverified', "validated_at" datetime, "validated_by" varchar, "usage_count" integer not null default '0', "helpful_count" integer not null default '0', "not_helpful_count" integer not null default '0', "tags" text, "metadata" text, "created_by" varchar, "created_at" datetime not null default NOW(), "updated_at" datetime not null default NOW(), primary key ("id")))

  at vendor/laravel/framework/src/Illuminate/Database/Connection.php:826
    822▕                     $this->getName(), $query, $this->prepareBindings($bindings), $e
    823▕                 );
    824▕             }
    825▕ 
  ➜ 826▕             throw new QueryException(
    827▕                 $this->getName(), $query, $this->prepareBindings($bindings), $e
    828▕             );
    829▕         }
    830▕     }

      [2m+10 vendor frames [22m
  11  database/migrations/2024_12_01_000002_create_knowledge_base_table.php:16

  ────────────────────────────────────────────────────────────────────────────  
   FAILED  Tests\Feature\PresentationApiTest > can show gene…  QueryException   
  SQLSTATE[HY000]: General error: 1 near "(": syntax error (Connection: sqlite, SQL: create table "knowledge_base" ("id" varchar not null, "tenant_id" varchar not null, "title" text not null, "content" text not null, "category" text, "subcategory" text, "industry_codes" text, "embedding_status" varchar not null default 'pending', "embedding" text, "is_public" tinyint(1) not null default '1', "allowed_agents" text, "source" varchar, "source_url" text, "validation_status" varchar not null default 'unverified', "validated_at" datetime, "validated_by" varchar, "usage_count" integer not null default '0', "helpful_count" integer not null default '0', "not_helpful_count" integer not null default '0', "tags" text, "metadata" text, "created_by" varchar, "created_at" datetime not null default NOW(), "updated_at" datetime not null default NOW(), primary key ("id")))

  at vendor/laravel/framework/src/Illuminate/Database/Connection.php:826
    822▕                     $this->getName(), $query, $this->prepareBindings($bindings), $e
    823▕                 );
    824▕             }
    825▕ 
  ➜ 826▕             throw new QueryException(
    827▕                 $this->getName(), $query, $this->prepareBindings($bindings), $e
    828▕             );
    829▕         }
    830▕     }

      [2m+10 vendor frames [22m
  11  database/migrations/2024_12_01_000002_create_knowledge_base_table.php:16

  ────────────────────────────────────────────────────────────────────────────  
   FAILED  Tests\Feature\PresentationApiTest > can generate…   QueryException   
  SQLSTATE[HY000]: General error: 1 near "(": syntax error (Connection: sqlite, SQL: create table "knowledge_base" ("id" varchar not null, "tenant_id" varchar not null, "title" text not null, "content" text not null, "category" text, "subcategory" text, "industry_codes" text, "embedding_status" varchar not null default 'pending', "embedding" text, "is_public" tinyint(1) not null default '1', "allowed_agents" text, "source" varchar, "source_url" text, "validation_status" varchar not null default 'unverified', "validated_at" datetime, "validated_by" varchar, "usage_count" integer not null default '0', "helpful_count" integer not null default '0', "not_helpful_count" integer not null default '0', "tags" text, "metadata" text, "created_by" varchar, "created_at" datetime not null default NOW(), "updated_at" datetime not null default NOW(), primary key ("id")))

  at vendor/laravel/framework/src/Illuminate/Database/Connection.php:826
    822▕                     $this->getName(), $query, $this->prepareBindings($bindings), $e
    823▕                 );
    824▕             }
    825▕ 
  ➜ 826▕             throw new QueryException(
    827▕                 $this->getName(), $query, $this->prepareBindings($bindings), $e
    828▕             );
    829▕         }
    830▕     }

      [2m+10 vendor frames [22m
  11  database/migrations/2024_12_01_000002_create_knowledge_base_table.php:16

  ────────────────────────────────────────────────────────────────────────────  
   FAILED  Tests\Feature\PublishingApiTest > can get publish…  QueryException   
  SQLSTATE[HY000]: General error: 1 near "(": syntax error (Connection: sqlite, SQL: create table "knowledge_base" ("id" varchar not null, "tenant_id" varchar not null, "title" text not null, "content" text not null, "category" text, "subcategory" text, "industry_codes" text, "embedding_status" varchar not null default 'pending', "embedding" text, "is_public" tinyint(1) not null default '1', "allowed_agents" text, "source" varchar, "source_url" text, "validation_status" varchar not null default 'unverified', "validated_at" datetime, "validated_by" varchar, "usage_count" integer not null default '0', "helpful_count" integer not null default '0', "not_helpful_count" integer not null default '0', "tags" text, "metadata" text, "created_by" varchar, "created_at" datetime not null default NOW(), "updated_at" datetime not null default NOW(), primary key ("id")))

  at vendor/laravel/framework/src/Illuminate/Database/Connection.php:826
    822▕                     $this->getName(), $query, $this->prepareBindings($bindings), $e
    823▕                 );
    824▕             }
    825▕ 
  ➜ 826▕             throw new QueryException(
    827▕                 $this->getName(), $query, $this->prepareBindings($bindings), $e
    828▕             );
    829▕         }
    830▕     }

      [2m+10 vendor frames [22m
  11  database/migrations/2024_12_01_000002_create_knowledge_base_table.php:16

  ────────────────────────────────────────────────────────────────────────────  
   FAILED  Tests\Feature\PublishingApiTest > can get publish…  QueryException   
  SQLSTATE[HY000]: General error: 1 near "(": syntax error (Connection: sqlite, SQL: create table "knowledge_base" ("id" varchar not null, "tenant_id" varchar not null, "title" text not null, "content" text not null, "category" text, "subcategory" text, "industry_codes" text, "embedding_status" varchar not null default 'pending', "embedding" text, "is_public" tinyint(1) not null default '1', "allowed_agents" text, "source" varchar, "source_url" text, "validation_status" varchar not null default 'unverified', "validated_at" datetime, "validated_by" varchar, "usage_count" integer not null default '0', "helpful_count" integer not null default '0', "not_helpful_count" integer not null default '0', "tags" text, "metadata" text, "created_by" varchar, "created_at" datetime not null default NOW(), "updated_at" datetime not null default NOW(), primary key ("id")))

  at vendor/laravel/framework/src/Illuminate/Database/Connection.php:826
    822▕                     $this->getName(), $query, $this->prepareBindings($bindings), $e
    823▕                 );
    824▕             }
    825▕ 
  ➜ 826▕             throw new QueryException(
    827▕                 $this->getName(), $query, $this->prepareBindings($bindings), $e
    828▕             );
    829▕         }
    830▕     }

      [2m+10 vendor frames [22m
  11  database/migrations/2024_12_01_000002_create_knowledge_base_table.php:16

  ────────────────────────────────────────────────────────────────────────────  
   FAILED  Tests\Feature\PublishingApiTest > can get publish…  QueryException   
  SQLSTATE[HY000]: General error: 1 near "(": syntax error (Connection: sqlite, SQL: create table "knowledge_base" ("id" varchar not null, "tenant_id" varchar not null, "title" text not null, "content" text not null, "category" text, "subcategory" text, "industry_codes" text, "embedding_status" varchar not null default 'pending', "embedding" text, "is_public" tinyint(1) not null default '1', "allowed_agents" text, "source" varchar, "source_url" text, "validation_status" varchar not null default 'unverified', "validated_at" datetime, "validated_by" varchar, "usage_count" integer not null default '0', "helpful_count" integer not null default '0', "not_helpful_count" integer not null default '0', "tags" text, "metadata" text, "created_by" varchar, "created_at" datetime not null default NOW(), "updated_at" datetime not null default NOW(), primary key ("id")))

  at vendor/laravel/framework/src/Illuminate/Database/Connection.php:826
    822▕                     $this->getName(), $query, $this->prepareBindings($bindings), $e
    823▕                 );
    824▕             }
    825▕ 
  ➜ 826▕             throw new QueryException(
    827▕                 $this->getName(), $query, $this->prepareBindings($bindings), $e
    828▕             );
    829▕         }
    830▕     }

      [2m+10 vendor frames [22m
  11  database/migrations/2024_12_01_000002_create_knowledge_base_table.php:16

  ────────────────────────────────────────────────────────────────────────────  
   FAILED  Tests\Feature\PublishingApiTest > can publish con…  QueryException   
  SQLSTATE[HY000]: General error: 1 near "(": syntax error (Connection: sqlite, SQL: create table "knowledge_base" ("id" varchar not null, "tenant_id" varchar not null, "title" text not null, "content" text not null, "category" text, "subcategory" text, "industry_codes" text, "embedding_status" varchar not null default 'pending', "embedding" text, "is_public" tinyint(1) not null default '1', "allowed_agents" text, "source" varchar, "source_url" text, "validation_status" varchar not null default 'unverified', "validated_at" datetime, "validated_by" varchar, "usage_count" integer not null default '0', "helpful_count" integer not null default '0', "not_helpful_count" integer not null default '0', "tags" text, "metadata" text, "created_by" varchar, "created_at" datetime not null default NOW(), "updated_at" datetime not null default NOW(), primary key ("id")))

  at vendor/laravel/framework/src/Illuminate/Database/Connection.php:826
    822▕                     $this->getName(), $query, $this->prepareBindings($bindings), $e
    823▕                 );
    824▕             }
    825▕ 
  ➜ 826▕             throw new QueryException(
    827▕                 $this->getName(), $query, $this->prepareBindings($bindings), $e
    828▕             );
    829▕         }
    830▕     }

      [2m+10 vendor frames [22m
  11  database/migrations/2024_12_01_000002_create_knowledge_base_table.php:16

  ────────────────────────────────────────────────────────────────────────────  
   FAILED  Tests\Feature\SMSCampaignApiTest > can list sms c…  QueryException   
  SQLSTATE[HY000]: General error: 1 near "(": syntax error (Connection: sqlite, SQL: create table "knowledge_base" ("id" varchar not null, "tenant_id" varchar not null, "title" text not null, "content" text not null, "category" text, "subcategory" text, "industry_codes" text, "embedding_status" varchar not null default 'pending', "embedding" text, "is_public" tinyint(1) not null default '1', "allowed_agents" text, "source" varchar, "source_url" text, "validation_status" varchar not null default 'unverified', "validated_at" datetime, "validated_by" varchar, "usage_count" integer not null default '0', "helpful_count" integer not null default '0', "not_helpful_count" integer not null default '0', "tags" text, "metadata" text, "created_by" varchar, "created_at" datetime not null default NOW(), "updated_at" datetime not null default NOW(), primary key ("id")))

  at vendor/laravel/framework/src/Illuminate/Database/Connection.php:826
    822▕                     $this->getName(), $query, $this->prepareBindings($bindings), $e
    823▕                 );
    824▕             }
    825▕ 
  ➜ 826▕             throw new QueryException(
    827▕                 $this->getName(), $query, $this->prepareBindings($bindings), $e
    828▕             );
    829▕         }
    830▕     }

      [2m+10 vendor frames [22m
  11  database/migrations/2024_12_01_000002_create_knowledge_base_table.php:16

  ────────────────────────────────────────────────────────────────────────────  
   FAILED  Tests\Feature\SMSCampaignApiTest > can create sms…  QueryException   
  SQLSTATE[HY000]: General error: 1 near "(": syntax error (Connection: sqlite, SQL: create table "knowledge_base" ("id" varchar not null, "tenant_id" varchar not null, "title" text not null, "content" text not null, "category" text, "subcategory" text, "industry_codes" text, "embedding_status" varchar not null default 'pending', "embedding" text, "is_public" tinyint(1) not null default '1', "allowed_agents" text, "source" varchar, "source_url" text, "validation_status" varchar not null default 'unverified', "validated_at" datetime, "validated_by" varchar, "usage_count" integer not null default '0', "helpful_count" integer not null default '0', "not_helpful_count" integer not null default '0', "tags" text, "metadata" text, "created_by" varchar, "created_at" datetime not null default NOW(), "updated_at" datetime not null default NOW(), primary key ("id")))

  at vendor/laravel/framework/src/Illuminate/Database/Connection.php:826
    822▕                     $this->getName(), $query, $this->prepareBindings($bindings), $e
    823▕                 );
    824▕             }
    825▕ 
  ➜ 826▕             throw new QueryException(
    827▕                 $this->getName(), $query, $this->prepareBindings($bindings), $e
    828▕             );
    829▕         }
    830▕     }

      [2m+10 vendor frames [22m
  11  database/migrations/2024_12_01_000002_create_knowledge_base_table.php:16

  ────────────────────────────────────────────────────────────────────────────  
   FAILED  Tests\Feature\SMSCampaignApiTest > can list sms t…  QueryException   
  SQLSTATE[HY000]: General error: 1 near "(": syntax error (Connection: sqlite, SQL: create table "knowledge_base" ("id" varchar not null, "tenant_id" varchar not null, "title" text not null, "content" text not null, "category" text, "subcategory" text, "industry_codes" text, "embedding_status" varchar not null default 'pending', "embedding" text, "is_public" tinyint(1) not null default '1', "allowed_agents" text, "source" varchar, "source_url" text, "validation_status" varchar not null default 'unverified', "validated_at" datetime, "validated_by" varchar, "usage_count" integer not null default '0', "helpful_count" integer not null default '0', "not_helpful_count" integer not null default '0', "tags" text, "metadata" text, "created_by" varchar, "created_at" datetime not null default NOW(), "updated_at" datetime not null default NOW(), primary key ("id")))

  at vendor/laravel/framework/src/Illuminate/Database/Connection.php:826
    822▕                     $this->getName(), $query, $this->prepareBindings($bindings), $e
    823▕                 );
    824▕             }
    825▕ 
  ➜ 826▕             throw new QueryException(
    827▕                 $this->getName(), $query, $this->prepareBindings($bindings), $e
    828▕             );
    829▕         }
    830▕     }

      [2m+10 vendor frames [22m
  11  database/migrations/2024_12_01_000002_create_knowledge_base_table.php:16

  ────────────────────────────────────────────────────────────────────────────  
   FAILED  Tests\Feature\SMSCampaignApiTest > can create sms…  QueryException   
  SQLSTATE[HY000]: General error: 1 near "(": syntax error (Connection: sqlite, SQL: create table "knowledge_base" ("id" varchar not null, "tenant_id" varchar not null, "title" text not null, "content" text not null, "category" text, "subcategory" text, "industry_codes" text, "embedding_status" varchar not null default 'pending', "embedding" text, "is_public" tinyint(1) not null default '1', "allowed_agents" text, "source" varchar, "source_url" text, "validation_status" varchar not null default 'unverified', "validated_at" datetime, "validated_by" varchar, "usage_count" integer not null default '0', "helpful_count" integer not null default '0', "not_helpful_count" integer not null default '0', "tags" text, "metadata" text, "created_by" varchar, "created_at" datetime not null default NOW(), "updated_at" datetime not null default NOW(), primary key ("id")))

  at vendor/laravel/framework/src/Illuminate/Database/Connection.php:826
    822▕                     $this->getName(), $query, $this->prepareBindings($bindings), $e
    823▕                 );
    824▕             }
    825▕ 
  ➜ 826▕             throw new QueryException(
    827▕                 $this->getName(), $query, $this->prepareBindings($bindings), $e
    828▕             );
    829▕         }
    830▕     }

      [2m+10 vendor frames [22m
  11  database/migrations/2024_12_01_000002_create_knowledge_base_table.php:16

  ────────────────────────────────────────────────────────────────────────────  
   FAILED  Tests\Feature\SMSCampaignApiTest > can update sms…  QueryException   
  SQLSTATE[HY000]: General error: 1 near "(": syntax error (Connection: sqlite, SQL: create table "knowledge_base" ("id" varchar not null, "tenant_id" varchar not null, "title" text not null, "content" text not null, "category" text, "subcategory" text, "industry_codes" text, "embedding_status" varchar not null default 'pending', "embedding" text, "is_public" tinyint(1) not null default '1', "allowed_agents" text, "source" varchar, "source_url" text, "validation_status" varchar not null default 'unverified', "validated_at" datetime, "validated_by" varchar, "usage_count" integer not null default '0', "helpful_count" integer not null default '0', "not_helpful_count" integer not null default '0', "tags" text, "metadata" text, "created_by" varchar, "created_at" datetime not null default NOW(), "updated_at" datetime not null default NOW(), primary key ("id")))

  at vendor/laravel/framework/src/Illuminate/Database/Connection.php:826
    822▕                     $this->getName(), $query, $this->prepareBindings($bindings), $e
    823▕                 );
    824▕             }
    825▕ 
  ➜ 826▕             throw new QueryException(
    827▕                 $this->getName(), $query, $this->prepareBindings($bindings), $e
    828▕             );
    829▕         }
    830▕     }

      [2m+10 vendor frames [22m
  11  database/migrations/2024_12_01_000002_create_knowledge_base_table.php:16

  ────────────────────────────────────────────────────────────────────────────  
   FAILED  Tests\Feature\SearchApiTest > can search knowledg…  QueryException   
  SQLSTATE[HY000]: General error: 1 near "(": syntax error (Connection: sqlite, SQL: create table "knowledge_base" ("id" varchar not null, "tenant_id" varchar not null, "title" text not null, "content" text not null, "category" text, "subcategory" text, "industry_codes" text, "embedding_status" varchar not null default 'pending', "embedding" text, "is_public" tinyint(1) not null default '1', "allowed_agents" text, "source" varchar, "source_url" text, "validation_status" varchar not null default 'unverified', "validated_at" datetime, "validated_by" varchar, "usage_count" integer not null default '0', "helpful_count" integer not null default '0', "not_helpful_count" integer not null default '0', "tags" text, "metadata" text, "created_by" varchar, "created_at" datetime not null default NOW(), "updated_at" datetime not null default NOW(), primary key ("id")))

  at vendor/laravel/framework/src/Illuminate/Database/Connection.php:826
    822▕                     $this->getName(), $query, $this->prepareBindings($bindings), $e
    823▕                 );
    824▕             }
    825▕ 
  ➜ 826▕             throw new QueryException(
    827▕                 $this->getName(), $query, $this->prepareBindings($bindings), $e
    828▕             );
    829▕         }
    830▕     }

      [2m+10 vendor frames [22m
  11  database/migrations/2024_12_01_000002_create_knowledge_base_table.php:16

  ────────────────────────────────────────────────────────────────────────────  
   FAILED  Tests\Feature\SearchApiTest > can perform hybrid…   QueryException   
  SQLSTATE[HY000]: General error: 1 near "(": syntax error (Connection: sqlite, SQL: create table "knowledge_base" ("id" varchar not null, "tenant_id" varchar not null, "title" text not null, "content" text not null, "category" text, "subcategory" text, "industry_codes" text, "embedding_status" varchar not null default 'pending', "embedding" text, "is_public" tinyint(1) not null default '1', "allowed_agents" text, "source" varchar, "source_url" text, "validation_status" varchar not null default 'unverified', "validated_at" datetime, "validated_by" varchar, "usage_count" integer not null default '0', "helpful_count" integer not null default '0', "not_helpful_count" integer not null default '0', "tags" text, "metadata" text, "created_by" varchar, "created_at" datetime not null default NOW(), "updated_at" datetime not null default NOW(), primary key ("id")))

  at vendor/laravel/framework/src/Illuminate/Database/Connection.php:826
    822▕                     $this->getName(), $query, $this->prepareBindings($bindings), $e
    823▕                 );
    824▕             }
    825▕ 
  ➜ 826▕             throw new QueryException(
    827▕                 $this->getName(), $query, $this->prepareBindings($bindings), $e
    828▕             );
    829▕         }
    830▕     }

      [2m+10 vendor frames [22m
  11  database/migrations/2024_12_01_000002_create_knowledge_base_table.php:16

  ────────────────────────────────────────────────────────────────────────────  
   FAILED  Tests\Feature\SearchApiTest > search requires que…  QueryException   
  SQLSTATE[HY000]: General error: 1 near "(": syntax error (Connection: sqlite, SQL: create table "knowledge_base" ("id" varchar not null, "tenant_id" varchar not null, "title" text not null, "content" text not null, "category" text, "subcategory" text, "industry_codes" text, "embedding_status" varchar not null default 'pending', "embedding" text, "is_public" tinyint(1) not null default '1', "allowed_agents" text, "source" varchar, "source_url" text, "validation_status" varchar not null default 'unverified', "validated_at" datetime, "validated_by" varchar, "usage_count" integer not null default '0', "helpful_count" integer not null default '0', "not_helpful_count" integer not null default '0', "tags" text, "metadata" text, "created_by" varchar, "created_at" datetime not null default NOW(), "updated_at" datetime not null default NOW(), primary key ("id")))

  at vendor/laravel/framework/src/Illuminate/Database/Connection.php:826
    822▕                     $this->getName(), $query, $this->prepareBindings($bindings), $e
    823▕                 );
    824▕             }
    825▕ 
  ➜ 826▕             throw new QueryException(
    827▕                 $this->getName(), $query, $this->prepareBindings($bindings), $e
    828▕             );
    829▕         }
    830▕     }

      [2m+10 vendor frames [22m
  11  database/migrations/2024_12_01_000002_create_knowledge_base_table.php:16

  ────────────────────────────────────────────────────────────────────────────  
   FAILED  Tests\Feature\SearchApiTest > can perform fulltex…  QueryException   
  SQLSTATE[HY000]: General error: 1 near "(": syntax error (Connection: sqlite, SQL: create table "knowledge_base" ("id" varchar not null, "tenant_id" varchar not null, "title" text not null, "content" text not null, "category" text, "subcategory" text, "industry_codes" text, "embedding_status" varchar not null default 'pending', "embedding" text, "is_public" tinyint(1) not null default '1', "allowed_agents" text, "source" varchar, "source_url" text, "validation_status" varchar not null default 'unverified', "validated_at" datetime, "validated_by" varchar, "usage_count" integer not null default '0', "helpful_count" integer not null default '0', "not_helpful_count" integer not null default '0', "tags" text, "metadata" text, "created_by" varchar, "created_at" datetime not null default NOW(), "updated_at" datetime not null default NOW(), primary key ("id")))

  at vendor/laravel/framework/src/Illuminate/Database/Connection.php:826
    822▕                     $this->getName(), $query, $this->prepareBindings($bindings), $e
    823▕                 );
    824▕             }
    825▕ 
  ➜ 826▕             throw new QueryException(
    827▕                 $this->getName(), $query, $this->prepareBindings($bindings), $e
    828▕             );
    829▕         }
    830▕     }

      [2m+10 vendor frames [22m
  11  database/migrations/2024_12_01_000002_create_knowledge_base_table.php:16

  ────────────────────────────────────────────────────────────────────────────  
   FAILED  Tests\Feature\SearchApiTest > can get embedding s…  QueryException   
  SQLSTATE[HY000]: General error: 1 near "(": syntax error (Connection: sqlite, SQL: create table "knowledge_base" ("id" varchar not null, "tenant_id" varchar not null, "title" text not null, "content" text not null, "category" text, "subcategory" text, "industry_codes" text, "embedding_status" varchar not null default 'pending', "embedding" text, "is_public" tinyint(1) not null default '1', "allowed_agents" text, "source" varchar, "source_url" text, "validation_status" varchar not null default 'unverified', "validated_at" datetime, "validated_by" varchar, "usage_count" integer not null default '0', "helpful_count" integer not null default '0', "not_helpful_count" integer not null default '0', "tags" text, "metadata" text, "created_by" varchar, "created_at" datetime not null default NOW(), "updated_at" datetime not null default NOW(), primary key ("id")))

  at vendor/laravel/framework/src/Illuminate/Database/Connection.php:826
    822▕                     $this->getName(), $query, $this->prepareBindings($bindings), $e
    823▕                 );
    824▕             }
    825▕ 
  ➜ 826▕             throw new QueryException(
    827▕                 $this->getName(), $query, $this->prepareBindings($bindings), $e
    828▕             );
    829▕         }
    830▕     }

      [2m+10 vendor frames [22m
  11  database/migrations/2024_12_01_000002_create_knowledge_base_table.php:16

  ────────────────────────────────────────────────────────────────────────────  
   FAILED  Tests\Feature\ServiceApiTest > can list services    QueryException   
  SQLSTATE[HY000]: General error: 1 near "(": syntax error (Connection: sqlite, SQL: create table "knowledge_base" ("id" varchar not null, "tenant_id" varchar not null, "title" text not null, "content" text not null, "category" text, "subcategory" text, "industry_codes" text, "embedding_status" varchar not null default 'pending', "embedding" text, "is_public" tinyint(1) not null default '1', "allowed_agents" text, "source" varchar, "source_url" text, "validation_status" varchar not null default 'unverified', "validated_at" datetime, "validated_by" varchar, "usage_count" integer not null default '0', "helpful_count" integer not null default '0', "not_helpful_count" integer not null default '0', "tags" text, "metadata" text, "created_by" varchar, "created_at" datetime not null default NOW(), "updated_at" datetime not null default NOW(), primary key ("id")))

  at vendor/laravel/framework/src/Illuminate/Database/Connection.php:826
    822▕                     $this->getName(), $query, $this->prepareBindings($bindings), $e
    823▕                 );
    824▕             }
    825▕ 
  ➜ 826▕             throw new QueryException(
    827▕                 $this->getName(), $query, $this->prepareBindings($bindings), $e
    828▕             );
    829▕         }
    830▕     }

      [2m+10 vendor frames [22m
  11  database/migrations/2024_12_01_000002_create_knowledge_base_table.php:16

  ────────────────────────────────────────────────────────────────────────────  
   FAILED  Tests\Feature\ServiceApiTest > can show service     QueryException   
  SQLSTATE[HY000]: General error: 1 near "(": syntax error (Connection: sqlite, SQL: create table "knowledge_base" ("id" varchar not null, "tenant_id" varchar not null, "title" text not null, "content" text not null, "category" text, "subcategory" text, "industry_codes" text, "embedding_status" varchar not null default 'pending', "embedding" text, "is_public" tinyint(1) not null default '1', "allowed_agents" text, "source" varchar, "source_url" text, "validation_status" varchar not null default 'unverified', "validated_at" datetime, "validated_by" varchar, "usage_count" integer not null default '0', "helpful_count" integer not null default '0', "not_helpful_count" integer not null default '0', "tags" text, "metadata" text, "created_by" varchar, "created_at" datetime not null default NOW(), "updated_at" datetime not null default NOW(), primary key ("id")))

  at vendor/laravel/framework/src/Illuminate/Database/Connection.php:826
    822▕                     $this->getName(), $query, $this->prepareBindings($bindings), $e
    823▕                 );
    824▕             }
    825▕ 
  ➜ 826▕             throw new QueryException(
    827▕                 $this->getName(), $query, $this->prepareBindings($bindings), $e
    828▕             );
    829▕         }
    830▕     }

      [2m+10 vendor frames [22m
  11  database/migrations/2024_12_01_000002_create_knowledge_base_table.php:16

  ────────────────────────────────────────────────────────────────────────────  
   FAILED  Tests\Feature\ServiceApiTest > can filter service…  QueryException   
  SQLSTATE[HY000]: General error: 1 near "(": syntax error (Connection: sqlite, SQL: create table "knowledge_base" ("id" varchar not null, "tenant_id" varchar not null, "title" text not null, "content" text not null, "category" text, "subcategory" text, "industry_codes" text, "embedding_status" varchar not null default 'pending', "embedding" text, "is_public" tinyint(1) not null default '1', "allowed_agents" text, "source" varchar, "source_url" text, "validation_status" varchar not null default 'unverified', "validated_at" datetime, "validated_by" varchar, "usage_count" integer not null default '0', "helpful_count" integer not null default '0', "not_helpful_count" integer not null default '0', "tags" text, "metadata" text, "created_by" varchar, "created_at" datetime not null default NOW(), "updated_at" datetime not null default NOW(), primary key ("id")))

  at vendor/laravel/framework/src/Illuminate/Database/Connection.php:826
    822▕                     $this->getName(), $query, $this->prepareBindings($bindings), $e
    823▕                 );
    824▕             }
    825▕ 
  ➜ 826▕             throw new QueryException(
    827▕                 $this->getName(), $query, $this->prepareBindings($bindings), $e
    828▕             );
    829▕         }
    830▕     }

      [2m+10 vendor frames [22m
  11  database/migrations/2024_12_01_000002_create_knowledge_base_table.php:16

  ────────────────────────────────────────────────────────────────────────────  
   FAILED  Tests\Feature\ServiceApiTest > can filter service…  QueryException   
  SQLSTATE[HY000]: General error: 1 near "(": syntax error (Connection: sqlite, SQL: create table "knowledge_base" ("id" varchar not null, "tenant_id" varchar not null, "title" text not null, "content" text not null, "category" text, "subcategory" text, "industry_codes" text, "embedding_status" varchar not null default 'pending', "embedding" text, "is_public" tinyint(1) not null default '1', "allowed_agents" text, "source" varchar, "source_url" text, "validation_status" varchar not null default 'unverified', "validated_at" datetime, "validated_by" varchar, "usage_count" integer not null default '0', "helpful_count" integer not null default '0', "not_helpful_count" integer not null default '0', "tags" text, "metadata" text, "created_by" varchar, "created_at" datetime not null default NOW(), "updated_at" datetime not null default NOW(), primary key ("id")))

  at vendor/laravel/framework/src/Illuminate/Database/Connection.php:826
    822▕                     $this->getName(), $query, $this->prepareBindings($bindings), $e
    823▕                 );
    824▕             }
    825▕ 
  ➜ 826▕             throw new QueryException(
    827▕                 $this->getName(), $query, $this->prepareBindings($bindings), $e
    828▕             );
    829▕         }
    830▕     }

      [2m+10 vendor frames [22m
  11  database/migrations/2024_12_01_000002_create_knowledge_base_table.php:16

  ────────────────────────────────────────────────────────────────────────────  
   FAILED  Tests\Feature\ServiceApiTest > can filter active…   QueryException   
  SQLSTATE[HY000]: General error: 1 near "(": syntax error (Connection: sqlite, SQL: create table "knowledge_base" ("id" varchar not null, "tenant_id" varchar not null, "title" text not null, "content" text not null, "category" text, "subcategory" text, "industry_codes" text, "embedding_status" varchar not null default 'pending', "embedding" text, "is_public" tinyint(1) not null default '1', "allowed_agents" text, "source" varchar, "source_url" text, "validation_status" varchar not null default 'unverified', "validated_at" datetime, "validated_by" varchar, "usage_count" integer not null default '0', "helpful_count" integer not null default '0', "not_helpful_count" integer not null default '0', "tags" text, "metadata" text, "created_by" varchar, "created_at" datetime not null default NOW(), "updated_at" datetime not null default NOW(), primary key ("id")))

  at vendor/laravel/framework/src/Illuminate/Database/Connection.php:826
    822▕                     $this->getName(), $query, $this->prepareBindings($bindings), $e
    823▕                 );
    824▕             }
    825▕ 
  ➜ 826▕             throw new QueryException(
    827▕                 $this->getName(), $query, $this->prepareBindings($bindings), $e
    828▕             );
    829▕         }
    830▕     }

      [2m+10 vendor frames [22m
  11  database/migrations/2024_12_01_000002_create_knowledge_base_table.php:16

  ────────────────────────────────────────────────────────────────────────────  
   FAILED  Tests\Feature\ServiceCategoryApiTest > can list s…  QueryException   
  SQLSTATE[HY000]: General error: 1 near "(": syntax error (Connection: sqlite, SQL: create table "knowledge_base" ("id" varchar not null, "tenant_id" varchar not null, "title" text not null, "content" text not null, "category" text, "subcategory" text, "industry_codes" text, "embedding_status" varchar not null default 'pending', "embedding" text, "is_public" tinyint(1) not null default '1', "allowed_agents" text, "source" varchar, "source_url" text, "validation_status" varchar not null default 'unverified', "validated_at" datetime, "validated_by" varchar, "usage_count" integer not null default '0', "helpful_count" integer not null default '0', "not_helpful_count" integer not null default '0', "tags" text, "metadata" text, "created_by" varchar, "created_at" datetime not null default NOW(), "updated_at" datetime not null default NOW(), primary key ("id")))

  at vendor/laravel/framework/src/Illuminate/Database/Connection.php:826
    822▕                     $this->getName(), $query, $this->prepareBindings($bindings), $e
    823▕                 );
    824▕             }
    825▕ 
  ➜ 826▕             throw new QueryException(
    827▕                 $this->getName(), $query, $this->prepareBindings($bindings), $e
    828▕             );
    829▕         }
    830▕     }

      [2m+10 vendor frames [22m
  11  database/migrations/2024_12_01_000002_create_knowledge_base_table.php:16

  ────────────────────────────────────────────────────────────────────────────  
   FAILED  Tests\Feature\ServiceCategoryApiTest > can show s…  QueryException   
  SQLSTATE[HY000]: General error: 1 near "(": syntax error (Connection: sqlite, SQL: create table "knowledge_base" ("id" varchar not null, "tenant_id" varchar not null, "title" text not null, "content" text not null, "category" text, "subcategory" text, "industry_codes" text, "embedding_status" varchar not null default 'pending', "embedding" text, "is_public" tinyint(1) not null default '1', "allowed_agents" text, "source" varchar, "source_url" text, "validation_status" varchar not null default 'unverified', "validated_at" datetime, "validated_by" varchar, "usage_count" integer not null default '0', "helpful_count" integer not null default '0', "not_helpful_count" integer not null default '0', "tags" text, "metadata" text, "created_by" varchar, "created_at" datetime not null default NOW(), "updated_at" datetime not null default NOW(), primary key ("id")))

  at vendor/laravel/framework/src/Illuminate/Database/Connection.php:826
    822▕                     $this->getName(), $query, $this->prepareBindings($bindings), $e
    823▕                 );
    824▕             }
    825▕ 
  ➜ 826▕             throw new QueryException(
    827▕                 $this->getName(), $query, $this->prepareBindings($bindings), $e
    828▕             );
    829▕         }
    830▕     }

      [2m+10 vendor frames [22m
  11  database/migrations/2024_12_01_000002_create_knowledge_base_table.php:16

  ────────────────────────────────────────────────────────────────────────────  
   FAILED  Tests\Feature\ServiceCategoryApiTest > can list s…  QueryException   
  SQLSTATE[HY000]: General error: 1 near "(": syntax error (Connection: sqlite, SQL: create table "knowledge_base" ("id" varchar not null, "tenant_id" varchar not null, "title" text not null, "content" text not null, "category" text, "subcategory" text, "industry_codes" text, "embedding_status" varchar not null default 'pending', "embedding" text, "is_public" tinyint(1) not null default '1', "allowed_agents" text, "source" varchar, "source_url" text, "validation_status" varchar not null default 'unverified', "validated_at" datetime, "validated_by" varchar, "usage_count" integer not null default '0', "helpful_count" integer not null default '0', "not_helpful_count" integer not null default '0', "tags" text, "metadata" text, "created_by" varchar, "created_at" datetime not null default NOW(), "updated_at" datetime not null default NOW(), primary key ("id")))

  at vendor/laravel/framework/src/Illuminate/Database/Connection.php:826
    822▕                     $this->getName(), $query, $this->prepareBindings($bindings), $e
    823▕                 );
    824▕             }
    825▕ 
  ➜ 826▕             throw new QueryException(
    827▕                 $this->getName(), $query, $this->prepareBindings($bindings), $e
    828▕             );
    829▕         }
    830▕     }

      [2m+10 vendor frames [22m
  11  database/migrations/2024_12_01_000002_create_knowledge_base_table.php:16

  ────────────────────────────────────────────────────────────────────────────  
   FAILED  Tests\Feature\ServiceCategoryApiTest > can create…  QueryException   
  SQLSTATE[HY000]: General error: 1 near "(": syntax error (Connection: sqlite, SQL: create table "knowledge_base" ("id" varchar not null, "tenant_id" varchar not null, "title" text not null, "content" text not null, "category" text, "subcategory" text, "industry_codes" text, "embedding_status" varchar not null default 'pending', "embedding" text, "is_public" tinyint(1) not null default '1', "allowed_agents" text, "source" varchar, "source_url" text, "validation_status" varchar not null default 'unverified', "validated_at" datetime, "validated_by" varchar, "usage_count" integer not null default '0', "helpful_count" integer not null default '0', "not_helpful_count" integer not null default '0', "tags" text, "metadata" text, "created_by" varchar, "created_at" datetime not null default NOW(), "updated_at" datetime not null default NOW(), primary key ("id")))

  at vendor/laravel/framework/src/Illuminate/Database/Connection.php:826
    822▕                     $this->getName(), $query, $this->prepareBindings($bindings), $e
    823▕                 );
    824▕             }
    825▕ 
  ➜ 826▕             throw new QueryException(
    827▕                 $this->getName(), $query, $this->prepareBindings($bindings), $e
    828▕             );
    829▕         }
    830▕     }

      [2m+10 vendor frames [22m
  11  database/migrations/2024_12_01_000002_create_knowledge_base_table.php:16

  ────────────────────────────────────────────────────────────────────────────  
   FAILED  Tests\Feature\ServiceCategoryApiTest > can update…  QueryException   
  SQLSTATE[HY000]: General error: 1 near "(": syntax error (Connection: sqlite, SQL: create table "knowledge_base" ("id" varchar not null, "tenant_id" varchar not null, "title" text not null, "content" text not null, "category" text, "subcategory" text, "industry_codes" text, "embedding_status" varchar not null default 'pending', "embedding" text, "is_public" tinyint(1) not null default '1', "allowed_agents" text, "source" varchar, "source_url" text, "validation_status" varchar not null default 'unverified', "validated_at" datetime, "validated_by" varchar, "usage_count" integer not null default '0', "helpful_count" integer not null default '0', "not_helpful_count" integer not null default '0', "tags" text, "metadata" text, "created_by" varchar, "created_at" datetime not null default NOW(), "updated_at" datetime not null default NOW(), primary key ("id")))

  at vendor/laravel/framework/src/Illuminate/Database/Connection.php:826
    822▕                     $this->getName(), $query, $this->prepareBindings($bindings), $e
    823▕                 );
    824▕             }
    825▕ 
  ➜ 826▕             throw new QueryException(
    827▕                 $this->getName(), $query, $this->prepareBindings($bindings), $e
    828▕             );
    829▕         }
    830▕     }

      [2m+10 vendor frames [22m
  11  database/migrations/2024_12_01_000002_create_knowledge_base_table.php:16

  ────────────────────────────────────────────────────────────────────────────  
   FAILED  Tests\Feature\ServiceCategoryApiTest > can delete…  QueryException   
  SQLSTATE[HY000]: General error: 1 near "(": syntax error (Connection: sqlite, SQL: create table "knowledge_base" ("id" varchar not null, "tenant_id" varchar not null, "title" text not null, "content" text not null, "category" text, "subcategory" text, "industry_codes" text, "embedding_status" varchar not null default 'pending', "embedding" text, "is_public" tinyint(1) not null default '1', "allowed_agents" text, "source" varchar, "source_url" text, "validation_status" varchar not null default 'unverified', "validated_at" datetime, "validated_by" varchar, "usage_count" integer not null default '0', "helpful_count" integer not null default '0', "not_helpful_count" integer not null default '0', "tags" text, "metadata" text, "created_by" varchar, "created_at" datetime not null default NOW(), "updated_at" datetime not null default NOW(), primary key ("id")))

  at vendor/laravel/framework/src/Illuminate/Database/Connection.php:826
    822▕                     $this->getName(), $query, $this->prepareBindings($bindings), $e
    823▕                 );
    824▕             }
    825▕ 
  ➜ 826▕             throw new QueryException(
    827▕                 $this->getName(), $query, $this->prepareBindings($bindings), $e
    828▕             );
    829▕         }
    830▕     }

      [2m+10 vendor frames [22m
  11  database/migrations/2024_12_01_000002_create_knowledge_base_table.php:16

  ────────────────────────────────────────────────────────────────────────────  
   FAILED  Tests\Feature\StripeWebhookTest > can handle paym…  QueryException   
  SQLSTATE[HY000]: General error: 1 near "(": syntax error (Connection: sqlite, SQL: create table "knowledge_base" ("id" varchar not null, "tenant_id" varchar not null, "title" text not null, "content" text not null, "category" text, "subcategory" text, "industry_codes" text, "embedding_status" varchar not null default 'pending', "embedding" text, "is_public" tinyint(1) not null default '1', "allowed_agents" text, "source" varchar, "source_url" text, "validation_status" varchar not null default 'unverified', "validated_at" datetime, "validated_by" varchar, "usage_count" integer not null default '0', "helpful_count" integer not null default '0', "not_helpful_count" integer not null default '0', "tags" text, "metadata" text, "created_by" varchar, "created_at" datetime not null default NOW(), "updated_at" datetime not null default NOW(), primary key ("id")))

  at vendor/laravel/framework/src/Illuminate/Database/Connection.php:826
    822▕                     $this->getName(), $query, $this->prepareBindings($bindings), $e
    823▕                 );
    824▕             }
    825▕ 
  ➜ 826▕             throw new QueryException(
    827▕                 $this->getName(), $query, $this->prepareBindings($bindings), $e
    828▕             );
    829▕         }
    830▕     }

      [2m+10 vendor frames [22m
  11  database/migrations/2024_12_01_000002_create_knowledge_base_table.php:16

  ────────────────────────────────────────────────────────────────────────────  
   FAILED  Tests\Feature\StripeWebhookTest > can handle invo…  QueryException   
  SQLSTATE[HY000]: General error: 1 near "(": syntax error (Connection: sqlite, SQL: create table "knowledge_base" ("id" varchar not null, "tenant_id" varchar not null, "title" text not null, "content" text not null, "category" text, "subcategory" text, "industry_codes" text, "embedding_status" varchar not null default 'pending', "embedding" text, "is_public" tinyint(1) not null default '1', "allowed_agents" text, "source" varchar, "source_url" text, "validation_status" varchar not null default 'unverified', "validated_at" datetime, "validated_by" varchar, "usage_count" integer not null default '0', "helpful_count" integer not null default '0', "not_helpful_count" integer not null default '0', "tags" text, "metadata" text, "created_by" varchar, "created_at" datetime not null default NOW(), "updated_at" datetime not null default NOW(), primary key ("id")))

  at vendor/laravel/framework/src/Illuminate/Database/Connection.php:826
    822▕                     $this->getName(), $query, $this->prepareBindings($bindings), $e
    823▕                 );
    824▕             }
    825▕ 
  ➜ 826▕             throw new QueryException(
    827▕                 $this->getName(), $query, $this->prepareBindings($bindings), $e
    828▕             );
    829▕         }
    830▕     }

      [2m+10 vendor frames [22m
  11  database/migrations/2024_12_01_000002_create_knowledge_base_table.php:16

  ────────────────────────────────────────────────────────────────────────────  
   FAILED  Tests\Feature\StripeWebhookTest > can handle cust…  QueryException   
  SQLSTATE[HY000]: General error: 1 near "(": syntax error (Connection: sqlite, SQL: create table "knowledge_base" ("id" varchar not null, "tenant_id" varchar not null, "title" text not null, "content" text not null, "category" text, "subcategory" text, "industry_codes" text, "embedding_status" varchar not null default 'pending', "embedding" text, "is_public" tinyint(1) not null default '1', "allowed_agents" text, "source" varchar, "source_url" text, "validation_status" varchar not null default 'unverified', "validated_at" datetime, "validated_by" varchar, "usage_count" integer not null default '0', "helpful_count" integer not null default '0', "not_helpful_count" integer not null default '0', "tags" text, "metadata" text, "created_by" varchar, "created_at" datetime not null default NOW(), "updated_at" datetime not null default NOW(), primary key ("id")))

  at vendor/laravel/framework/src/Illuminate/Database/Connection.php:826
    822▕                     $this->getName(), $query, $this->prepareBindings($bindings), $e
    823▕                 );
    824▕             }
    825▕ 
  ➜ 826▕             throw new QueryException(
    827▕                 $this->getName(), $query, $this->prepareBindings($bindings), $e
    828▕             );
    829▕         }
    830▕     }

      [2m+10 vendor frames [22m
  11  database/migrations/2024_12_01_000002_create_knowledge_base_table.php:16

  ────────────────────────────────────────────────────────────────────────────  
   FAILED  Tests\Feature\StripeWebhookTest > can handle cust…  QueryException   
  SQLSTATE[HY000]: General error: 1 near "(": syntax error (Connection: sqlite, SQL: create table "knowledge_base" ("id" varchar not null, "tenant_id" varchar not null, "title" text not null, "content" text not null, "category" text, "subcategory" text, "industry_codes" text, "embedding_status" varchar not null default 'pending', "embedding" text, "is_public" tinyint(1) not null default '1', "allowed_agents" text, "source" varchar, "source_url" text, "validation_status" varchar not null default 'unverified', "validated_at" datetime, "validated_by" varchar, "usage_count" integer not null default '0', "helpful_count" integer not null default '0', "not_helpful_count" integer not null default '0', "tags" text, "metadata" text, "created_by" varchar, "created_at" datetime not null default NOW(), "updated_at" datetime not null default NOW(), primary key ("id")))

  at vendor/laravel/framework/src/Illuminate/Database/Connection.php:826
    822▕                     $this->getName(), $query, $this->prepareBindings($bindings), $e
    823▕                 );
    824▕             }
    825▕ 
  ➜ 826▕             throw new QueryException(
    827▕                 $this->getName(), $query, $this->prepareBindings($bindings), $e
    828▕             );
    829▕         }
    830▕     }

      [2m+10 vendor frames [22m
  11  database/migrations/2024_12_01_000002_create_knowledge_base_table.php:16

  ────────────────────────────────────────────────────────────────────────────  
   FAILED  Tests\Feature\StripeWebhookTest > ignores unknown…  QueryException   
  SQLSTATE[HY000]: General error: 1 near "(": syntax error (Connection: sqlite, SQL: create table "knowledge_base" ("id" varchar not null, "tenant_id" varchar not null, "title" text not null, "content" text not null, "category" text, "subcategory" text, "industry_codes" text, "embedding_status" varchar not null default 'pending', "embedding" text, "is_public" tinyint(1) not null default '1', "allowed_agents" text, "source" varchar, "source_url" text, "validation_status" varchar not null default 'unverified', "validated_at" datetime, "validated_by" varchar, "usage_count" integer not null default '0', "helpful_count" integer not null default '0', "not_helpful_count" integer not null default '0', "tags" text, "metadata" text, "created_by" varchar, "created_at" datetime not null default NOW(), "updated_at" datetime not null default NOW(), primary key ("id")))

  at vendor/laravel/framework/src/Illuminate/Database/Connection.php:826
    822▕                     $this->getName(), $query, $this->prepareBindings($bindings), $e
    823▕                 );
    824▕             }
    825▕ 
  ➜ 826▕             throw new QueryException(
    827▕                 $this->getName(), $query, $this->prepareBindings($bindings), $e
    828▕             );
    829▕         }
    830▕     }

      [2m+10 vendor frames [22m
  11  database/migrations/2024_12_01_000002_create_knowledge_base_table.php:16

  ────────────────────────────────────────────────────────────────────────────  
   FAILED  Tests\Feature\SurveyApiTest > can list survey sec…  QueryException   
  SQLSTATE[HY000]: General error: 1 near "(": syntax error (Connection: sqlite, SQL: create table "knowledge_base" ("id" varchar not null, "tenant_id" varchar not null, "title" text not null, "content" text not null, "category" text, "subcategory" text, "industry_codes" text, "embedding_status" varchar not null default 'pending', "embedding" text, "is_public" tinyint(1) not null default '1', "allowed_agents" text, "source" varchar, "source_url" text, "validation_status" varchar not null default 'unverified', "validated_at" datetime, "validated_by" varchar, "usage_count" integer not null default '0', "helpful_count" integer not null default '0', "not_helpful_count" integer not null default '0', "tags" text, "metadata" text, "created_by" varchar, "created_at" datetime not null default NOW(), "updated_at" datetime not null default NOW(), primary key ("id")))

  at vendor/laravel/framework/src/Illuminate/Database/Connection.php:826
    822▕                     $this->getName(), $query, $this->prepareBindings($bindings), $e
    823▕                 );
    824▕             }
    825▕ 
  ➜ 826▕             throw new QueryException(
    827▕                 $this->getName(), $query, $this->prepareBindings($bindings), $e
    828▕             );
    829▕         }
    830▕     }

      [2m+10 vendor frames [22m
  11  database/migrations/2024_12_01_000002_create_knowledge_base_table.php:16

  ────────────────────────────────────────────────────────────────────────────  
   FAILED  Tests\Feature\SurveyApiTest > can create survey s…  QueryException   
  SQLSTATE[HY000]: General error: 1 near "(": syntax error (Connection: sqlite, SQL: create table "knowledge_base" ("id" varchar not null, "tenant_id" varchar not null, "title" text not null, "content" text not null, "category" text, "subcategory" text, "industry_codes" text, "embedding_status" varchar not null default 'pending', "embedding" text, "is_public" tinyint(1) not null default '1', "allowed_agents" text, "source" varchar, "source_url" text, "validation_status" varchar not null default 'unverified', "validated_at" datetime, "validated_by" varchar, "usage_count" integer not null default '0', "helpful_count" integer not null default '0', "not_helpful_count" integer not null default '0', "tags" text, "metadata" text, "created_by" varchar, "created_at" datetime not null default NOW(), "updated_at" datetime not null default NOW(), primary key ("id")))

  at vendor/laravel/framework/src/Illuminate/Database/Connection.php:826
    822▕                     $this->getName(), $query, $this->prepareBindings($bindings), $e
    823▕                 );
    824▕             }
    825▕ 
  ➜ 826▕             throw new QueryException(
    827▕                 $this->getName(), $query, $this->prepareBindings($bindings), $e
    828▕             );
    829▕         }
    830▕     }

      [2m+10 vendor frames [22m
  11  database/migrations/2024_12_01_000002_create_knowledge_base_table.php:16

  ────────────────────────────────────────────────────────────────────────────  
   FAILED  Tests\Feature\SurveyApiTest > can update survey s…  QueryException   
  SQLSTATE[HY000]: General error: 1 near "(": syntax error (Connection: sqlite, SQL: create table "knowledge_base" ("id" varchar not null, "tenant_id" varchar not null, "title" text not null, "content" text not null, "category" text, "subcategory" text, "industry_codes" text, "embedding_status" varchar not null default 'pending', "embedding" text, "is_public" tinyint(1) not null default '1', "allowed_agents" text, "source" varchar, "source_url" text, "validation_status" varchar not null default 'unverified', "validated_at" datetime, "validated_by" varchar, "usage_count" integer not null default '0', "helpful_count" integer not null default '0', "not_helpful_count" integer not null default '0', "tags" text, "metadata" text, "created_by" varchar, "created_at" datetime not null default NOW(), "updated_at" datetime not null default NOW(), primary key ("id")))

  at vendor/laravel/framework/src/Illuminate/Database/Connection.php:826
    822▕                     $this->getName(), $query, $this->prepareBindings($bindings), $e
    823▕                 );
    824▕             }
    825▕ 
  ➜ 826▕             throw new QueryException(
    827▕                 $this->getName(), $query, $this->prepareBindings($bindings), $e
    828▕             );
    829▕         }
    830▕     }

      [2m+10 vendor frames [22m
  11  database/migrations/2024_12_01_000002_create_knowledge_base_table.php:16

  ────────────────────────────────────────────────────────────────────────────  
   FAILED  Tests\Feature\SurveyApiTest > can delete survey s…  QueryException   
  SQLSTATE[HY000]: General error: 1 near "(": syntax error (Connection: sqlite, SQL: create table "knowledge_base" ("id" varchar not null, "tenant_id" varchar not null, "title" text not null, "content" text not null, "category" text, "subcategory" text, "industry_codes" text, "embedding_status" varchar not null default 'pending', "embedding" text, "is_public" tinyint(1) not null default '1', "allowed_agents" text, "source" varchar, "source_url" text, "validation_status" varchar not null default 'unverified', "validated_at" datetime, "validated_by" varchar, "usage_count" integer not null default '0', "helpful_count" integer not null default '0', "not_helpful_count" integer not null default '0', "tags" text, "metadata" text, "created_by" varchar, "created_at" datetime not null default NOW(), "updated_at" datetime not null default NOW(), primary key ("id")))

  at vendor/laravel/framework/src/Illuminate/Database/Connection.php:826
    822▕                     $this->getName(), $query, $this->prepareBindings($bindings), $e
    823▕                 );
    824▕             }
    825▕ 
  ➜ 826▕             throw new QueryException(
    827▕                 $this->getName(), $query, $this->prepareBindings($bindings), $e
    828▕             );
    829▕         }
    830▕     }

      [2m+10 vendor frames [22m
  11  database/migrations/2024_12_01_000002_create_knowledge_base_table.php:16

  ────────────────────────────────────────────────────────────────────────────  
   FAILED  Tests\Feature\SurveyApiTest > can list questions…   QueryException   
  SQLSTATE[HY000]: General error: 1 near "(": syntax error (Connection: sqlite, SQL: create table "knowledge_base" ("id" varchar not null, "tenant_id" varchar not null, "title" text not null, "content" text not null, "category" text, "subcategory" text, "industry_codes" text, "embedding_status" varchar not null default 'pending', "embedding" text, "is_public" tinyint(1) not null default '1', "allowed_agents" text, "source" varchar, "source_url" text, "validation_status" varchar not null default 'unverified', "validated_at" datetime, "validated_by" varchar, "usage_count" integer not null default '0', "helpful_count" integer not null default '0', "not_helpful_count" integer not null default '0', "tags" text, "metadata" text, "created_by" varchar, "created_at" datetime not null default NOW(), "updated_at" datetime not null default NOW(), primary key ("id")))

  at vendor/laravel/framework/src/Illuminate/Database/Connection.php:826
    822▕                     $this->getName(), $query, $this->prepareBindings($bindings), $e
    823▕                 );
    824▕             }
    825▕ 
  ➜ 826▕             throw new QueryException(
    827▕                 $this->getName(), $query, $this->prepareBindings($bindings), $e
    828▕             );
    829▕         }
    830▕     }

      [2m+10 vendor frames [22m
  11  database/migrations/2024_12_01_000002_create_knowledge_base_table.php:16

  ────────────────────────────────────────────────────────────────────────────  
   FAILED  Tests\Feature\SurveyApiTest > can create survey q…  QueryException   
  SQLSTATE[HY000]: General error: 1 near "(": syntax error (Connection: sqlite, SQL: create table "knowledge_base" ("id" varchar not null, "tenant_id" varchar not null, "title" text not null, "content" text not null, "category" text, "subcategory" text, "industry_codes" text, "embedding_status" varchar not null default 'pending', "embedding" text, "is_public" tinyint(1) not null default '1', "allowed_agents" text, "source" varchar, "source_url" text, "validation_status" varchar not null default 'unverified', "validated_at" datetime, "validated_by" varchar, "usage_count" integer not null default '0', "helpful_count" integer not null default '0', "not_helpful_count" integer not null default '0', "tags" text, "metadata" text, "created_by" varchar, "created_at" datetime not null default NOW(), "updated_at" datetime not null default NOW(), primary key ("id")))

  at vendor/laravel/framework/src/Illuminate/Database/Connection.php:826
    822▕                     $this->getName(), $query, $this->prepareBindings($bindings), $e
    823▕                 );
    824▕             }
    825▕ 
  ➜ 826▕             throw new QueryException(
    827▕                 $this->getName(), $query, $this->prepareBindings($bindings), $e
    828▕             );
    829▕         }
    830▕     }

      [2m+10 vendor frames [22m
  11  database/migrations/2024_12_01_000002_create_knowledge_base_table.php:16

  ────────────────────────────────────────────────────────────────────────────  
   FAILED  Tests\Feature\SurveyApiTest > can update survey q…  QueryException   
  SQLSTATE[HY000]: General error: 1 near "(": syntax error (Connection: sqlite, SQL: create table "knowledge_base" ("id" varchar not null, "tenant_id" varchar not null, "title" text not null, "content" text not null, "category" text, "subcategory" text, "industry_codes" text, "embedding_status" varchar not null default 'pending', "embedding" text, "is_public" tinyint(1) not null default '1', "allowed_agents" text, "source" varchar, "source_url" text, "validation_status" varchar not null default 'unverified', "validated_at" datetime, "validated_by" varchar, "usage_count" integer not null default '0', "helpful_count" integer not null default '0', "not_helpful_count" integer not null default '0', "tags" text, "metadata" text, "created_by" varchar, "created_at" datetime not null default NOW(), "updated_at" datetime not null default NOW(), primary key ("id")))

  at vendor/laravel/framework/src/Illuminate/Database/Connection.php:826
    822▕                     $this->getName(), $query, $this->prepareBindings($bindings), $e
    823▕                 );
    824▕             }
    825▕ 
  ➜ 826▕             throw new QueryException(
    827▕                 $this->getName(), $query, $this->prepareBindings($bindings), $e
    828▕             );
    829▕         }
    830▕     }

      [2m+10 vendor frames [22m
  11  database/migrations/2024_12_01_000002_create_knowledge_base_table.php:16

  ────────────────────────────────────────────────────────────────────────────  
   FAILED  Tests\Feature\SurveyApiTest > can delete survey q…  QueryException   
  SQLSTATE[HY000]: General error: 1 near "(": syntax error (Connection: sqlite, SQL: create table "knowledge_base" ("id" varchar not null, "tenant_id" varchar not null, "title" text not null, "content" text not null, "category" text, "subcategory" text, "industry_codes" text, "embedding_status" varchar not null default 'pending', "embedding" text, "is_public" tinyint(1) not null default '1', "allowed_agents" text, "source" varchar, "source_url" text, "validation_status" varchar not null default 'unverified', "validated_at" datetime, "validated_by" varchar, "usage_count" integer not null default '0', "helpful_count" integer not null default '0', "not_helpful_count" integer not null default '0', "tags" text, "metadata" text, "created_by" varchar, "created_at" datetime not null default NOW(), "updated_at" datetime not null default NOW(), primary key ("id")))

  at vendor/laravel/framework/src/Illuminate/Database/Connection.php:826
    822▕                     $this->getName(), $query, $this->prepareBindings($bindings), $e
    823▕                 );
    824▕             }
    825▕ 
  ➜ 826▕             throw new QueryException(
    827▕                 $this->getName(), $query, $this->prepareBindings($bindings), $e
    828▕             );
    829▕         }
    830▕     }

      [2m+10 vendor frames [22m
  11  database/migrations/2024_12_01_000002_create_knowledge_base_table.php:16

  ────────────────────────────────────────────────────────────────────────────  
   FAILED  Tests\Feature\TTSApiTest > can generate audio fro…  QueryException   
  SQLSTATE[HY000]: General error: 1 near "(": syntax error (Connection: sqlite, SQL: create table "knowledge_base" ("id" varchar not null, "tenant_id" varchar not null, "title" text not null, "content" text not null, "category" text, "subcategory" text, "industry_codes" text, "embedding_status" varchar not null default 'pending', "embedding" text, "is_public" tinyint(1) not null default '1', "allowed_agents" text, "source" varchar, "source_url" text, "validation_status" varchar not null default 'unverified', "validated_at" datetime, "validated_by" varchar, "usage_count" integer not null default '0', "helpful_count" integer not null default '0', "not_helpful_count" integer not null default '0', "tags" text, "metadata" text, "created_by" varchar, "created_at" datetime not null default NOW(), "updated_at" datetime not null default NOW(), primary key ("id")))

  at vendor/laravel/framework/src/Illuminate/Database/Connection.php:826
    822▕                     $this->getName(), $query, $this->prepareBindings($bindings), $e
    823▕                 );
    824▕             }
    825▕ 
  ➜ 826▕             throw new QueryException(
    827▕                 $this->getName(), $query, $this->prepareBindings($bindings), $e
    828▕             );
    829▕         }
    830▕     }

      [2m+10 vendor frames [22m
  11  database/migrations/2024_12_01_000002_create_knowledge_base_table.php:16

  ────────────────────────────────────────────────────────────────────────────  
   FAILED  Tests\Feature\TTSApiTest > can get generation sta…  QueryException   
  SQLSTATE[HY000]: General error: 1 near "(": syntax error (Connection: sqlite, SQL: create table "knowledge_base" ("id" varchar not null, "tenant_id" varchar not null, "title" text not null, "content" text not null, "category" text, "subcategory" text, "industry_codes" text, "embedding_status" varchar not null default 'pending', "embedding" text, "is_public" tinyint(1) not null default '1', "allowed_agents" text, "source" varchar, "source_url" text, "validation_status" varchar not null default 'unverified', "validated_at" datetime, "validated_by" varchar, "usage_count" integer not null default '0', "helpful_count" integer not null default '0', "not_helpful_count" integer not null default '0', "tags" text, "metadata" text, "created_by" varchar, "created_at" datetime not null default NOW(), "updated_at" datetime not null default NOW(), primary key ("id")))

  at vendor/laravel/framework/src/Illuminate/Database/Connection.php:826
    822▕                     $this->getName(), $query, $this->prepareBindings($bindings), $e
    823▕                 );
    824▕             }
    825▕ 
  ➜ 826▕             throw new QueryException(
    827▕                 $this->getName(), $query, $this->prepareBindings($bindings), $e
    828▕             );
    829▕         }
    830▕     }

      [2m+10 vendor frames [22m
  11  database/migrations/2024_12_01_000002_create_knowledge_base_table.php:16

  ────────────────────────────────────────────────────────────────────────────  
   FAILED  Tests\Feature\TTSApiTest > requires text for gene…  QueryException   
  SQLSTATE[HY000]: General error: 1 near "(": syntax error (Connection: sqlite, SQL: create table "knowledge_base" ("id" varchar not null, "tenant_id" varchar not null, "title" text not null, "content" text not null, "category" text, "subcategory" text, "industry_codes" text, "embedding_status" varchar not null default 'pending', "embedding" text, "is_public" tinyint(1) not null default '1', "allowed_agents" text, "source" varchar, "source_url" text, "validation_status" varchar not null default 'unverified', "validated_at" datetime, "validated_by" varchar, "usage_count" integer not null default '0', "helpful_count" integer not null default '0', "not_helpful_count" integer not null default '0', "tags" text, "metadata" text, "created_by" varchar, "created_at" datetime not null default NOW(), "updated_at" datetime not null default NOW(), primary key ("id")))

  at vendor/laravel/framework/src/Illuminate/Database/Connection.php:826
    822▕                     $this->getName(), $query, $this->prepareBindings($bindings), $e
    823▕                 );
    824▕             }
    825▕ 
  ➜ 826▕             throw new QueryException(
    827▕                 $this->getName(), $query, $this->prepareBindings($bindings), $e
    828▕             );
    829▕         }
    830▕     }

      [2m+10 vendor frames [22m
  11  database/migrations/2024_12_01_000002_create_knowledge_base_table.php:16

  ────────────────────────────────────────────────────────────────────────────  
   FAILED  Tests\Feature\TTSApiTest > can list available voi…  QueryException   
  SQLSTATE[HY000]: General error: 1 near "(": syntax error (Connection: sqlite, SQL: create table "knowledge_base" ("id" varchar not null, "tenant_id" varchar not null, "title" text not null, "content" text not null, "category" text, "subcategory" text, "industry_codes" text, "embedding_status" varchar not null default 'pending', "embedding" text, "is_public" tinyint(1) not null default '1', "allowed_agents" text, "source" varchar, "source_url" text, "validation_status" varchar not null default 'unverified', "validated_at" datetime, "validated_by" varchar, "usage_count" integer not null default '0', "helpful_count" integer not null default '0', "not_helpful_count" integer not null default '0', "tags" text, "metadata" text, "created_by" varchar, "created_at" datetime not null default NOW(), "updated_at" datetime not null default NOW(), primary key ("id")))

  at vendor/laravel/framework/src/Illuminate/Database/Connection.php:826
    822▕                     $this->getName(), $query, $this->prepareBindings($bindings), $e
    823▕                 );
    824▕             }
    825▕ 
  ➜ 826▕             throw new QueryException(
    827▕                 $this->getName(), $query, $this->prepareBindings($bindings), $e
    828▕             );
    829▕         }
    830▕     }

      [2m+10 vendor frames [22m
  11  database/migrations/2024_12_01_000002_create_knowledge_base_table.php:16

  ────────────────────────────────────────────────────────────────────────────  
   FAILED  Tests\Feature\TrainingApiTest > can list training…  QueryException   
  SQLSTATE[HY000]: General error: 1 near "(": syntax error (Connection: sqlite, SQL: create table "knowledge_base" ("id" varchar not null, "tenant_id" varchar not null, "title" text not null, "content" text not null, "category" text, "subcategory" text, "industry_codes" text, "embedding_status" varchar not null default 'pending', "embedding" text, "is_public" tinyint(1) not null default '1', "allowed_agents" text, "source" varchar, "source_url" text, "validation_status" varchar not null default 'unverified', "validated_at" datetime, "validated_by" varchar, "usage_count" integer not null default '0', "helpful_count" integer not null default '0', "not_helpful_count" integer not null default '0', "tags" text, "metadata" text, "created_by" varchar, "created_at" datetime not null default NOW(), "updated_at" datetime not null default NOW(), primary key ("id")))

  at vendor/laravel/framework/src/Illuminate/Database/Connection.php:826
    822▕                     $this->getName(), $query, $this->prepareBindings($bindings), $e
    823▕                 );
    824▕             }
    825▕ 
  ➜ 826▕             throw new QueryException(
    827▕                 $this->getName(), $query, $this->prepareBindings($bindings), $e
    828▕             );
    829▕         }
    830▕     }

      [2m+10 vendor frames [22m
  11  database/migrations/2024_12_01_000002_create_knowledge_base_table.php:16

  ────────────────────────────────────────────────────────────────────────────  
   FAILED  Tests\Feature\TrainingApiTest > can show training…  QueryException   
  SQLSTATE[HY000]: General error: 1 near "(": syntax error (Connection: sqlite, SQL: create table "knowledge_base" ("id" varchar not null, "tenant_id" varchar not null, "title" text not null, "content" text not null, "category" text, "subcategory" text, "industry_codes" text, "embedding_status" varchar not null default 'pending', "embedding" text, "is_public" tinyint(1) not null default '1', "allowed_agents" text, "source" varchar, "source_url" text, "validation_status" varchar not null default 'unverified', "validated_at" datetime, "validated_by" varchar, "usage_count" integer not null default '0', "helpful_count" integer not null default '0', "not_helpful_count" integer not null default '0', "tags" text, "metadata" text, "created_by" varchar, "created_at" datetime not null default NOW(), "updated_at" datetime not null default NOW(), primary key ("id")))

  at vendor/laravel/framework/src/Illuminate/Database/Connection.php:826
    822▕                     $this->getName(), $query, $this->prepareBindings($bindings), $e
    823▕                 );
    824▕             }
    825▕ 
  ➜ 826▕             throw new QueryException(
    827▕                 $this->getName(), $query, $this->prepareBindings($bindings), $e
    828▕             );
    829▕         }
    830▕     }

      [2m+10 vendor frames [22m
  11  database/migrations/2024_12_01_000002_create_knowledge_base_table.php:16

  ────────────────────────────────────────────────────────────────────────────  
   FAILED  Tests\Feature\TrainingApiTest > can enroll in tra…  QueryException   
  SQLSTATE[HY000]: General error: 1 near "(": syntax error (Connection: sqlite, SQL: create table "knowledge_base" ("id" varchar not null, "tenant_id" varchar not null, "title" text not null, "content" text not null, "category" text, "subcategory" text, "industry_codes" text, "embedding_status" varchar not null default 'pending', "embedding" text, "is_public" tinyint(1) not null default '1', "allowed_agents" text, "source" varchar, "source_url" text, "validation_status" varchar not null default 'unverified', "validated_at" datetime, "validated_by" varchar, "usage_count" integer not null default '0', "helpful_count" integer not null default '0', "not_helpful_count" integer not null default '0', "tags" text, "metadata" text, "created_by" varchar, "created_at" datetime not null default NOW(), "updated_at" datetime not null default NOW(), primary key ("id")))

  at vendor/laravel/framework/src/Illuminate/Database/Connection.php:826
    822▕                     $this->getName(), $query, $this->prepareBindings($bindings), $e
    823▕                 );
    824▕             }
    825▕ 
  ➜ 826▕             throw new QueryException(
    827▕                 $this->getName(), $query, $this->prepareBindings($bindings), $e
    828▕             );
    829▕         }
    830▕     }

      [2m+10 vendor frames [22m
  11  database/migrations/2024_12_01_000002_create_knowledge_base_table.php:16

  ────────────────────────────────────────────────────────────────────────────  
   FAILED  Tests\Feature\TrainingApiTest > can get user enro…  QueryException   
  SQLSTATE[HY000]: General error: 1 near "(": syntax error (Connection: sqlite, SQL: create table "knowledge_base" ("id" varchar not null, "tenant_id" varchar not null, "title" text not null, "content" text not null, "category" text, "subcategory" text, "industry_codes" text, "embedding_status" varchar not null default 'pending', "embedding" text, "is_public" tinyint(1) not null default '1', "allowed_agents" text, "source" varchar, "source_url" text, "validation_status" varchar not null default 'unverified', "validated_at" datetime, "validated_by" varchar, "usage_count" integer not null default '0', "helpful_count" integer not null default '0', "not_helpful_count" integer not null default '0', "tags" text, "metadata" text, "created_by" varchar, "created_at" datetime not null default NOW(), "updated_at" datetime not null default NOW(), primary key ("id")))

  at vendor/laravel/framework/src/Illuminate/Database/Connection.php:826
    822▕                     $this->getName(), $query, $this->prepareBindings($bindings), $e
    823▕                 );
    824▕             }
    825▕ 
  ➜ 826▕             throw new QueryException(
    827▕                 $this->getName(), $query, $this->prepareBindings($bindings), $e
    828▕             );
    829▕         }
    830▕     }

      [2m+10 vendor frames [22m
  11  database/migrations/2024_12_01_000002_create_knowledge_base_table.php:16


  Tests:    156 failed, 1 passed (1 assertions)
  Duration: 2.01s

